<?xml version="1.0" encoding="ISO-8859-1" ?>
<link_info>
   <banner>TI ARM Linker PC v18.1.5.LTS</banner>
   <copyright>Copyright (c) 1996-2018 Texas Instruments Incorporated</copyright>
   <link_time>0x5d12abd9</link_time>
   <link_errors>0x0</link_errors>
   <output_file>boostxl_edumkii_microphonefft_msp432p401r_MSP_EXP432P401R_nortos_ccs.out</output_file>
   <entry_point>
      <name>_c_int00_noargs</name>
      <address>0x1482d</address>
   </entry_point>
   <input_file_list>
      <input_file id="fl-2">
         <path>.\</path>
         <kind>object</kind>
         <file>Calculos.obj</file>
         <name>Calculos.obj</name>
      </input_file>
      <input_file id="fl-3">
         <path>.\</path>
         <kind>object</kind>
         <file>Timer_Interrupt.obj</file>
         <name>Timer_Interrupt.obj</name>
      </input_file>
      <input_file id="fl-4">
         <path>.\</path>
         <kind>object</kind>
         <file>main.obj</file>
         <name>main.obj</name>
      </input_file>
      <input_file id="fl-5">
         <path>.\</path>
         <kind>object</kind>
         <file>system_msp432p401r.obj</file>
         <name>system_msp432p401r.obj</name>
      </input_file>
      <input_file id="fl-6">
         <path>.\</path>
         <kind>object</kind>
         <file>uart.obj</file>
         <name>uart.obj</name>
      </input_file>
      <input_file id="fl-7">
         <path>.\ccs\</path>
         <kind>object</kind>
         <file>startup_msp432p401r_ccs.obj</file>
         <name>startup_msp432p401r_ccs.obj</name>
      </input_file>
      <input_file id="fl-13">
         <kind>object</kind>
         <file>&lt;internal&gt;</file>
         <name>&lt;internal&gt;</name>
      </input_file>
      <input_file id="fl-14">
         <path>C:\ti\simplelink_msp432p4_sdk_3_10_00_08\source\third_party\CMSIS\DSP_Lib\lib\ccs\m4f\</path>
         <kind>archive</kind>
         <file>arm_cortexM4lf_math.a</file>
         <name>arm_rfft_init_q15.o</name>
      </input_file>
      <input_file id="fl-15">
         <path>C:\ti\simplelink_msp432p4_sdk_3_10_00_08\source\third_party\CMSIS\DSP_Lib\lib\ccs\m4f\</path>
         <kind>archive</kind>
         <file>arm_cortexM4lf_math.a</file>
         <name>arm_rfft_q15.o</name>
      </input_file>
      <input_file id="fl-16">
         <path>C:\ti\simplelink_msp432p4_sdk_3_10_00_08\source\third_party\CMSIS\DSP_Lib\lib\ccs\m4f\</path>
         <kind>archive</kind>
         <file>arm_cortexM4lf_math.a</file>
         <name>arm_const_structs.o</name>
      </input_file>
      <input_file id="fl-17">
         <path>C:\ti\simplelink_msp432p4_sdk_3_10_00_08\source\third_party\CMSIS\DSP_Lib\lib\ccs\m4f\</path>
         <kind>archive</kind>
         <file>arm_cortexM4lf_math.a</file>
         <name>arm_cfft_q15.o</name>
      </input_file>
      <input_file id="fl-18">
         <path>C:\ti\simplelink_msp432p4_sdk_3_10_00_08\source\third_party\CMSIS\DSP_Lib\lib\ccs\m4f\</path>
         <kind>archive</kind>
         <file>arm_cortexM4lf_math.a</file>
         <name>arm_cfft_radix4_q15.o</name>
      </input_file>
      <input_file id="fl-19">
         <path>C:\ti\simplelink_msp432p4_sdk_3_10_00_08\source\third_party\CMSIS\DSP_Lib\lib\ccs\m4f\</path>
         <kind>archive</kind>
         <file>arm_cortexM4lf_math.a</file>
         <name>arm_rfft_init_q31.o</name>
      </input_file>
      <input_file id="fl-1a">
         <path>C:\ti\simplelink_msp432p4_sdk_3_10_00_08\source\third_party\CMSIS\DSP_Lib\lib\ccs\m4f\</path>
         <kind>archive</kind>
         <file>arm_cortexM4lf_math.a</file>
         <name>arm_bitreversal2.o</name>
      </input_file>
      <input_file id="fl-1b">
         <path>C:\ti\simplelink_msp432p4_sdk_3_10_00_08\source\third_party\CMSIS\DSP_Lib\lib\ccs\m4f\</path>
         <kind>archive</kind>
         <file>arm_cortexM4lf_math.a</file>
         <name>arm_common_tables.o</name>
      </input_file>
      <input_file id="fl-1c">
         <path>C:\ti\simplelink_msp432p4_sdk_3_10_00_08\source\third_party\CMSIS\DSP_Lib\lib\ccs\m4f\</path>
         <kind>archive</kind>
         <file>arm_cortexM4lf_math.a</file>
         <name>arm_bitreversal.o</name>
      </input_file>
      <input_file id="fl-1d">
         <path>C:\ti\simplelink_msp432p4_sdk_3_10_00_08\source\ti\devices\msp432p4xx\driverlib\ccs\</path>
         <kind>archive</kind>
         <file>msp432p4xx_driverlib.lib</file>
         <name>adc14.o</name>
      </input_file>
      <input_file id="fl-1e">
         <path>C:\ti\simplelink_msp432p4_sdk_3_10_00_08\source\ti\devices\msp432p4xx\driverlib\ccs\</path>
         <kind>archive</kind>
         <file>msp432p4xx_driverlib.lib</file>
         <name>gpio.o</name>
      </input_file>
      <input_file id="fl-1f">
         <path>C:\ti\simplelink_msp432p4_sdk_3_10_00_08\source\ti\devices\msp432p4xx\driverlib\ccs\</path>
         <kind>archive</kind>
         <file>msp432p4xx_driverlib.lib</file>
         <name>interrupt.o</name>
      </input_file>
      <input_file id="fl-20">
         <path>C:\ti\simplelink_msp432p4_sdk_3_10_00_08\source\ti\devices\msp432p4xx\driverlib\ccs\</path>
         <kind>archive</kind>
         <file>msp432p4xx_driverlib.lib</file>
         <name>timer32.o</name>
      </input_file>
      <input_file id="fl-21">
         <path>C:\ti\simplelink_msp432p4_sdk_3_10_00_08\source\ti\devices\msp432p4xx\driverlib\ccs\</path>
         <kind>archive</kind>
         <file>msp432p4xx_driverlib.lib</file>
         <name>wdt_a.o</name>
      </input_file>
      <input_file id="fl-22">
         <path>C:\ti\simplelink_msp432p4_sdk_3_10_00_08\source\ti\devices\msp432p4xx\driverlib\ccs\</path>
         <kind>archive</kind>
         <file>msp432p4xx_driverlib.lib</file>
         <name>cpu.o</name>
      </input_file>
      <input_file id="fl-23">
         <path>C:\ti\simplelink_msp432p4_sdk_3_10_00_08\source\ti\devices\msp432p4xx\driverlib\ccs\</path>
         <kind>archive</kind>
         <file>msp432p4xx_driverlib.lib</file>
         <name>sysctl_a.o</name>
      </input_file>
      <input_file id="fl-d9">
         <path>C:\ti\ccsv8\tools\compiler\ti-cgt-arm_18.1.5.LTS\lib\</path>
         <kind>archive</kind>
         <file>rtsv7M4_T_le_v4SPD16_eabi.lib</file>
         <name>e_pow.c.obj</name>
      </input_file>
      <input_file id="fl-da">
         <path>C:\ti\ccsv8\tools\compiler\ti-cgt-arm_18.1.5.LTS\lib\</path>
         <kind>archive</kind>
         <file>rtsv7M4_T_le_v4SPD16_eabi.lib</file>
         <name>e_sqrt.c.obj</name>
      </input_file>
      <input_file id="fl-db">
         <path>C:\ti\ccsv8\tools\compiler\ti-cgt-arm_18.1.5.LTS\lib\</path>
         <kind>archive</kind>
         <file>rtsv7M4_T_le_v4SPD16_eabi.lib</file>
         <name>s_scalbn.c.obj</name>
      </input_file>
      <input_file id="fl-dc">
         <path>C:\ti\ccsv8\tools\compiler\ti-cgt-arm_18.1.5.LTS\lib\</path>
         <kind>archive</kind>
         <file>rtsv7M4_T_le_v4SPD16_eabi.lib</file>
         <name>s_copysign.c.obj</name>
      </input_file>
      <input_file id="fl-dd">
         <path>C:\ti\ccsv8\tools\compiler\ti-cgt-arm_18.1.5.LTS\lib\</path>
         <kind>archive</kind>
         <file>rtsv7M4_T_le_v4SPD16_eabi.lib</file>
         <name>e_sqrtf.c.obj</name>
      </input_file>
      <input_file id="fl-de">
         <path>C:\ti\ccsv8\tools\compiler\ti-cgt-arm_18.1.5.LTS\lib\</path>
         <kind>archive</kind>
         <file>rtsv7M4_T_le_v4SPD16_eabi.lib</file>
         <name>s_cosf.c.obj</name>
      </input_file>
      <input_file id="fl-df">
         <path>C:\ti\ccsv8\tools\compiler\ti-cgt-arm_18.1.5.LTS\lib\</path>
         <kind>archive</kind>
         <file>rtsv7M4_T_le_v4SPD16_eabi.lib</file>
         <name>fd_add_t2.asm.obj</name>
      </input_file>
      <input_file id="fl-e0">
         <path>C:\ti\ccsv8\tools\compiler\ti-cgt-arm_18.1.5.LTS\lib\</path>
         <kind>archive</kind>
         <file>rtsv7M4_T_le_v4SPD16_eabi.lib</file>
         <name>fd_cmp_t2.asm.obj</name>
      </input_file>
      <input_file id="fl-e1">
         <path>C:\ti\ccsv8\tools\compiler\ti-cgt-arm_18.1.5.LTS\lib\</path>
         <kind>archive</kind>
         <file>rtsv7M4_T_le_v4SPD16_eabi.lib</file>
         <name>fd_div_t2.asm.obj</name>
      </input_file>
      <input_file id="fl-e2">
         <path>C:\ti\ccsv8\tools\compiler\ti-cgt-arm_18.1.5.LTS\lib\</path>
         <kind>archive</kind>
         <file>rtsv7M4_T_le_v4SPD16_eabi.lib</file>
         <name>fd_mul_t2.asm.obj</name>
      </input_file>
      <input_file id="fl-e3">
         <path>C:\ti\ccsv8\tools\compiler\ti-cgt-arm_18.1.5.LTS\lib\</path>
         <kind>archive</kind>
         <file>rtsv7M4_T_le_v4SPD16_eabi.lib</file>
         <name>fd_toi_t2.asm.obj</name>
      </input_file>
      <input_file id="fl-e4">
         <path>C:\ti\ccsv8\tools\compiler\ti-cgt-arm_18.1.5.LTS\lib\</path>
         <kind>archive</kind>
         <file>rtsv7M4_T_le_v4SPD16_eabi.lib</file>
         <name>fd_tos_t2.asm.obj</name>
      </input_file>
      <input_file id="fl-e5">
         <path>C:\ti\ccsv8\tools\compiler\ti-cgt-arm_18.1.5.LTS\lib\</path>
         <kind>archive</kind>
         <file>rtsv7M4_T_le_v4SPD16_eabi.lib</file>
         <name>fs_tod_t2.asm.obj</name>
      </input_file>
      <input_file id="fl-e6">
         <path>C:\ti\ccsv8\tools\compiler\ti-cgt-arm_18.1.5.LTS\lib\</path>
         <kind>archive</kind>
         <file>rtsv7M4_T_le_v4SPD16_eabi.lib</file>
         <name>i_tofd_t2.asm.obj</name>
      </input_file>
      <input_file id="fl-e7">
         <path>C:\ti\ccsv8\tools\compiler\ti-cgt-arm_18.1.5.LTS\lib\</path>
         <kind>archive</kind>
         <file>rtsv7M4_T_le_v4SPD16_eabi.lib</file>
         <name>ll_tofd_t2.asm.obj</name>
      </input_file>
      <input_file id="fl-e8">
         <path>C:\ti\ccsv8\tools\compiler\ti-cgt-arm_18.1.5.LTS\lib\</path>
         <kind>archive</kind>
         <file>rtsv7M4_T_le_v4SPD16_eabi.lib</file>
         <name>u_tofd_t2.asm.obj</name>
      </input_file>
      <input_file id="fl-e9">
         <path>C:\ti\ccsv8\tools\compiler\ti-cgt-arm_18.1.5.LTS\lib\</path>
         <kind>archive</kind>
         <file>rtsv7M4_T_le_v4SPD16_eabi.lib</file>
         <name>ll_div_t2.asm.obj</name>
      </input_file>
      <input_file id="fl-ea">
         <path>C:\ti\ccsv8\tools\compiler\ti-cgt-arm_18.1.5.LTS\lib\</path>
         <kind>archive</kind>
         <file>rtsv7M4_T_le_v4SPD16_eabi.lib</file>
         <name>ull_div_t2.asm.obj</name>
      </input_file>
      <input_file id="fl-eb">
         <path>C:\ti\ccsv8\tools\compiler\ti-cgt-arm_18.1.5.LTS\lib\</path>
         <kind>archive</kind>
         <file>rtsv7M4_T_le_v4SPD16_eabi.lib</file>
         <name>copy_zero_init.c.obj</name>
      </input_file>
      <input_file id="fl-ec">
         <path>C:\ti\ccsv8\tools\compiler\ti-cgt-arm_18.1.5.LTS\lib\</path>
         <kind>archive</kind>
         <file>rtsv7M4_T_le_v4SPD16_eabi.lib</file>
         <name>copy_decompress_none.c.obj</name>
      </input_file>
      <input_file id="fl-ed">
         <path>C:\ti\ccsv8\tools\compiler\ti-cgt-arm_18.1.5.LTS\lib\</path>
         <kind>archive</kind>
         <file>rtsv7M4_T_le_v4SPD16_eabi.lib</file>
         <name>copy_decompress_lzss.c.obj</name>
      </input_file>
      <input_file id="fl-ee">
         <path>C:\ti\ccsv8\tools\compiler\ti-cgt-arm_18.1.5.LTS\lib\</path>
         <kind>archive</kind>
         <file>rtsv7M4_T_le_v4SPD16_eabi.lib</file>
         <name>errno.c.obj</name>
      </input_file>
      <input_file id="fl-ef">
         <path>C:\ti\ccsv8\tools\compiler\ti-cgt-arm_18.1.5.LTS\lib\</path>
         <kind>archive</kind>
         <file>rtsv7M4_T_le_v4SPD16_eabi.lib</file>
         <name>boot_cortex_m.c.obj</name>
      </input_file>
      <input_file id="fl-f0">
         <path>C:\ti\ccsv8\tools\compiler\ti-cgt-arm_18.1.5.LTS\lib\</path>
         <kind>archive</kind>
         <file>rtsv7M4_T_le_v4SPD16_eabi.lib</file>
         <name>exit.c.obj</name>
      </input_file>
      <input_file id="fl-f1">
         <path>C:\ti\ccsv8\tools\compiler\ti-cgt-arm_18.1.5.LTS\lib\</path>
         <kind>archive</kind>
         <file>rtsv7M4_T_le_v4SPD16_eabi.lib</file>
         <name>_lock.c.obj</name>
      </input_file>
      <input_file id="fl-f2">
         <path>C:\ti\ccsv8\tools\compiler\ti-cgt-arm_18.1.5.LTS\lib\</path>
         <kind>archive</kind>
         <file>rtsv7M4_T_le_v4SPD16_eabi.lib</file>
         <name>args_main.c.obj</name>
      </input_file>
      <input_file id="fl-f3">
         <path>C:\ti\ccsv8\tools\compiler\ti-cgt-arm_18.1.5.LTS\lib\</path>
         <kind>archive</kind>
         <file>rtsv7M4_T_le_v4SPD16_eabi.lib</file>
         <name>strlen.c.obj</name>
      </input_file>
      <input_file id="fl-f4">
         <path>C:\ti\ccsv8\tools\compiler\ti-cgt-arm_18.1.5.LTS\lib\</path>
         <kind>archive</kind>
         <file>rtsv7M4_T_le_v4SPD16_eabi.lib</file>
         <name>div0.asm.obj</name>
      </input_file>
      <input_file id="fl-f5">
         <path>C:\ti\ccsv8\tools\compiler\ti-cgt-arm_18.1.5.LTS\lib\</path>
         <kind>archive</kind>
         <file>rtsv7M4_T_le_v4SPD16_eabi.lib</file>
         <name>memset_t2.asm.obj</name>
      </input_file>
      <input_file id="fl-f6">
         <path>C:\ti\ccsv8\tools\compiler\ti-cgt-arm_18.1.5.LTS\lib\</path>
         <kind>archive</kind>
         <file>rtsv7M4_T_le_v4SPD16_eabi.lib</file>
         <name>memcpy_t2.asm.obj</name>
      </input_file>
      <input_file id="fl-f7">
         <path>C:\ti\ccsv8\tools\compiler\ti-cgt-arm_18.1.5.LTS\lib\</path>
         <kind>archive</kind>
         <file>rtsv7M4_T_le_v4SPD16_eabi.lib</file>
         <name>autoinit.c.obj</name>
      </input_file>
      <input_file id="fl-f8">
         <path>C:\ti\ccsv8\tools\compiler\ti-cgt-arm_18.1.5.LTS\lib\</path>
         <kind>archive</kind>
         <file>rtsv7M4_T_le_v4SPD16_eabi.lib</file>
         <name>pre_init.c.obj</name>
      </input_file>
      <input_file id="fl-f9">
         <path>C:\ti\ccsv8\tools\compiler\ti-cgt-arm_18.1.5.LTS\lib\</path>
         <kind>archive</kind>
         <file>rtsv7M4_T_le_v4SPD16_eabi.lib</file>
         <name>cpy_tbl.c.obj</name>
      </input_file>
   </input_file_list>
   <object_component_list>
      <object_component id="oc-23">
         <name>.intvecs:retain</name>
         <load_address>0x0</load_address>
         <run_address>0x0</run_address>
         <size>0xe4</size>
         <input_file_ref idref="fl-7"/>
      </object_component>
      <object_component id="oc-3db">
         <name>.text:arm_radix4_butterfly_inverse_q15</name>
         <load_address>0x11fec</load_address>
         <run_address>0x11fec</run_address>
         <size>0x4a6</size>
         <input_file_ref idref="fl-18"/>
      </object_component>
      <object_component id="oc-6a">
         <name>.text:Default_Handler</name>
         <load_address>0x12492</load_address>
         <run_address>0x12492</run_address>
         <size>0x2</size>
         <input_file_ref idref="fl-7"/>
      </object_component>
      <object_component id="oc-3e7">
         <name>.text:arm_radix4_butterfly_q15</name>
         <load_address>0x12494</load_address>
         <run_address>0x12494</run_address>
         <size>0x4a6</size>
         <input_file_ref idref="fl-18"/>
      </object_component>
      <object_component id="oc-2c0">
         <name>.text</name>
         <load_address>0x1293a</load_address>
         <run_address>0x1293a</run_address>
         <size>0x2</size>
         <input_file_ref idref="fl-f4"/>
      </object_component>
      <object_component id="oc-d4">
         <name>.text:dinamicpulse</name>
         <load_address>0x1293c</load_address>
         <run_address>0x1293c</run_address>
         <size>0x1dc</size>
         <input_file_ref idref="fl-4"/>
      </object_component>
      <object_component id="oc-2cc">
         <name>.text</name>
         <load_address>0x12b18</load_address>
         <run_address>0x12b18</run_address>
         <size>0x1b6</size>
         <input_file_ref idref="fl-df"/>
      </object_component>
      <object_component id="oc-1a6">
         <name>.text:dofft</name>
         <load_address>0x12cd0</load_address>
         <run_address>0x12cd0</run_address>
         <size>0x1a8</size>
         <input_file_ref idref="fl-4"/>
      </object_component>
      <object_component id="oc-3e1">
         <name>.text:arm_cfft_radix4by2_inverse_q15</name>
         <load_address>0x12e78</load_address>
         <run_address>0x12e78</run_address>
         <size>0x18c</size>
         <input_file_ref idref="fl-17"/>
      </object_component>
      <object_component id="oc-3ed">
         <name>.text:arm_cfft_radix4by2_q15</name>
         <load_address>0x13004</load_address>
         <run_address>0x13004</run_address>
         <size>0x18c</size>
         <input_file_ref idref="fl-17"/>
      </object_component>
      <object_component id="oc-283">
         <name>.text:_getIndexForMemRegister</name>
         <load_address>0x13190</load_address>
         <run_address>0x13190</run_address>
         <size>0x160</size>
         <input_file_ref idref="fl-1d"/>
      </object_component>
      <object_component id="oc-1b8">
         <name>.text:sqrt</name>
         <load_address>0x132f0</load_address>
         <run_address>0x132f0</run_address>
         <size>0x158</size>
         <input_file_ref idref="fl-da"/>
      </object_component>
      <object_component id="oc-2a9">
         <name>.text:arm_rfft_init_q15</name>
         <load_address>0x13448</load_address>
         <run_address>0x13448</run_address>
         <size>0x134</size>
         <input_file_ref idref="fl-14"/>
      </object_component>
      <object_component id="oc-359">
         <name>.text:arm_split_rfft_q15</name>
         <load_address>0x1357c</load_address>
         <run_address>0x1357c</run_address>
         <size>0x12e</size>
         <input_file_ref idref="fl-15"/>
      </object_component>
      <object_component id="oc-1cd">
         <name>.text</name>
         <load_address>0x136aa</load_address>
         <run_address>0x136aa</run_address>
         <size>0xfc</size>
         <input_file_ref idref="fl-e2"/>
      </object_component>
      <object_component id="oc-353">
         <name>.text:arm_cfft_q15</name>
         <load_address>0x137a6</load_address>
         <run_address>0x137a6</run_address>
         <size>0xe8</size>
         <input_file_ref idref="fl-17"/>
      </object_component>
      <object_component id="oc-3f3">
         <name>.text</name>
         <load_address>0x1388e</load_address>
         <run_address>0x1388e</run_address>
         <size>0xc0</size>
         <input_file_ref idref="fl-1a"/>
      </object_component>
      <object_component id="oc-241">
         <name>.text:cosf</name>
         <load_address>0x13950</load_address>
         <run_address>0x13950</run_address>
         <size>0xb4</size>
         <input_file_ref idref="fl-de"/>
      </object_component>
      <object_component id="oc-34d">
         <name>.text:arm_split_rifft_q15</name>
         <load_address>0x13a04</load_address>
         <run_address>0x13a04</run_address>
         <size>0xb2</size>
         <input_file_ref idref="fl-15"/>
      </object_component>
      <object_component id="oc-21d">
         <name>.text:ADC14_configureConversionMemory</name>
         <load_address>0x13ab8</load_address>
         <run_address>0x13ab8</run_address>
         <size>0xa4</size>
         <input_file_ref idref="fl-1d"/>
      </object_component>
      <object_component id="oc-2af">
         <name>.text:arm_rfft_q15</name>
         <load_address>0x13b5c</load_address>
         <run_address>0x13b5c</run_address>
         <size>0xa4</size>
         <input_file_ref idref="fl-15"/>
      </object_component>
      <object_component id="oc-119">
         <name>.text:UART_config</name>
         <load_address>0x13c00</load_address>
         <run_address>0x13c00</run_address>
         <size>0xa0</size>
         <input_file_ref idref="fl-6"/>
      </object_component>
      <object_component id="oc-c8">
         <name>.text:CountPulse</name>
         <load_address>0x13ca0</load_address>
         <run_address>0x13ca0</run_address>
         <size>0x9c</size>
         <input_file_ref idref="fl-4"/>
      </object_component>
      <object_component id="oc-34">
         <name>.text</name>
         <load_address>0x13d3c</load_address>
         <run_address>0x13d3c</run_address>
         <size>0x9c</size>
         <input_file_ref idref="fl-f6"/>
      </object_component>
      <object_component id="oc-2c5">
         <name>.text</name>
         <load_address>0x13dd8</load_address>
         <run_address>0x13dd8</run_address>
         <size>0x96</size>
         <input_file_ref idref="fl-ea"/>
      </object_component>
      <object_component id="oc-ce">
         <name>.text:FftPulse</name>
         <load_address>0x13e70</load_address>
         <run_address>0x13e70</run_address>
         <size>0x94</size>
         <input_file_ref idref="fl-4"/>
      </object_component>
      <object_component id="oc-76">
         <name>.text:PORT1_IRQHandler</name>
         <load_address>0x13f04</load_address>
         <run_address>0x13f04</run_address>
         <size>0x94</size>
         <input_file_ref idref="fl-4"/>
      </object_component>
      <object_component id="oc-223">
         <name>.text:GPIO_setAsPeripheralModuleFunctionInputPin</name>
         <load_address>0x13f98</load_address>
         <run_address>0x13f98</run_address>
         <size>0x88</size>
         <input_file_ref idref="fl-1e"/>
      </object_component>
      <object_component id="oc-1d2">
         <name>.text:__aeabi_cdrcmple</name>
         <load_address>0x14020</load_address>
         <run_address>0x14020</run_address>
         <size>0x86</size>
         <input_file_ref idref="fl-e0"/>
      </object_component>
      <object_component id="oc-190">
         <name>.text:contarpicos</name>
         <load_address>0x140a8</load_address>
         <run_address>0x140a8</run_address>
         <size>0x84</size>
         <input_file_ref idref="fl-4"/>
      </object_component>
      <object_component id="oc-107">
         <name>.text:InitButton1</name>
         <load_address>0x1412c</load_address>
         <run_address>0x1412c</run_address>
         <size>0x7c</size>
         <input_file_ref idref="fl-4"/>
      </object_component>
      <object_component id="oc-96">
         <name>.text</name>
         <load_address>0x141a8</load_address>
         <run_address>0x141a8</run_address>
         <size>0x7a</size>
         <input_file_ref idref="fl-f5"/>
      </object_component>
      <object_component id="oc-b4">
         <name>.text:SystemInit</name>
         <load_address>0x14224</load_address>
         <run_address>0x14224</run_address>
         <size>0x78</size>
         <input_file_ref idref="fl-5"/>
      </object_component>
      <object_component id="oc-1ae">
         <name>.text</name>
         <load_address>0x1429c</load_address>
         <run_address>0x1429c</run_address>
         <size>0x6e</size>
         <input_file_ref idref="fl-e9"/>
      </object_component>
      <object_component id="oc-18a">
         <name>.text:rms</name>
         <load_address>0x1430a</load_address>
         <run_address>0x1430a</run_address>
         <size>0x6c</size>
         <input_file_ref idref="fl-4"/>
      </object_component>
      <object_component id="oc-196">
         <name>.text:itoa</name>
         <load_address>0x14376</load_address>
         <run_address>0x14376</run_address>
         <size>0x6a</size>
         <input_file_ref idref="fl-6"/>
      </object_component>
      <object_component id="oc-23a">
         <name>.text:Timer32_initModule</name>
         <load_address>0x143e0</load_address>
         <run_address>0x143e0</run_address>
         <size>0x68</size>
         <input_file_ref idref="fl-20"/>
      </object_component>
      <object_component id="oc-14">
         <name>.text:decompress:lzss:__TI_decompress_lzss</name>
         <load_address>0x14448</load_address>
         <run_address>0x14448</run_address>
         <size>0x68</size>
         <input_file_ref idref="fl-ed"/>
      </object_component>
      <object_component id="oc-12b">
         <name>.text:InitHannWindow</name>
         <load_address>0x144b0</load_address>
         <run_address>0x144b0</run_address>
         <size>0x64</size>
         <input_file_ref idref="fl-4"/>
      </object_component>
      <object_component id="oc-210">
         <name>.text:ADC14_configureSingleSampleMode</name>
         <load_address>0x14514</load_address>
         <run_address>0x14514</run_address>
         <size>0x58</size>
         <input_file_ref idref="fl-1d"/>
      </object_component>
      <object_component id="oc-204">
         <name>.text:ADC14_initModule</name>
         <load_address>0x1456c</load_address>
         <run_address>0x1456c</run_address>
         <size>0x54</size>
         <input_file_ref idref="fl-1d"/>
      </object_component>
      <object_component id="oc-28f">
         <name>.text:reverse</name>
         <load_address>0x145c0</load_address>
         <run_address>0x145c0</run_address>
         <size>0x52</size>
         <input_file_ref idref="fl-6"/>
      </object_component>
      <object_component id="oc-a2">
         <name>.text:main</name>
         <load_address>0x14614</load_address>
         <run_address>0x14614</run_address>
         <size>0x4d</size>
         <input_file_ref idref="fl-4"/>
      </object_component>
      <object_component id="oc-1be">
         <name>.text</name>
         <load_address>0x14662</load_address>
         <run_address>0x14662</run_address>
         <size>0x48</size>
         <input_file_ref idref="fl-e3"/>
      </object_component>
      <object_component id="oc-70">
         <name>.text:T32_INT1_IRQHandler</name>
         <load_address>0x146ac</load_address>
         <run_address>0x146ac</run_address>
         <size>0x44</size>
         <input_file_ref idref="fl-3"/>
      </object_component>
      <object_component id="oc-14f">
         <name>.text:__TI_auto_init_nobinit_nopinit:__TI_auto_init_nobinit_nopinit</name>
         <load_address>0x146f0</load_address>
         <run_address>0x146f0</run_address>
         <size>0x44</size>
         <input_file_ref idref="fl-f7"/>
      </object_component>
      <object_component id="oc-11f">
         <name>.text:GPIO_setAsOutputPin</name>
         <load_address>0x14734</load_address>
         <run_address>0x14734</run_address>
         <size>0x40</size>
         <input_file_ref idref="fl-1e"/>
      </object_component>
      <object_component id="oc-1b3">
         <name>.text</name>
         <load_address>0x14774</load_address>
         <run_address>0x14774</run_address>
         <size>0x40</size>
         <input_file_ref idref="fl-e7"/>
      </object_component>
      <object_component id="oc-e3">
         <name>.text:UART_putchar_n</name>
         <load_address>0x147b4</load_address>
         <run_address>0x147b4</run_address>
         <size>0x3e</size>
         <input_file_ref idref="fl-6"/>
      </object_component>
      <object_component id="oc-24f">
         <name>.text:Timer32_startTimer</name>
         <load_address>0x147f4</load_address>
         <run_address>0x147f4</run_address>
         <size>0x38</size>
         <input_file_ref idref="fl-20"/>
      </object_component>
      <object_component id="oc-52">
         <name>.text:_c_int00_noargs:_c_int00_noargs</name>
         <load_address>0x1482c</load_address>
         <run_address>0x1482c</run_address>
         <size>0x38</size>
         <input_file_ref idref="fl-ef"/>
      </object_component>
      <object_component id="oc-216">
         <name>.text:ADC14_enableSampleTimer</name>
         <load_address>0x14864</load_address>
         <run_address>0x14864</run_address>
         <size>0x34</size>
         <input_file_ref idref="fl-1d"/>
      </object_component>
      <object_component id="oc-249">
         <name>.text:Timer32_setCount</name>
         <load_address>0x14898</load_address>
         <run_address>0x14898</run_address>
         <size>0x34</size>
         <input_file_ref idref="fl-20"/>
      </object_component>
      <object_component id="oc-1f7">
         <name>.text:__NVIC_EnableIRQ</name>
         <load_address>0x148cc</load_address>
         <run_address>0x148cc</run_address>
         <size>0x30</size>
         <input_file_ref idref="fl-4"/>
      </object_component>
      <object_component id="oc-22a">
         <name>.text:__NVIC_EnableIRQ</name>
         <load_address>0x148fc</load_address>
         <run_address>0x148fc</run_address>
         <size>0x30</size>
         <input_file_ref idref="fl-6"/>
      </object_component>
      <object_component id="oc-1c8">
         <name>.text</name>
         <load_address>0x1492c</load_address>
         <run_address>0x1492c</run_address>
         <size>0x2e</size>
         <input_file_ref idref="fl-e6"/>
      </object_component>
      <object_component id="oc-25c">
         <name>.text:ADC14_toggleConversionTrigger</name>
         <load_address>0x1495c</load_address>
         <run_address>0x1495c</run_address>
         <size>0x2c</size>
         <input_file_ref idref="fl-1d"/>
      </object_component>
      <object_component id="oc-256">
         <name>.text:ADC14_enableConversion</name>
         <load_address>0x14988</load_address>
         <run_address>0x14988</run_address>
         <size>0x28</size>
         <input_file_ref idref="fl-1d"/>
      </object_component>
      <object_component id="oc-1d7">
         <name>.text:GPIO_setOutputHighOnPin</name>
         <load_address>0x149b0</load_address>
         <run_address>0x149b0</run_address>
         <size>0x28</size>
         <input_file_ref idref="fl-1e"/>
      </object_component>
      <object_component id="oc-1dd">
         <name>.text:GPIO_setOutputLowOnPin</name>
         <load_address>0x149d8</load_address>
         <run_address>0x149d8</run_address>
         <size>0x28</size>
         <input_file_ref idref="fl-1e"/>
      </object_component>
      <object_component id="oc-10d">
         <name>.text:initADC</name>
         <load_address>0x14a00</load_address>
         <run_address>0x14a00</run_address>
         <size>0x28</size>
         <input_file_ref idref="fl-4"/>
      </object_component>
      <object_component id="oc-2b5">
         <name>.text:sqrtf</name>
         <load_address>0x14a28</load_address>
         <run_address>0x14a28</run_address>
         <size>0x28</size>
         <input_file_ref idref="fl-dd"/>
      </object_component>
      <object_component id="oc-1ec">
         <name>.text:UART_putchar</name>
         <load_address>0x14a50</load_address>
         <run_address>0x14a50</run_address>
         <size>0x24</size>
         <input_file_ref idref="fl-6"/>
      </object_component>
      <object_component id="oc-101">
         <name>.text:WDT_A_holdTimer</name>
         <load_address>0x14a74</load_address>
         <run_address>0x14a74</run_address>
         <size>0x24</size>
         <input_file_ref idref="fl-21"/>
      </object_component>
      <object_component id="oc-20a">
         <name>.text:ADC14_setResolution</name>
         <load_address>0x14a98</load_address>
         <run_address>0x14a98</run_address>
         <size>0x20</size>
         <input_file_ref idref="fl-1d"/>
      </object_component>
      <object_component id="oc-131">
         <name>.text:Timer1msStartOneShot</name>
         <load_address>0x14ab8</load_address>
         <run_address>0x14ab8</run_address>
         <size>0x20</size>
         <input_file_ref idref="fl-4"/>
      </object_component>
      <object_component id="oc-1c3">
         <name>.text</name>
         <load_address>0x14ad8</load_address>
         <run_address>0x14ad8</run_address>
         <size>0x20</size>
         <input_file_ref idref="fl-e8"/>
      </object_component>
      <object_component id="oc-183">
         <name>.text:ADC14_getResult</name>
         <load_address>0x14af8</load_address>
         <run_address>0x14af8</run_address>
         <size>0x1c</size>
         <input_file_ref idref="fl-1d"/>
      </object_component>
      <object_component id="oc-113">
         <name>.text:initSensor</name>
         <load_address>0x14b14</load_address>
         <run_address>0x14b14</run_address>
         <size>0x1a</size>
         <input_file_ref idref="fl-4"/>
      </object_component>
      <object_component id="oc-125">
         <name>.text:InitTimer</name>
         <load_address>0x14b30</load_address>
         <run_address>0x14b30</run_address>
         <size>0x14</size>
         <input_file_ref idref="fl-4"/>
      </object_component>
      <object_component id="oc-bc">
         <name>.text:Timer32_clearInterruptFlag</name>
         <load_address>0x14b44</load_address>
         <run_address>0x14b44</run_address>
         <size>0x14</size>
         <input_file_ref idref="fl-20"/>
      </object_component>
      <object_component id="oc-19c">
         <name>.text:strlen</name>
         <load_address>0x14b58</load_address>
         <run_address>0x14b58</run_address>
         <size>0x14</size>
         <input_file_ref idref="fl-f3"/>
      </object_component>
      <object_component id="oc-2ec">
         <name>.text:ADCIsConversionRunning</name>
         <load_address>0x14b6c</load_address>
         <run_address>0x14b6c</run_address>
         <size>0x10</size>
         <input_file_ref idref="fl-1d"/>
      </object_component>
      <object_component id="oc-1a">
         <name>.text:decompress:none:__TI_decompress_none</name>
         <load_address>0x14b7c</load_address>
         <run_address>0x14b7c</run_address>
         <size>0xe</size>
         <input_file_ref idref="fl-ec"/>
      </object_component>
      <object_component id="oc-1fe">
         <name>.text:ADC14_enableModule</name>
         <load_address>0x14b8c</load_address>
         <run_address>0x14b8c</run_address>
         <size>0xc</size>
         <input_file_ref idref="fl-1d"/>
      </object_component>
      <object_component id="oc-64">
         <name>.text:Reset_Handler</name>
         <load_address>0x14b98</load_address>
         <run_address>0x14b98</run_address>
         <size>0xc</size>
         <input_file_ref idref="fl-7"/>
      </object_component>
      <object_component id="oc-46">
         <name>.text:decompress:ZI:__TI_zero_init</name>
         <load_address>0x14ba4</load_address>
         <run_address>0x14ba4</run_address>
         <size>0xc</size>
         <input_file_ref idref="fl-eb"/>
      </object_component>
      <object_component id="oc-137">
         <name>.text:startADC</name>
         <load_address>0x14bb0</load_address>
         <run_address>0x14bb0</run_address>
         <size>0xc</size>
         <input_file_ref idref="fl-4"/>
      </object_component>
      <object_component id="oc-c2">
         <name>.text:getSampleSensor</name>
         <load_address>0x14bbc</load_address>
         <run_address>0x14bbc</run_address>
         <size>0xa</size>
         <input_file_ref idref="fl-4"/>
      </object_component>
      <object_component id="oc-2d1">
         <name>.text:__aeabi_errno_addr</name>
         <load_address>0x14bc8</load_address>
         <run_address>0x14bc8</run_address>
         <size>0x8</size>
         <input_file_ref idref="fl-ee"/>
      </object_component>
      <object_component id="oc-9c">
         <name>.text:_system_pre_init</name>
         <load_address>0x14bd0</load_address>
         <run_address>0x14bd0</run_address>
         <size>0x4</size>
         <input_file_ref idref="fl-f8"/>
      </object_component>
      <object_component id="oc-143">
         <name>.text:abort:abort</name>
         <load_address>0x14bd4</load_address>
         <run_address>0x14bd4</run_address>
         <size>0x4</size>
         <input_file_ref idref="fl-f0"/>
      </object_component>
      <object_component id="oc-32a">
         <name>.const:realCoefAQ15</name>
         <load_address>0xe4</load_address>
         <run_address>0xe4</run_address>
         <size>0x4000</size>
         <input_file_ref idref="fl-14"/>
      </object_component>
      <object_component id="oc-32d">
         <name>.const:realCoefBQ15</name>
         <load_address>0x40e4</load_address>
         <run_address>0x40e4</run_address>
         <size>0x4000</size>
         <input_file_ref idref="fl-14"/>
      </object_component>
      <object_component id="oc-38f">
         <name>.const:twiddleCoef_4096_q15</name>
         <load_address>0x80e4</load_address>
         <run_address>0x80e4</run_address>
         <size>0x3000</size>
         <input_file_ref idref="fl-1b"/>
      </object_component>
      <object_component id="oc-392">
         <name>.const:armBitRevIndexTable_fixed_4096</name>
         <load_address>0xb0e4</load_address>
         <run_address>0xb0e4</run_address>
         <size>0x1f80</size>
         <input_file_ref idref="fl-1b"/>
      </object_component>
      <object_component id="oc-398">
         <name>.const:twiddleCoef_2048_q15</name>
         <load_address>0xd064</load_address>
         <run_address>0xd064</run_address>
         <size>0x1800</size>
         <input_file_ref idref="fl-1b"/>
      </object_component>
      <object_component id="oc-39b">
         <name>.const:armBitRevIndexTable_fixed_2048</name>
         <load_address>0xe864</load_address>
         <run_address>0xe864</run_address>
         <size>0xf80</size>
         <input_file_ref idref="fl-1b"/>
      </object_component>
      <object_component id="oc-3a0">
         <name>.const:twiddleCoef_1024_q15</name>
         <load_address>0xf7e4</load_address>
         <run_address>0xf7e4</run_address>
         <size>0xc00</size>
         <input_file_ref idref="fl-1b"/>
      </object_component>
      <object_component id="oc-3a3">
         <name>.const:armBitRevIndexTable_fixed_1024</name>
         <load_address>0x103e4</load_address>
         <run_address>0x103e4</run_address>
         <size>0x7c0</size>
         <input_file_ref idref="fl-1b"/>
      </object_component>
      <object_component id="oc-3a8">
         <name>.const:twiddleCoef_512_q15</name>
         <load_address>0x10ba4</load_address>
         <run_address>0x10ba4</run_address>
         <size>0x600</size>
         <input_file_ref idref="fl-1b"/>
      </object_component>
      <object_component id="oc-3ab">
         <name>.const:armBitRevIndexTable_fixed_512</name>
         <load_address>0x111a4</load_address>
         <run_address>0x111a4</run_address>
         <size>0x3c0</size>
         <input_file_ref idref="fl-1b"/>
      </object_component>
      <object_component id="oc-3b0">
         <name>.const:twiddleCoef_256_q15</name>
         <load_address>0x11564</load_address>
         <run_address>0x11564</run_address>
         <size>0x300</size>
         <input_file_ref idref="fl-1b"/>
      </object_component>
      <object_component id="oc-3b3">
         <name>.const:armBitRevIndexTable_fixed_256</name>
         <load_address>0x11864</load_address>
         <run_address>0x11864</run_address>
         <size>0x1e0</size>
         <input_file_ref idref="fl-1b"/>
      </object_component>
      <object_component id="oc-3b8">
         <name>.const:twiddleCoef_128_q15</name>
         <load_address>0x11a44</load_address>
         <run_address>0x11a44</run_address>
         <size>0x180</size>
         <input_file_ref idref="fl-1b"/>
      </object_component>
      <object_component id="oc-3bb">
         <name>.const:armBitRevIndexTable_fixed_128</name>
         <load_address>0x11bc4</load_address>
         <run_address>0x11bc4</run_address>
         <size>0xe0</size>
         <input_file_ref idref="fl-1b"/>
      </object_component>
      <object_component id="oc-3c0">
         <name>.const:twiddleCoef_64_q15</name>
         <load_address>0x11ca4</load_address>
         <run_address>0x11ca4</run_address>
         <size>0xc0</size>
         <input_file_ref idref="fl-1b"/>
      </object_component>
      <object_component id="oc-289">
         <name>.const:_ctlRegs</name>
         <load_address>0x11d64</load_address>
         <run_address>0x11d64</run_address>
         <size>0x80</size>
         <input_file_ref idref="fl-1d"/>
      </object_component>
      <object_component id="oc-3c3">
         <name>.const:armBitRevIndexTable_fixed_64</name>
         <load_address>0x11de4</load_address>
         <run_address>0x11de4</run_address>
         <size>0x70</size>
         <input_file_ref idref="fl-1b"/>
      </object_component>
      <object_component id="oc-3c8">
         <name>.const:twiddleCoef_32_q15</name>
         <load_address>0x11e54</load_address>
         <run_address>0x11e54</run_address>
         <size>0x60</size>
         <input_file_ref idref="fl-1b"/>
      </object_component>
      <object_component id="oc-231">
         <name>.const:GPIO_PORT_TO_BASE</name>
         <load_address>0x11eb4</load_address>
         <run_address>0x11eb4</run_address>
         <size>0x30</size>
         <input_file_ref idref="fl-1e"/>
      </object_component>
      <object_component id="oc-3cb">
         <name>.const:armBitRevIndexTable_fixed_32</name>
         <load_address>0x11ee4</load_address>
         <run_address>0x11ee4</run_address>
         <size>0x30</size>
         <input_file_ref idref="fl-1b"/>
      </object_component>
      <object_component id="oc-3d0">
         <name>.const:twiddleCoef_16_q15</name>
         <load_address>0x11f14</load_address>
         <run_address>0x11f14</run_address>
         <size>0x30</size>
         <input_file_ref idref="fl-1b"/>
      </object_component>
      <object_component id="oc-3d3">
         <name>.const:armBitRevIndexTable_fixed_16</name>
         <load_address>0x11f44</load_address>
         <run_address>0x11f44</run_address>
         <size>0x18</size>
         <input_file_ref idref="fl-1b"/>
      </object_component>
      <object_component id="oc-336">
         <name>.const:arm_cfft_sR_q15_len1024</name>
         <load_address>0x11f5c</load_address>
         <run_address>0x11f5c</run_address>
         <size>0x10</size>
         <input_file_ref idref="fl-16"/>
      </object_component>
      <object_component id="oc-33f">
         <name>.const:arm_cfft_sR_q15_len128</name>
         <load_address>0x11f6c</load_address>
         <run_address>0x11f6c</run_address>
         <size>0x10</size>
         <input_file_ref idref="fl-16"/>
      </object_component>
      <object_component id="oc-348">
         <name>.const:arm_cfft_sR_q15_len16</name>
         <load_address>0x11f7c</load_address>
         <run_address>0x11f7c</run_address>
         <size>0x10</size>
         <input_file_ref idref="fl-16"/>
      </object_component>
      <object_component id="oc-333">
         <name>.const:arm_cfft_sR_q15_len2048</name>
         <load_address>0x11f8c</load_address>
         <run_address>0x11f8c</run_address>
         <size>0x10</size>
         <input_file_ref idref="fl-16"/>
      </object_component>
      <object_component id="oc-33c">
         <name>.const:arm_cfft_sR_q15_len256</name>
         <load_address>0x11f9c</load_address>
         <run_address>0x11f9c</run_address>
         <size>0x10</size>
         <input_file_ref idref="fl-16"/>
      </object_component>
      <object_component id="oc-345">
         <name>.const:arm_cfft_sR_q15_len32</name>
         <load_address>0x11fac</load_address>
         <run_address>0x11fac</run_address>
         <size>0x10</size>
         <input_file_ref idref="fl-16"/>
      </object_component>
      <object_component id="oc-330">
         <name>.const:arm_cfft_sR_q15_len4096</name>
         <load_address>0x11fbc</load_address>
         <run_address>0x11fbc</run_address>
         <size>0x10</size>
         <input_file_ref idref="fl-16"/>
      </object_component>
      <object_component id="oc-339">
         <name>.const:arm_cfft_sR_q15_len512</name>
         <load_address>0x11fcc</load_address>
         <run_address>0x11fcc</run_address>
         <size>0x10</size>
         <input_file_ref idref="fl-16"/>
      </object_component>
      <object_component id="oc-342">
         <name>.const:arm_cfft_sR_q15_len64</name>
         <load_address>0x11fdc</load_address>
         <run_address>0x11fdc</run_address>
         <size>0x10</size>
         <input_file_ref idref="fl-16"/>
      </object_component>
      <object_component id="oc-465">
         <name>.cinit..data.load</name>
         <load_address>0x14bd8</load_address>
         <run_address>0x14bd8</run_address>
         <size>0xc</size>
      </object_component>
      <object_component id="oc-463">
         <name>__TI_handler_table</name>
         <load_address>0x14be4</load_address>
         <run_address>0x14be4</run_address>
         <size>0xc</size>
      </object_component>
      <object_component id="oc-466">
         <name>.cinit..bss.load</name>
         <load_address>0x14bf0</load_address>
         <run_address>0x14bf0</run_address>
         <size>0x8</size>
      </object_component>
      <object_component id="oc-464">
         <name>__TI_cinit_table</name>
         <load_address>0x14bf8</load_address>
         <run_address>0x14bf8</run_address>
         <size>0x10</size>
      </object_component>
      <object_component id="oc-438">
         <name>.binit</name>
         <load_address>0x0</load_address>
         <run_address>0x0</run_address>
         <size>0x0</size>
      </object_component>
      <object_component id="oc-da">
         <name>.data</name>
         <load_address>0x20004a54</load_address>
         <run_address>0x20004a54</run_address>
         <size>0x18</size>
         <input_file_ref idref="fl-4"/>
      </object_component>
      <object_component id="oc-366">
         <name>.data</name>
         <load_address>0x20004a6c</load_address>
         <run_address>0x20004a6c</run_address>
         <size>0x4</size>
         <input_file_ref idref="fl-ee"/>
      </object_component>
      <object_component id="oc-1e3">
         <name>.bss:buffetTmp$3</name>
         <uninitialized>true</uninitialized>
         <run_address>0x20003000</run_address>
         <size>0x960</size>
         <input_file_ref idref="fl-4"/>
      </object_component>
      <object_component id="oc-1a2">
         <name>.bss:buffetTmp$6</name>
         <uninitialized>true</uninitialized>
         <run_address>0x20004960</run_address>
         <size>0xf0</size>
         <input_file_ref idref="fl-4"/>
      </object_component>
      <object_component id="oc-1ac">
         <name>.bss:bufferfft$8</name>
         <uninitialized>true</uninitialized>
         <run_address>0x20000000</run_address>
         <size>0x1000</size>
         <input_file_ref idref="fl-4"/>
      </object_component>
      <object_component id="oc-2bc">
         <name>.common:status</name>
         <uninitialized>true</uninitialized>
         <run_address>0x20004a50</run_address>
         <size>0x1</size>
      </object_component>
      <object_component id="oc-2bb">
         <name>.common:data_input</name>
         <uninitialized>true</uninitialized>
         <run_address>0x20003960</run_address>
         <size>0x800</size>
      </object_component>
      <object_component id="oc-2bd">
         <name>.common:data_array1</name>
         <uninitialized>true</uninitialized>
         <run_address>0x20001000</run_address>
         <size>0x1000</size>
      </object_component>
      <object_component id="oc-2be">
         <name>.common:data_output</name>
         <uninitialized>true</uninitialized>
         <run_address>0x20004160</run_address>
         <size>0x800</size>
      </object_component>
      <object_component id="oc-247">
         <name>.common:hann</name>
         <uninitialized>true</uninitialized>
         <run_address>0x20002000</run_address>
         <size>0x1000</size>
      </object_component>
      <object_component id="oc-26">
         <name>.stack</name>
         <uninitialized>true</uninitialized>
         <run_address>0x2000fe00</run_address>
         <size>0x4</size>
         <input_file_ref idref="fl-ef"/>
      </object_component>
      <object_component id="oc-467">
         <name>.stack</name>
         <uninitialized>true</uninitialized>
         <run_address>0x2000fe00</run_address>
         <size>0x0</size>
      </object_component>
      <object_component id="oc-1f4">
         <name>.debug_info</name>
         <load_address>0x0</load_address>
         <run_address>0x0</run_address>
         <size>0x6e5</size>
         <input_file_ref idref="fl-2"/>
      </object_component>
      <object_component id="oc-29a">
         <name>.debug_info</name>
         <load_address>0x6e5</load_address>
         <run_address>0x6e5</run_address>
         <size>0x1ea6</size>
         <input_file_ref idref="fl-2"/>
      </object_component>
      <object_component id="oc-ec">
         <name>.debug_info</name>
         <load_address>0x258b</load_address>
         <run_address>0x258b</run_address>
         <size>0x26b</size>
         <input_file_ref idref="fl-2"/>
      </object_component>
      <object_component id="oc-2a4">
         <name>.debug_info</name>
         <load_address>0x27f6</load_address>
         <run_address>0x27f6</run_address>
         <size>0x1055</size>
         <input_file_ref idref="fl-2"/>
      </object_component>
      <object_component id="oc-29f">
         <name>.debug_info</name>
         <load_address>0x384b</load_address>
         <run_address>0x384b</run_address>
         <size>0x37e2</size>
         <input_file_ref idref="fl-2"/>
      </object_component>
      <object_component id="oc-2f">
         <name>.debug_info</name>
         <load_address>0x702d</load_address>
         <run_address>0x702d</run_address>
         <size>0x84</size>
         <input_file_ref idref="fl-2"/>
      </object_component>
      <object_component id="oc-1e7">
         <name>.debug_info</name>
         <load_address>0x70b1</load_address>
         <run_address>0x70b1</run_address>
         <size>0x297</size>
         <input_file_ref idref="fl-2"/>
      </object_component>
      <object_component id="oc-235">
         <name>.debug_info</name>
         <load_address>0x7348</load_address>
         <run_address>0x7348</run_address>
         <size>0xef</size>
         <input_file_ref idref="fl-2"/>
      </object_component>
      <object_component id="oc-de">
         <name>.debug_info</name>
         <load_address>0x7437</load_address>
         <run_address>0x7437</run_address>
         <size>0xbb</size>
         <input_file_ref idref="fl-2"/>
      </object_component>
      <object_component id="oc-f8">
         <name>.debug_info</name>
         <load_address>0x74f2</load_address>
         <run_address>0x74f2</run_address>
         <size>0x2c</size>
         <input_file_ref idref="fl-2"/>
      </object_component>
      <object_component id="oc-71">
         <name>.debug_info</name>
         <load_address>0x751e</load_address>
         <run_address>0x751e</run_address>
         <size>0x1e3</size>
         <input_file_ref idref="fl-3"/>
      </object_component>
      <object_component id="oc-1a4">
         <name>.debug_info</name>
         <load_address>0x7701</load_address>
         <run_address>0x7701</run_address>
         <size>0xd38</size>
         <input_file_ref idref="fl-4"/>
      </object_component>
      <object_component id="oc-db">
         <name>.debug_info</name>
         <load_address>0x8439</load_address>
         <run_address>0x8439</run_address>
         <size>0x106</size>
         <input_file_ref idref="fl-4"/>
      </object_component>
      <object_component id="oc-1f8">
         <name>.debug_info</name>
         <load_address>0x853f</load_address>
         <run_address>0x853f</run_address>
         <size>0x1ff</size>
         <input_file_ref idref="fl-4"/>
      </object_component>
      <object_component id="oc-126">
         <name>.debug_info</name>
         <load_address>0x873e</load_address>
         <run_address>0x873e</run_address>
         <size>0x14f</size>
         <input_file_ref idref="fl-4"/>
      </object_component>
      <object_component id="oc-132">
         <name>.debug_info</name>
         <load_address>0x888d</load_address>
         <run_address>0x888d</run_address>
         <size>0x193</size>
         <input_file_ref idref="fl-4"/>
      </object_component>
      <object_component id="oc-d5">
         <name>.debug_info</name>
         <load_address>0x8a20</load_address>
         <run_address>0x8a20</run_address>
         <size>0x3a1</size>
         <input_file_ref idref="fl-4"/>
      </object_component>
      <object_component id="oc-18b">
         <name>.debug_info</name>
         <load_address>0x8dc1</load_address>
         <run_address>0x8dc1</run_address>
         <size>0x19e</size>
         <input_file_ref idref="fl-4"/>
      </object_component>
      <object_component id="oc-191">
         <name>.debug_info</name>
         <load_address>0x8f5f</load_address>
         <run_address>0x8f5f</run_address>
         <size>0x20f</size>
         <input_file_ref idref="fl-4"/>
      </object_component>
      <object_component id="oc-c9">
         <name>.debug_info</name>
         <load_address>0x916e</load_address>
         <run_address>0x916e</run_address>
         <size>0x25c</size>
         <input_file_ref idref="fl-4"/>
      </object_component>
      <object_component id="oc-1a7">
         <name>.debug_info</name>
         <load_address>0x93ca</load_address>
         <run_address>0x93ca</run_address>
         <size>0x1ec</size>
         <input_file_ref idref="fl-4"/>
      </object_component>
      <object_component id="oc-cf">
         <name>.debug_info</name>
         <load_address>0x95b6</load_address>
         <run_address>0x95b6</run_address>
         <size>0x224</size>
         <input_file_ref idref="fl-4"/>
      </object_component>
      <object_component id="oc-10e">
         <name>.debug_info</name>
         <load_address>0x97da</load_address>
         <run_address>0x97da</run_address>
         <size>0x1c1</size>
         <input_file_ref idref="fl-4"/>
      </object_component>
      <object_component id="oc-139">
         <name>.debug_info</name>
         <load_address>0x999b</load_address>
         <run_address>0x999b</run_address>
         <size>0x178</size>
         <input_file_ref idref="fl-4"/>
      </object_component>
      <object_component id="oc-115">
         <name>.debug_info</name>
         <load_address>0x9b13</load_address>
         <run_address>0x9b13</run_address>
         <size>0x192</size>
         <input_file_ref idref="fl-4"/>
      </object_component>
      <object_component id="oc-c4">
         <name>.debug_info</name>
         <load_address>0x9ca5</load_address>
         <run_address>0x9ca5</run_address>
         <size>0x15f</size>
         <input_file_ref idref="fl-4"/>
      </object_component>
      <object_component id="oc-12d">
         <name>.debug_info</name>
         <load_address>0x9e04</load_address>
         <run_address>0x9e04</run_address>
         <size>0x15a</size>
         <input_file_ref idref="fl-4"/>
      </object_component>
      <object_component id="oc-109">
         <name>.debug_info</name>
         <load_address>0x9f5e</load_address>
         <run_address>0x9f5e</run_address>
         <size>0x154</size>
         <input_file_ref idref="fl-4"/>
      </object_component>
      <object_component id="oc-a4">
         <name>.debug_info</name>
         <load_address>0xa0b2</load_address>
         <run_address>0xa0b2</run_address>
         <size>0x204</size>
         <input_file_ref idref="fl-4"/>
      </object_component>
      <object_component id="oc-78">
         <name>.debug_info</name>
         <load_address>0xa2b6</load_address>
         <run_address>0xa2b6</run_address>
         <size>0x186</size>
         <input_file_ref idref="fl-4"/>
      </object_component>
      <object_component id="oc-13e">
         <name>.debug_info</name>
         <load_address>0xa43c</load_address>
         <run_address>0xa43c</run_address>
         <size>0x8b</size>
         <input_file_ref idref="fl-4"/>
      </object_component>
      <object_component id="oc-b6">
         <name>.debug_info</name>
         <load_address>0xa4c7</load_address>
         <run_address>0xa4c7</run_address>
         <size>0x165</size>
         <input_file_ref idref="fl-5"/>
      </object_component>
      <object_component id="oc-1f3">
         <name>.debug_info</name>
         <load_address>0xa62c</load_address>
         <run_address>0xa62c</run_address>
         <size>0x59a</size>
         <input_file_ref idref="fl-6"/>
      </object_component>
      <object_component id="oc-22b">
         <name>.debug_info</name>
         <load_address>0xabc6</load_address>
         <run_address>0xabc6</run_address>
         <size>0x1ff</size>
         <input_file_ref idref="fl-6"/>
      </object_component>
      <object_component id="oc-11a">
         <name>.debug_info</name>
         <load_address>0xadc5</load_address>
         <run_address>0xadc5</run_address>
         <size>0x151</size>
         <input_file_ref idref="fl-6"/>
      </object_component>
      <object_component id="oc-1ed">
         <name>.debug_info</name>
         <load_address>0xaf16</load_address>
         <run_address>0xaf16</run_address>
         <size>0x16b</size>
         <input_file_ref idref="fl-6"/>
      </object_component>
      <object_component id="oc-e4">
         <name>.debug_info</name>
         <load_address>0xb081</load_address>
         <run_address>0xb081</run_address>
         <size>0x1b5</size>
         <input_file_ref idref="fl-6"/>
      </object_component>
      <object_component id="oc-290">
         <name>.debug_info</name>
         <load_address>0xb236</load_address>
         <run_address>0xb236</run_address>
         <size>0x1a6</size>
         <input_file_ref idref="fl-6"/>
      </object_component>
      <object_component id="oc-197">
         <name>.debug_info</name>
         <load_address>0xb3dc</load_address>
         <run_address>0xb3dc</run_address>
         <size>0x1c5</size>
         <input_file_ref idref="fl-6"/>
      </object_component>
      <object_component id="oc-7e">
         <name>.debug_info</name>
         <load_address>0xb5a1</load_address>
         <run_address>0xb5a1</run_address>
         <size>0x305</size>
         <input_file_ref idref="fl-7"/>
      </object_component>
      <object_component id="oc-24">
         <name>.debug_info</name>
         <load_address>0xb8a6</load_address>
         <run_address>0xb8a6</run_address>
         <size>0x131</size>
         <input_file_ref idref="fl-7"/>
      </object_component>
      <object_component id="oc-65">
         <name>.debug_info</name>
         <load_address>0xb9d7</load_address>
         <run_address>0xb9d7</run_address>
         <size>0x194</size>
         <input_file_ref idref="fl-7"/>
      </object_component>
      <object_component id="oc-6b">
         <name>.debug_info</name>
         <load_address>0xbb6b</load_address>
         <run_address>0xbb6b</run_address>
         <size>0x17c</size>
         <input_file_ref idref="fl-7"/>
      </object_component>
      <object_component id="oc-34c">
         <name>.debug_info</name>
         <load_address>0xbce7</load_address>
         <run_address>0xbce7</run_address>
         <size>0x598</size>
         <input_file_ref idref="fl-14"/>
      </object_component>
      <object_component id="oc-32b">
         <name>.debug_info</name>
         <load_address>0xc27f</load_address>
         <run_address>0xc27f</run_address>
         <size>0x14d</size>
         <input_file_ref idref="fl-14"/>
      </object_component>
      <object_component id="oc-32e">
         <name>.debug_info</name>
         <load_address>0xc3cc</load_address>
         <run_address>0xc3cc</run_address>
         <size>0x14e</size>
         <input_file_ref idref="fl-14"/>
      </object_component>
      <object_component id="oc-2ab">
         <name>.debug_info</name>
         <load_address>0xc51a</load_address>
         <run_address>0xc51a</run_address>
         <size>0x2fc</size>
         <input_file_ref idref="fl-14"/>
      </object_component>
      <object_component id="oc-360">
         <name>.debug_info</name>
         <load_address>0xc816</load_address>
         <run_address>0xc816</run_address>
         <size>0x3d0</size>
         <input_file_ref idref="fl-15"/>
      </object_component>
      <object_component id="oc-2b2">
         <name>.debug_info</name>
         <load_address>0xcbe6</load_address>
         <run_address>0xcbe6</run_address>
         <size>0x2d8</size>
         <input_file_ref idref="fl-15"/>
      </object_component>
      <object_component id="oc-35c">
         <name>.debug_info</name>
         <load_address>0xcebe</load_address>
         <run_address>0xcebe</run_address>
         <size>0x37b</size>
         <input_file_ref idref="fl-15"/>
      </object_component>
      <object_component id="oc-350">
         <name>.debug_info</name>
         <load_address>0xd239</load_address>
         <run_address>0xd239</run_address>
         <size>0x373</size>
         <input_file_ref idref="fl-15"/>
      </object_component>
      <object_component id="oc-397">
         <name>.debug_info</name>
         <load_address>0xd5ac</load_address>
         <run_address>0xd5ac</run_address>
         <size>0x11ed</size>
         <input_file_ref idref="fl-16"/>
      </object_component>
      <object_component id="oc-349">
         <name>.debug_info</name>
         <load_address>0xe799</load_address>
         <run_address>0xe799</run_address>
         <size>0x158</size>
         <input_file_ref idref="fl-16"/>
      </object_component>
      <object_component id="oc-346">
         <name>.debug_info</name>
         <load_address>0xe8f1</load_address>
         <run_address>0xe8f1</run_address>
         <size>0x158</size>
         <input_file_ref idref="fl-16"/>
      </object_component>
      <object_component id="oc-343">
         <name>.debug_info</name>
         <load_address>0xea49</load_address>
         <run_address>0xea49</run_address>
         <size>0x158</size>
         <input_file_ref idref="fl-16"/>
      </object_component>
      <object_component id="oc-340">
         <name>.debug_info</name>
         <load_address>0xeba1</load_address>
         <run_address>0xeba1</run_address>
         <size>0x15a</size>
         <input_file_ref idref="fl-16"/>
      </object_component>
      <object_component id="oc-33d">
         <name>.debug_info</name>
         <load_address>0xecfb</load_address>
         <run_address>0xecfb</run_address>
         <size>0x15a</size>
         <input_file_ref idref="fl-16"/>
      </object_component>
      <object_component id="oc-33a">
         <name>.debug_info</name>
         <load_address>0xee55</load_address>
         <run_address>0xee55</run_address>
         <size>0x15a</size>
         <input_file_ref idref="fl-16"/>
      </object_component>
      <object_component id="oc-337">
         <name>.debug_info</name>
         <load_address>0xefaf</load_address>
         <run_address>0xefaf</run_address>
         <size>0x15c</size>
         <input_file_ref idref="fl-16"/>
      </object_component>
      <object_component id="oc-334">
         <name>.debug_info</name>
         <load_address>0xf10b</load_address>
         <run_address>0xf10b</run_address>
         <size>0x15c</size>
         <input_file_ref idref="fl-16"/>
      </object_component>
      <object_component id="oc-331">
         <name>.debug_info</name>
         <load_address>0xf267</load_address>
         <run_address>0xf267</run_address>
         <size>0x15c</size>
         <input_file_ref idref="fl-16"/>
      </object_component>
      <object_component id="oc-3f9">
         <name>.debug_info</name>
         <load_address>0xf3c3</load_address>
         <run_address>0xf3c3</run_address>
         <size>0x47d</size>
         <input_file_ref idref="fl-17"/>
      </object_component>
      <object_component id="oc-354">
         <name>.debug_info</name>
         <load_address>0xf840</load_address>
         <run_address>0xf840</run_address>
         <size>0x34f</size>
         <input_file_ref idref="fl-17"/>
      </object_component>
      <object_component id="oc-3ee">
         <name>.debug_info</name>
         <load_address>0xfb8f</load_address>
         <run_address>0xfb8f</run_address>
         <size>0x395</size>
         <input_file_ref idref="fl-17"/>
      </object_component>
      <object_component id="oc-3e2">
         <name>.debug_info</name>
         <load_address>0xff24</load_address>
         <run_address>0xff24</run_address>
         <size>0x3b6</size>
         <input_file_ref idref="fl-17"/>
      </object_component>
      <object_component id="oc-42b">
         <name>.debug_info</name>
         <load_address>0x102da</load_address>
         <run_address>0x102da</run_address>
         <size>0x3e4</size>
         <input_file_ref idref="fl-18"/>
      </object_component>
      <object_component id="oc-3ea">
         <name>.debug_info</name>
         <load_address>0x106be</load_address>
         <run_address>0x106be</run_address>
         <size>0x474</size>
         <input_file_ref idref="fl-18"/>
      </object_component>
      <object_component id="oc-3de">
         <name>.debug_info</name>
         <load_address>0x10b32</load_address>
         <run_address>0x10b32</run_address>
         <size>0x486</size>
         <input_file_ref idref="fl-18"/>
      </object_component>
      <object_component id="oc-3f5">
         <name>.debug_info</name>
         <load_address>0x10fb8</load_address>
         <run_address>0x10fb8</run_address>
         <size>0x1b1</size>
         <input_file_ref idref="fl-1a"/>
      </object_component>
      <object_component id="oc-405">
         <name>.debug_info</name>
         <load_address>0x11169</load_address>
         <run_address>0x11169</run_address>
         <size>0x677</size>
         <input_file_ref idref="fl-1b"/>
      </object_component>
      <object_component id="oc-3d1">
         <name>.debug_info</name>
         <load_address>0x117e0</load_address>
         <run_address>0x117e0</run_address>
         <size>0x154</size>
         <input_file_ref idref="fl-1b"/>
      </object_component>
      <object_component id="oc-3c9">
         <name>.debug_info</name>
         <load_address>0x11934</load_address>
         <run_address>0x11934</run_address>
         <size>0x154</size>
         <input_file_ref idref="fl-1b"/>
      </object_component>
      <object_component id="oc-3c1">
         <name>.debug_info</name>
         <load_address>0x11a88</load_address>
         <run_address>0x11a88</run_address>
         <size>0x154</size>
         <input_file_ref idref="fl-1b"/>
      </object_component>
      <object_component id="oc-3b9">
         <name>.debug_info</name>
         <load_address>0x11bdc</load_address>
         <run_address>0x11bdc</run_address>
         <size>0x156</size>
         <input_file_ref idref="fl-1b"/>
      </object_component>
      <object_component id="oc-3b1">
         <name>.debug_info</name>
         <load_address>0x11d32</load_address>
         <run_address>0x11d32</run_address>
         <size>0x156</size>
         <input_file_ref idref="fl-1b"/>
      </object_component>
      <object_component id="oc-3a9">
         <name>.debug_info</name>
         <load_address>0x11e88</load_address>
         <run_address>0x11e88</run_address>
         <size>0x156</size>
         <input_file_ref idref="fl-1b"/>
      </object_component>
      <object_component id="oc-3a1">
         <name>.debug_info</name>
         <load_address>0x11fde</load_address>
         <run_address>0x11fde</run_address>
         <size>0x158</size>
         <input_file_ref idref="fl-1b"/>
      </object_component>
      <object_component id="oc-399">
         <name>.debug_info</name>
         <load_address>0x12136</load_address>
         <run_address>0x12136</run_address>
         <size>0x158</size>
         <input_file_ref idref="fl-1b"/>
      </object_component>
      <object_component id="oc-390">
         <name>.debug_info</name>
         <load_address>0x1228e</load_address>
         <run_address>0x1228e</run_address>
         <size>0x158</size>
         <input_file_ref idref="fl-1b"/>
      </object_component>
      <object_component id="oc-3d4">
         <name>.debug_info</name>
         <load_address>0x123e6</load_address>
         <run_address>0x123e6</run_address>
         <size>0x168</size>
         <input_file_ref idref="fl-1b"/>
      </object_component>
      <object_component id="oc-3cc">
         <name>.debug_info</name>
         <load_address>0x1254e</load_address>
         <run_address>0x1254e</run_address>
         <size>0x168</size>
         <input_file_ref idref="fl-1b"/>
      </object_component>
      <object_component id="oc-3c4">
         <name>.debug_info</name>
         <load_address>0x126b6</load_address>
         <run_address>0x126b6</run_address>
         <size>0x168</size>
         <input_file_ref idref="fl-1b"/>
      </object_component>
      <object_component id="oc-3bc">
         <name>.debug_info</name>
         <load_address>0x1281e</load_address>
         <run_address>0x1281e</run_address>
         <size>0x16a</size>
         <input_file_ref idref="fl-1b"/>
      </object_component>
      <object_component id="oc-3b4">
         <name>.debug_info</name>
         <load_address>0x12988</load_address>
         <run_address>0x12988</run_address>
         <size>0x16a</size>
         <input_file_ref idref="fl-1b"/>
      </object_component>
      <object_component id="oc-3ac">
         <name>.debug_info</name>
         <load_address>0x12af2</load_address>
         <run_address>0x12af2</run_address>
         <size>0x16a</size>
         <input_file_ref idref="fl-1b"/>
      </object_component>
      <object_component id="oc-3a4">
         <name>.debug_info</name>
         <load_address>0x12c5c</load_address>
         <run_address>0x12c5c</run_address>
         <size>0x16c</size>
         <input_file_ref idref="fl-1b"/>
      </object_component>
      <object_component id="oc-39c">
         <name>.debug_info</name>
         <load_address>0x12dc8</load_address>
         <run_address>0x12dc8</run_address>
         <size>0x16c</size>
         <input_file_ref idref="fl-1b"/>
      </object_component>
      <object_component id="oc-393">
         <name>.debug_info</name>
         <load_address>0x12f34</load_address>
         <run_address>0x12f34</run_address>
         <size>0x16c</size>
         <input_file_ref idref="fl-1b"/>
      </object_component>
      <object_component id="oc-2f7">
         <name>.debug_info</name>
         <load_address>0x130a0</load_address>
         <run_address>0x130a0</run_address>
         <size>0x702</size>
         <input_file_ref idref="fl-1d"/>
      </object_component>
      <object_component id="oc-28a">
         <name>.debug_info</name>
         <load_address>0x137a2</load_address>
         <run_address>0x137a2</run_address>
         <size>0x120</size>
         <input_file_ref idref="fl-1d"/>
      </object_component>
      <object_component id="oc-286">
         <name>.debug_info</name>
         <load_address>0x138c2</load_address>
         <run_address>0x138c2</run_address>
         <size>0x1d5</size>
         <input_file_ref idref="fl-1d"/>
      </object_component>
      <object_component id="oc-2ef">
         <name>.debug_info</name>
         <load_address>0x13a97</load_address>
         <run_address>0x13a97</run_address>
         <size>0x1b4</size>
         <input_file_ref idref="fl-1d"/>
      </object_component>
      <object_component id="oc-201">
         <name>.debug_info</name>
         <load_address>0x13c4b</load_address>
         <run_address>0x13c4b</run_address>
         <size>0x1a9</size>
         <input_file_ref idref="fl-1d"/>
      </object_component>
      <object_component id="oc-219">
         <name>.debug_info</name>
         <load_address>0x13df4</load_address>
         <run_address>0x13df4</run_address>
         <size>0x22f</size>
         <input_file_ref idref="fl-1d"/>
      </object_component>
      <object_component id="oc-207">
         <name>.debug_info</name>
         <load_address>0x14023</load_address>
         <run_address>0x14023</run_address>
         <size>0x2f6</size>
         <input_file_ref idref="fl-1d"/>
      </object_component>
      <object_component id="oc-20d">
         <name>.debug_info</name>
         <load_address>0x14319</load_address>
         <run_address>0x14319</run_address>
         <size>0x1e6</size>
         <input_file_ref idref="fl-1d"/>
      </object_component>
      <object_component id="oc-213">
         <name>.debug_info</name>
         <load_address>0x144ff</load_address>
         <run_address>0x144ff</run_address>
         <size>0x297</size>
         <input_file_ref idref="fl-1d"/>
      </object_component>
      <object_component id="oc-259">
         <name>.debug_info</name>
         <load_address>0x14796</load_address>
         <run_address>0x14796</run_address>
         <size>0x1d5</size>
         <input_file_ref idref="fl-1d"/>
      </object_component>
      <object_component id="oc-25f">
         <name>.debug_info</name>
         <load_address>0x1496b</load_address>
         <run_address>0x1496b</run_address>
         <size>0x1c6</size>
         <input_file_ref idref="fl-1d"/>
      </object_component>
      <object_component id="oc-220">
         <name>.debug_info</name>
         <load_address>0x14b31</load_address>
         <run_address>0x14b31</run_address>
         <size>0x357</size>
         <input_file_ref idref="fl-1d"/>
      </object_component>
      <object_component id="oc-187">
         <name>.debug_info</name>
         <load_address>0x14e88</load_address>
         <run_address>0x14e88</run_address>
         <size>0x20b</size>
         <input_file_ref idref="fl-1d"/>
      </object_component>
      <object_component id="oc-375">
         <name>.debug_info</name>
         <load_address>0x15093</load_address>
         <run_address>0x15093</run_address>
         <size>0x431a</size>
         <input_file_ref idref="fl-1d"/>
      </object_component>
      <object_component id="oc-2fc">
         <name>.debug_info</name>
         <load_address>0x193ad</load_address>
         <run_address>0x193ad</run_address>
         <size>0x6fd</size>
         <input_file_ref idref="fl-1e"/>
      </object_component>
      <object_component id="oc-232">
         <name>.debug_info</name>
         <load_address>0x19aaa</load_address>
         <run_address>0x19aaa</run_address>
         <size>0x131</size>
         <input_file_ref idref="fl-1e"/>
      </object_component>
      <object_component id="oc-120">
         <name>.debug_info</name>
         <load_address>0x19bdb</load_address>
         <run_address>0x19bdb</run_address>
         <size>0x24e</size>
         <input_file_ref idref="fl-1e"/>
      </object_component>
      <object_component id="oc-224">
         <name>.debug_info</name>
         <load_address>0x19e29</load_address>
         <run_address>0x19e29</run_address>
         <size>0x29f</size>
         <input_file_ref idref="fl-1e"/>
      </object_component>
      <object_component id="oc-1d8">
         <name>.debug_info</name>
         <load_address>0x1a0c8</load_address>
         <run_address>0x1a0c8</run_address>
         <size>0x256</size>
         <input_file_ref idref="fl-1e"/>
      </object_component>
      <object_component id="oc-1de">
         <name>.debug_info</name>
         <load_address>0x1a31e</load_address>
         <run_address>0x1a31e</run_address>
         <size>0x254</size>
         <input_file_ref idref="fl-1e"/>
      </object_component>
      <object_component id="oc-23e">
         <name>.debug_info</name>
         <load_address>0x1a572</load_address>
         <run_address>0x1a572</run_address>
         <size>0x26b</size>
         <input_file_ref idref="fl-20"/>
      </object_component>
      <object_component id="oc-24d">
         <name>.debug_info</name>
         <load_address>0x1a7dd</load_address>
         <run_address>0x1a7dd</run_address>
         <size>0x1f9</size>
         <input_file_ref idref="fl-20"/>
      </object_component>
      <object_component id="oc-253">
         <name>.debug_info</name>
         <load_address>0x1a9d6</load_address>
         <run_address>0x1a9d6</run_address>
         <size>0x205</size>
         <input_file_ref idref="fl-20"/>
      </object_component>
      <object_component id="oc-c0">
         <name>.debug_info</name>
         <load_address>0x1abdb</load_address>
         <run_address>0x1abdb</run_address>
         <size>0x1e6</size>
         <input_file_ref idref="fl-20"/>
      </object_component>
      <object_component id="oc-102">
         <name>.debug_info</name>
         <load_address>0x1adc1</load_address>
         <run_address>0x1adc1</run_address>
         <size>0x1c5</size>
         <input_file_ref idref="fl-21"/>
      </object_component>
      <object_component id="oc-36b">
         <name>.debug_info</name>
         <load_address>0x1af86</load_address>
         <run_address>0x1af86</run_address>
         <size>0x46</size>
         <input_file_ref idref="fl-d9"/>
      </object_component>
      <object_component id="oc-2d8">
         <name>.debug_info</name>
         <load_address>0x1afcc</load_address>
         <run_address>0x1afcc</run_address>
         <size>0x39</size>
         <input_file_ref idref="fl-d9"/>
      </object_component>
      <object_component id="oc-2dd">
         <name>.debug_info</name>
         <load_address>0x1b005</load_address>
         <run_address>0x1b005</run_address>
         <size>0x2ca</size>
         <input_file_ref idref="fl-da"/>
      </object_component>
      <object_component id="oc-1b9">
         <name>.debug_info</name>
         <load_address>0x1b2cf</load_address>
         <run_address>0x1b2cf</run_address>
         <size>0x24d</size>
         <input_file_ref idref="fl-da"/>
      </object_component>
      <object_component id="oc-362">
         <name>.debug_info</name>
         <load_address>0x1b51c</load_address>
         <run_address>0x1b51c</run_address>
         <size>0x2cb</size>
         <input_file_ref idref="fl-dd"/>
      </object_component>
      <object_component id="oc-2b8">
         <name>.debug_info</name>
         <load_address>0x1b7e7</load_address>
         <run_address>0x1b7e7</run_address>
         <size>0x171</size>
         <input_file_ref idref="fl-dd"/>
      </object_component>
      <object_component id="oc-245">
         <name>.debug_info</name>
         <load_address>0x1b958</load_address>
         <run_address>0x1b958</run_address>
         <size>0x171</size>
         <input_file_ref idref="fl-de"/>
      </object_component>
      <object_component id="oc-2ce">
         <name>.debug_info</name>
         <load_address>0x1bac9</load_address>
         <run_address>0x1bac9</run_address>
         <size>0x14f</size>
         <input_file_ref idref="fl-df"/>
      </object_component>
      <object_component id="oc-1d3">
         <name>.debug_info</name>
         <load_address>0x1bc18</load_address>
         <run_address>0x1bc18</run_address>
         <size>0x12d</size>
         <input_file_ref idref="fl-e0"/>
      </object_component>
      <object_component id="oc-1ce">
         <name>.debug_info</name>
         <load_address>0x1bd45</load_address>
         <run_address>0x1bd45</run_address>
         <size>0x13d</size>
         <input_file_ref idref="fl-e2"/>
      </object_component>
      <object_component id="oc-1c0">
         <name>.debug_info</name>
         <load_address>0x1be82</load_address>
         <run_address>0x1be82</run_address>
         <size>0x131</size>
         <input_file_ref idref="fl-e3"/>
      </object_component>
      <object_component id="oc-1c9">
         <name>.debug_info</name>
         <load_address>0x1bfb3</load_address>
         <run_address>0x1bfb3</run_address>
[...]
         <value>0x11fac</value>
         <object_component_ref idref="oc-345"/>
      </symbol>
      <symbol id="sm-2a1">
         <name>arm_cfft_sR_q15_len1024</name>
         <value>0x11f5c</value>
         <object_component_ref idref="oc-336"/>
      </symbol>
      <symbol id="sm-2a2">
         <name>arm_cfft_sR_q15_len2048</name>
         <value>0x11f8c</value>
         <object_component_ref idref="oc-333"/>
      </symbol>
      <symbol id="sm-2d5">
         <name>arm_cfft_q15</name>
         <value>0x137a7</value>
         <object_component_ref idref="oc-353"/>
      </symbol>
      <symbol id="sm-2d6">
         <name>arm_cfft_radix4by2_q15</name>
         <value>0x13005</value>
         <object_component_ref idref="oc-3ed"/>
      </symbol>
      <symbol id="sm-2d7">
         <name>arm_cfft_radix4by2_inverse_q15</name>
         <value>0x12e79</value>
         <object_component_ref idref="oc-3e1"/>
      </symbol>
      <symbol id="sm-304">
         <name>arm_radix4_butterfly_inverse_q15</name>
         <value>0x11fed</value>
         <object_component_ref idref="oc-3db"/>
      </symbol>
      <symbol id="sm-305">
         <name>arm_radix4_butterfly_q15</name>
         <value>0x12495</value>
         <object_component_ref idref="oc-3e7"/>
      </symbol>
      <symbol id="sm-311">
         <name>arm_bitreversal_32</name>
         <value>0x1388f</value>
         <object_component_ref idref="oc-3f3"/>
      </symbol>
      <symbol id="sm-312">
         <name>arm_bitreversal_16</name>
         <value>0x138f9</value>
         <object_component_ref idref="oc-3f3"/>
      </symbol>
      <symbol id="sm-383">
         <name>armBitRevIndexTable_fixed_256</name>
         <value>0x11864</value>
         <object_component_ref idref="oc-3b3"/>
      </symbol>
      <symbol id="sm-384">
         <name>twiddleCoef_128_q15</name>
         <value>0x11a44</value>
         <object_component_ref idref="oc-3b8"/>
      </symbol>
      <symbol id="sm-385">
         <name>twiddleCoef_16_q15</name>
         <value>0x11f14</value>
         <object_component_ref idref="oc-3d0"/>
      </symbol>
      <symbol id="sm-386">
         <name>twiddleCoef_2048_q15</name>
         <value>0xd064</value>
         <object_component_ref idref="oc-398"/>
      </symbol>
      <symbol id="sm-387">
         <name>armBitRevIndexTable_fixed_16</name>
         <value>0x11f44</value>
         <object_component_ref idref="oc-3d3"/>
      </symbol>
      <symbol id="sm-388">
         <name>armBitRevIndexTable_fixed_32</name>
         <value>0x11ee4</value>
         <object_component_ref idref="oc-3cb"/>
      </symbol>
      <symbol id="sm-389">
         <name>armBitRevIndexTable_fixed_1024</name>
         <value>0x103e4</value>
         <object_component_ref idref="oc-3a3"/>
      </symbol>
      <symbol id="sm-38a">
         <name>armBitRevIndexTable_fixed_4096</name>
         <value>0xb0e4</value>
         <object_component_ref idref="oc-392"/>
      </symbol>
      <symbol id="sm-38b">
         <name>twiddleCoef_64_q15</name>
         <value>0x11ca4</value>
         <object_component_ref idref="oc-3c0"/>
      </symbol>
      <symbol id="sm-38c">
         <name>armBitRevIndexTable_fixed_64</name>
         <value>0x11de4</value>
         <object_component_ref idref="oc-3c3"/>
      </symbol>
      <symbol id="sm-38d">
         <name>armBitRevIndexTable_fixed_128</name>
         <value>0x11bc4</value>
         <object_component_ref idref="oc-3bb"/>
      </symbol>
      <symbol id="sm-38e">
         <name>twiddleCoef_4096_q15</name>
         <value>0x80e4</value>
         <object_component_ref idref="oc-38f"/>
      </symbol>
      <symbol id="sm-38f">
         <name>armBitRevIndexTable_fixed_512</name>
         <value>0x111a4</value>
         <object_component_ref idref="oc-3ab"/>
      </symbol>
      <symbol id="sm-390">
         <name>twiddleCoef_32_q15</name>
         <value>0x11e54</value>
         <object_component_ref idref="oc-3c8"/>
      </symbol>
      <symbol id="sm-391">
         <name>twiddleCoef_256_q15</name>
         <value>0x11564</value>
         <object_component_ref idref="oc-3b0"/>
      </symbol>
      <symbol id="sm-392">
         <name>twiddleCoef_1024_q15</name>
         <value>0xf7e4</value>
         <object_component_ref idref="oc-3a0"/>
      </symbol>
      <symbol id="sm-393">
         <name>armBitRevIndexTable_fixed_2048</name>
         <value>0xe864</value>
         <object_component_ref idref="oc-39b"/>
      </symbol>
      <symbol id="sm-394">
         <name>twiddleCoef_512_q15</name>
         <value>0x10ba4</value>
         <object_component_ref idref="oc-3a8"/>
      </symbol>
      <symbol id="sm-45c">
         <name>ADC14_configureSingleSampleMode</name>
         <value>0x14515</value>
         <object_component_ref idref="oc-210"/>
      </symbol>
      <symbol id="sm-45d">
         <name>ADC14_enableSampleTimer</name>
         <value>0x14865</value>
         <object_component_ref idref="oc-216"/>
      </symbol>
      <symbol id="sm-45e">
         <name>ADC14_enableConversion</name>
         <value>0x14989</value>
         <object_component_ref idref="oc-256"/>
      </symbol>
      <symbol id="sm-45f">
         <name>ADC14_setResolution</name>
         <value>0x14a99</value>
         <object_component_ref idref="oc-20a"/>
      </symbol>
      <symbol id="sm-460">
         <name>ADC14_toggleConversionTrigger</name>
         <value>0x1495d</value>
         <object_component_ref idref="oc-25c"/>
      </symbol>
      <symbol id="sm-461">
         <name>ADC14_initModule</name>
         <value>0x1456d</value>
         <object_component_ref idref="oc-204"/>
      </symbol>
      <symbol id="sm-462">
         <name>ADC14_configureConversionMemory</name>
         <value>0x13ab9</value>
         <object_component_ref idref="oc-21d"/>
      </symbol>
      <symbol id="sm-463">
         <name>ADC14_enableModule</name>
         <value>0x14b8d</value>
         <object_component_ref idref="oc-1fe"/>
      </symbol>
      <symbol id="sm-464">
         <name>ADC14_getResult</name>
         <value>0x14af9</value>
         <object_component_ref idref="oc-183"/>
      </symbol>
      <symbol id="sm-49d">
         <name>GPIO_setOutputHighOnPin</name>
         <value>0x149b1</value>
         <object_component_ref idref="oc-1d7"/>
      </symbol>
      <symbol id="sm-49e">
         <name>GPIO_setAsOutputPin</name>
         <value>0x14735</value>
         <object_component_ref idref="oc-11f"/>
      </symbol>
      <symbol id="sm-49f">
         <name>GPIO_setOutputLowOnPin</name>
         <value>0x149d9</value>
         <object_component_ref idref="oc-1dd"/>
      </symbol>
      <symbol id="sm-4a0">
         <name>GPIO_setAsPeripheralModuleFunctionInputPin</name>
         <value>0x13f99</value>
         <object_component_ref idref="oc-223"/>
      </symbol>
      <symbol id="sm-4d2">
         <name>Timer32_startTimer</name>
         <value>0x147f5</value>
         <object_component_ref idref="oc-24f"/>
      </symbol>
      <symbol id="sm-4d3">
         <name>Timer32_setCount</name>
         <value>0x14899</value>
         <object_component_ref idref="oc-249"/>
      </symbol>
      <symbol id="sm-4d4">
         <name>Timer32_initModule</name>
         <value>0x143e1</value>
         <object_component_ref idref="oc-23a"/>
      </symbol>
      <symbol id="sm-4d5">
         <name>Timer32_clearInterruptFlag</name>
         <value>0x14b45</value>
         <object_component_ref idref="oc-bc"/>
      </symbol>
      <symbol id="sm-4e1">
         <name>WDT_A_holdTimer</name>
         <value>0x14a75</value>
         <object_component_ref idref="oc-101"/>
      </symbol>
      <symbol id="sm-510">
         <name>sqrtl</name>
         <value>0x132f1</value>
         <object_component_ref idref="oc-1b8"/>
      </symbol>
      <symbol id="sm-511">
         <name>sqrt</name>
         <value>0x132f1</value>
         <object_component_ref idref="oc-1b8"/>
      </symbol>
      <symbol id="sm-523">
         <name>sqrtf</name>
         <value>0x14a29</value>
         <object_component_ref idref="oc-2b5"/>
      </symbol>
      <symbol id="sm-537">
         <name>cosf</name>
         <value>0x13951</value>
         <object_component_ref idref="oc-241"/>
      </symbol>
      <symbol id="sm-54e">
         <name>__aeabi_dsub</name>
         <value>0x12b19</value>
         <object_component_ref idref="oc-2cc"/>
      </symbol>
      <symbol id="sm-54f">
         <name>__aeabi_dadd</name>
         <value>0x12b23</value>
         <object_component_ref idref="oc-2cc"/>
      </symbol>
      <symbol id="sm-561">
         <name>__aeabi_cdrcmple</name>
         <value>0x14021</value>
         <object_component_ref idref="oc-1d2"/>
      </symbol>
      <symbol id="sm-56d">
         <name>__aeabi_dmul</name>
         <value>0x136ab</value>
         <object_component_ref idref="oc-1cd"/>
      </symbol>
      <symbol id="sm-577">
         <name>__aeabi_d2iz</name>
         <value>0x14663</value>
         <object_component_ref idref="oc-1be"/>
      </symbol>
      <symbol id="sm-583">
         <name>__aeabi_i2d</name>
         <value>0x1492d</value>
         <object_component_ref idref="oc-1c8"/>
      </symbol>
      <symbol id="sm-58d">
         <name>__aeabi_l2d</name>
         <value>0x14775</value>
         <object_component_ref idref="oc-1b3"/>
      </symbol>
      <symbol id="sm-597">
         <name>__aeabi_ui2d</name>
         <value>0x14ad9</value>
         <object_component_ref idref="oc-1c3"/>
      </symbol>
      <symbol id="sm-5a5">
         <name>__aeabi_ldivmod</name>
         <value>0x1429d</value>
         <object_component_ref idref="oc-1ae"/>
      </symbol>
      <symbol id="sm-5b2">
         <name>__aeabi_uldivmod</name>
         <value>0x13dd9</value>
         <object_component_ref idref="oc-2c5"/>
      </symbol>
      <symbol id="sm-5c4">
         <name>__TI_zero_init</name>
         <value>0x14ba5</value>
         <object_component_ref idref="oc-46"/>
      </symbol>
      <symbol id="sm-5db">
         <name>__TI_decompress_none</name>
         <value>0x14b7d</value>
         <object_component_ref idref="oc-1a"/>
      </symbol>
      <symbol id="sm-5fe">
         <name>__TI_decompress_lzss</name>
         <value>0x14449</value>
         <object_component_ref idref="oc-14"/>
      </symbol>
      <symbol id="sm-614">
         <name>__aeabi_errno_addr</name>
         <value>0x14bc9</value>
         <object_component_ref idref="oc-2d1"/>
      </symbol>
      <symbol id="sm-615">
         <name>errno</name>
         <value>0x20004a6c</value>
         <object_component_ref idref="oc-366"/>
      </symbol>
      <symbol id="sm-628">
         <name>__stack</name>
         <value>0x2000fe00</value>
         <object_component_ref idref="oc-26"/>
      </symbol>
      <symbol id="sm-629">
         <name>_c_int00_noargs</name>
         <value>0x1482d</value>
         <object_component_ref idref="oc-52"/>
      </symbol>
      <symbol id="sm-634">
         <name>C$$EXIT</name>
         <value>0x14bd5</value>
         <object_component_ref idref="oc-143"/>
      </symbol>
      <symbol id="sm-635">
         <name>abort</name>
         <value>0x14bd5</value>
         <object_component_ref idref="oc-143"/>
      </symbol>
      <symbol id="sm-645">
         <name>strlen</name>
         <value>0x14b59</value>
         <object_component_ref idref="oc-19c"/>
      </symbol>
      <symbol id="sm-64f">
         <name>__aeabi_idiv0</name>
         <value>0x1293b</value>
         <object_component_ref idref="oc-2c0"/>
      </symbol>
      <symbol id="sm-650">
         <name>__aeabi_ldiv0</name>
         <value>0x1293b</value>
         <object_component_ref idref="oc-2c0"/>
      </symbol>
      <symbol id="sm-65f">
         <name>__aeabi_memset</name>
         <value>0x141ab</value>
         <object_component_ref idref="oc-96"/>
      </symbol>
      <symbol id="sm-660">
         <name>memset</name>
         <value>0x141b1</value>
         <object_component_ref idref="oc-96"/>
      </symbol>
      <symbol id="sm-661">
         <name>__aeabi_memset8</name>
         <value>0x141ab</value>
         <object_component_ref idref="oc-96"/>
      </symbol>
      <symbol id="sm-662">
         <name>__aeabi_memset4</name>
         <value>0x141ab</value>
         <object_component_ref idref="oc-96"/>
      </symbol>
      <symbol id="sm-663">
         <name>__aeabi_memclr8</name>
         <value>0x141a9</value>
         <object_component_ref idref="oc-96"/>
      </symbol>
      <symbol id="sm-664">
         <name>__aeabi_memclr4</name>
         <value>0x141a9</value>
         <object_component_ref idref="oc-96"/>
      </symbol>
      <symbol id="sm-665">
         <name>__aeabi_memclr</name>
         <value>0x141a9</value>
         <object_component_ref idref="oc-96"/>
      </symbol>
      <symbol id="sm-680">
         <name>memcpy</name>
         <value>0x13d3d</value>
         <object_component_ref idref="oc-34"/>
      </symbol>
      <symbol id="sm-681">
         <name>__aeabi_memcpy</name>
         <value>0x13d3d</value>
         <object_component_ref idref="oc-34"/>
      </symbol>
      <symbol id="sm-682">
         <name>__aeabi_memcpy8</name>
         <value>0x13d3d</value>
         <object_component_ref idref="oc-34"/>
      </symbol>
      <symbol id="sm-683">
         <name>__aeabi_memcpy4</name>
         <value>0x13d3d</value>
         <object_component_ref idref="oc-34"/>
      </symbol>
      <symbol id="sm-6ab">
         <name>__TI_auto_init_nobinit_nopinit</name>
         <value>0x146f1</value>
         <object_component_ref idref="oc-14f"/>
      </symbol>
      <symbol id="sm-6b5">
         <name>_system_pre_init</name>
         <value>0x14bd1</value>
         <object_component_ref idref="oc-9c"/>
      </symbol>
      <symbol id="sm-6b7">
         <name>__TI_static_base__</name>
         <value>0x0</value>
      </symbol>
      <symbol id="sm-6ba">
         <name>__mpu_init</name>
         <value>0x0</value>
      </symbol>
      <symbol id="sm-6bb">
         <name>_system_post_cinit</name>
         <value>0x0</value>
      </symbol>
      <symbol id="sm-6bc">
         <name>NMI_Handler</name>
         <value>0x12493</value>
      </symbol>
      <symbol id="sm-6bd">
         <name>HardFault_Handler</name>
         <value>0x12493</value>
      </symbol>
      <symbol id="sm-6be">
         <name>MemManage_Handler</name>
         <value>0x12493</value>
      </symbol>
      <symbol id="sm-6bf">
         <name>BusFault_Handler</name>
         <value>0x12493</value>
      </symbol>
      <symbol id="sm-6c0">
         <name>UsageFault_Handler</name>
         <value>0x12493</value>
      </symbol>
      <symbol id="sm-6c1">
         <name>SVC_Handler</name>
         <value>0x12493</value>
      </symbol>
      <symbol id="sm-6c2">
         <name>DebugMon_Handler</name>
         <value>0x12493</value>
      </symbol>
      <symbol id="sm-6c3">
         <name>PendSV_Handler</name>
         <value>0x12493</value>
      </symbol>
      <symbol id="sm-6c4">
         <name>SysTick_Handler</name>
         <value>0x12493</value>
      </symbol>
      <symbol id="sm-6c5">
         <name>PSS_IRQHandler</name>
         <value>0x12493</value>
      </symbol>
      <symbol id="sm-6c6">
         <name>CS_IRQHandler</name>
         <value>0x12493</value>
      </symbol>
      <symbol id="sm-6c7">
         <name>PCM_IRQHandler</name>
         <value>0x12493</value>
      </symbol>
      <symbol id="sm-6c8">
         <name>WDT_A_IRQHandler</name>
         <value>0x12493</value>
      </symbol>
      <symbol id="sm-6c9">
         <name>FPU_IRQHandler</name>
         <value>0x12493</value>
      </symbol>
      <symbol id="sm-6ca">
         <name>FLCTL_IRQHandler</name>
         <value>0x12493</value>
      </symbol>
      <symbol id="sm-6cb">
         <name>COMP_E0_IRQHandler</name>
         <value>0x12493</value>
      </symbol>
      <symbol id="sm-6cc">
         <name>COMP_E1_IRQHandler</name>
         <value>0x12493</value>
      </symbol>
      <symbol id="sm-6cd">
         <name>TA0_0_IRQHandler</name>
         <value>0x12493</value>
      </symbol>
      <symbol id="sm-6ce">
         <name>TA0_N_IRQHandler</name>
         <value>0x12493</value>
      </symbol>
      <symbol id="sm-6cf">
         <name>TA1_0_IRQHandler</name>
         <value>0x12493</value>
      </symbol>
      <symbol id="sm-6d0">
         <name>TA1_N_IRQHandler</name>
         <value>0x12493</value>
      </symbol>
      <symbol id="sm-6d1">
         <name>TA2_0_IRQHandler</name>
         <value>0x12493</value>
      </symbol>
      <symbol id="sm-6d2">
         <name>TA2_N_IRQHandler</name>
         <value>0x12493</value>
      </symbol>
      <symbol id="sm-6d3">
         <name>TA3_0_IRQHandler</name>
         <value>0x12493</value>
      </symbol>
      <symbol id="sm-6d4">
         <name>TA3_N_IRQHandler</name>
         <value>0x12493</value>
      </symbol>
      <symbol id="sm-6d5">
         <name>EUSCIA0_IRQHandler</name>
         <value>0x12493</value>
      </symbol>
      <symbol id="sm-6d6">
         <name>EUSCIA1_IRQHandler</name>
         <value>0x12493</value>
      </symbol>
      <symbol id="sm-6d7">
         <name>EUSCIA2_IRQHandler</name>
         <value>0x12493</value>
      </symbol>
      <symbol id="sm-6d8">
         <name>EUSCIA3_IRQHandler</name>
         <value>0x12493</value>
      </symbol>
      <symbol id="sm-6d9">
         <name>EUSCIB0_IRQHandler</name>
         <value>0x12493</value>
      </symbol>
      <symbol id="sm-6da">
         <name>EUSCIB1_IRQHandler</name>
         <value>0x12493</value>
      </symbol>
      <symbol id="sm-6db">
         <name>EUSCIB2_IRQHandler</name>
         <value>0x12493</value>
      </symbol>
      <symbol id="sm-6dc">
         <name>EUSCIB3_IRQHandler</name>
         <value>0x12493</value>
      </symbol>
      <symbol id="sm-6dd">
         <name>ADC14_IRQHandler</name>
         <value>0x12493</value>
      </symbol>
      <symbol id="sm-6de">
         <name>T32_INT1_IRQHandler</name>
         <value>0x146ad</value>
      </symbol>
      <symbol id="sm-6df">
         <name>T32_INT2_IRQHandler</name>
         <value>0x12493</value>
      </symbol>
      <symbol id="sm-6e0">
         <name>T32_INTC_IRQHandler</name>
         <value>0x12493</value>
      </symbol>
      <symbol id="sm-6e1">
         <name>AES256_IRQHandler</name>
         <value>0x12493</value>
      </symbol>
      <symbol id="sm-6e2">
         <name>RTC_C_IRQHandler</name>
         <value>0x12493</value>
      </symbol>
      <symbol id="sm-6e3">
         <name>DMA_ERR_IRQHandler</name>
         <value>0x12493</value>
      </symbol>
      <symbol id="sm-6e4">
         <name>DMA_INT3_IRQHandler</name>
         <value>0x12493</value>
      </symbol>
      <symbol id="sm-6e5">
         <name>DMA_INT2_IRQHandler</name>
         <value>0x12493</value>
      </symbol>
      <symbol id="sm-6e6">
         <name>DMA_INT1_IRQHandler</name>
         <value>0x12493</value>
      </symbol>
      <symbol id="sm-6e7">
         <name>DMA_INT0_IRQHandler</name>
         <value>0x12493</value>
      </symbol>
      <symbol id="sm-6e8">
         <name>PORT1_IRQHandler</name>
         <value>0x13f05</value>
      </symbol>
      <symbol id="sm-6e9">
         <name>PORT2_IRQHandler</name>
         <value>0x12493</value>
      </symbol>
      <symbol id="sm-6ea">
         <name>PORT3_IRQHandler</name>
         <value>0x12493</value>
      </symbol>
      <symbol id="sm-6eb">
         <name>PORT4_IRQHandler</name>
         <value>0x12493</value>
      </symbol>
      <symbol id="sm-6ec">
         <name>PORT5_IRQHandler</name>
         <value>0x12493</value>
      </symbol>
      <symbol id="sm-6ed">
         <name>PORT6_IRQHandler</name>
         <value>0x12493</value>
      </symbol>
   </symbol_table>
   <title>Link successful</title>
</link_info>
