<?xml version="1.0" encoding="ISO-8859-1" ?>
<link_info>
   <banner>TI ARM Linker PC v18.1.5.LTS</banner>
   <copyright>Copyright (c) 1996-2018 Texas Instruments Incorporated</copyright>
   <link_time>0x5d13d081</link_time>
   <link_errors>0x0</link_errors>
   <output_file>Pulsometro_MSP432P401R.out</output_file>
   <entry_point>
      <name>_c_int00_noargs</name>
      <address>0x1482d</address>
   </entry_point>
   <input_file_list>
      <input_file id="fl-2">
         <path>.\</path>
         <kind>object</kind>
         <file>Timer_Interrupt.obj</file>
         <name>Timer_Interrupt.obj</name>
      </input_file>
      <input_file id="fl-3">
         <path>.\</path>
         <kind>object</kind>
         <file>main.obj</file>
         <name>main.obj</name>
      </input_file>
      <input_file id="fl-4">
         <path>.\</path>
         <kind>object</kind>
         <file>system_msp432p401r.obj</file>
         <name>system_msp432p401r.obj</name>
      </input_file>
      <input_file id="fl-5">
         <path>.\</path>
         <kind>object</kind>
         <file>uart.obj</file>
         <name>uart.obj</name>
      </input_file>
      <input_file id="fl-6">
         <path>.\ccs\</path>
         <kind>object</kind>
         <file>startup_msp432p401r_ccs.obj</file>
         <name>startup_msp432p401r_ccs.obj</name>
      </input_file>
      <input_file id="fl-12">
         <kind>object</kind>
         <file>&lt;internal&gt;</file>
         <name>&lt;internal&gt;</name>
      </input_file>
      <input_file id="fl-13">
         <path>C:\ti\simplelink_msp432p4_sdk_3_10_00_08\source\third_party\CMSIS\DSP_Lib\lib\ccs\m4f\</path>
         <kind>archive</kind>
         <file>arm_cortexM4lf_math.a</file>
         <name>arm_rfft_init_q15.o</name>
      </input_file>
      <input_file id="fl-14">
         <path>C:\ti\simplelink_msp432p4_sdk_3_10_00_08\source\third_party\CMSIS\DSP_Lib\lib\ccs\m4f\</path>
         <kind>archive</kind>
         <file>arm_cortexM4lf_math.a</file>
         <name>arm_rfft_q15.o</name>
      </input_file>
      <input_file id="fl-15">
         <path>C:\ti\simplelink_msp432p4_sdk_3_10_00_08\source\third_party\CMSIS\DSP_Lib\lib\ccs\m4f\</path>
         <kind>archive</kind>
         <file>arm_cortexM4lf_math.a</file>
         <name>arm_const_structs.o</name>
      </input_file>
      <input_file id="fl-16">
         <path>C:\ti\simplelink_msp432p4_sdk_3_10_00_08\source\third_party\CMSIS\DSP_Lib\lib\ccs\m4f\</path>
         <kind>archive</kind>
         <file>arm_cortexM4lf_math.a</file>
         <name>arm_cfft_q15.o</name>
      </input_file>
      <input_file id="fl-17">
         <path>C:\ti\simplelink_msp432p4_sdk_3_10_00_08\source\third_party\CMSIS\DSP_Lib\lib\ccs\m4f\</path>
         <kind>archive</kind>
         <file>arm_cortexM4lf_math.a</file>
         <name>arm_cfft_radix4_q15.o</name>
      </input_file>
      <input_file id="fl-18">
         <path>C:\ti\simplelink_msp432p4_sdk_3_10_00_08\source\third_party\CMSIS\DSP_Lib\lib\ccs\m4f\</path>
         <kind>archive</kind>
         <file>arm_cortexM4lf_math.a</file>
         <name>arm_rfft_init_q31.o</name>
      </input_file>
      <input_file id="fl-19">
         <path>C:\ti\simplelink_msp432p4_sdk_3_10_00_08\source\third_party\CMSIS\DSP_Lib\lib\ccs\m4f\</path>
         <kind>archive</kind>
         <file>arm_cortexM4lf_math.a</file>
         <name>arm_bitreversal2.o</name>
      </input_file>
      <input_file id="fl-1a">
         <path>C:\ti\simplelink_msp432p4_sdk_3_10_00_08\source\third_party\CMSIS\DSP_Lib\lib\ccs\m4f\</path>
         <kind>archive</kind>
         <file>arm_cortexM4lf_math.a</file>
         <name>arm_common_tables.o</name>
      </input_file>
      <input_file id="fl-1b">
         <path>C:\ti\simplelink_msp432p4_sdk_3_10_00_08\source\third_party\CMSIS\DSP_Lib\lib\ccs\m4f\</path>
         <kind>archive</kind>
         <file>arm_cortexM4lf_math.a</file>
         <name>arm_bitreversal.o</name>
      </input_file>
      <input_file id="fl-1c">
         <path>C:\ti\simplelink_msp432p4_sdk_3_10_00_08\source\ti\devices\msp432p4xx\driverlib\ccs\</path>
         <kind>archive</kind>
         <file>msp432p4xx_driverlib.lib</file>
         <name>adc14.o</name>
      </input_file>
      <input_file id="fl-1d">
         <path>C:\ti\simplelink_msp432p4_sdk_3_10_00_08\source\ti\devices\msp432p4xx\driverlib\ccs\</path>
         <kind>archive</kind>
         <file>msp432p4xx_driverlib.lib</file>
         <name>gpio.o</name>
      </input_file>
      <input_file id="fl-1e">
         <path>C:\ti\simplelink_msp432p4_sdk_3_10_00_08\source\ti\devices\msp432p4xx\driverlib\ccs\</path>
         <kind>archive</kind>
         <file>msp432p4xx_driverlib.lib</file>
         <name>interrupt.o</name>
      </input_file>
      <input_file id="fl-1f">
         <path>C:\ti\simplelink_msp432p4_sdk_3_10_00_08\source\ti\devices\msp432p4xx\driverlib\ccs\</path>
         <kind>archive</kind>
         <file>msp432p4xx_driverlib.lib</file>
         <name>timer32.o</name>
      </input_file>
      <input_file id="fl-20">
         <path>C:\ti\simplelink_msp432p4_sdk_3_10_00_08\source\ti\devices\msp432p4xx\driverlib\ccs\</path>
         <kind>archive</kind>
         <file>msp432p4xx_driverlib.lib</file>
         <name>wdt_a.o</name>
      </input_file>
      <input_file id="fl-21">
         <path>C:\ti\simplelink_msp432p4_sdk_3_10_00_08\source\ti\devices\msp432p4xx\driverlib\ccs\</path>
         <kind>archive</kind>
         <file>msp432p4xx_driverlib.lib</file>
         <name>cpu.o</name>
      </input_file>
      <input_file id="fl-22">
         <path>C:\ti\simplelink_msp432p4_sdk_3_10_00_08\source\ti\devices\msp432p4xx\driverlib\ccs\</path>
         <kind>archive</kind>
         <file>msp432p4xx_driverlib.lib</file>
         <name>sysctl_a.o</name>
      </input_file>
      <input_file id="fl-d8">
         <path>C:\ti\ccsv8\tools\compiler\ti-cgt-arm_18.1.5.LTS\lib\</path>
         <kind>archive</kind>
         <file>rtsv7M4_T_le_v4SPD16_eabi.lib</file>
         <name>e_sqrt.c.obj</name>
      </input_file>
      <input_file id="fl-d9">
         <path>C:\ti\ccsv8\tools\compiler\ti-cgt-arm_18.1.5.LTS\lib\</path>
         <kind>archive</kind>
         <file>rtsv7M4_T_le_v4SPD16_eabi.lib</file>
         <name>e_sqrtf.c.obj</name>
      </input_file>
      <input_file id="fl-da">
         <path>C:\ti\ccsv8\tools\compiler\ti-cgt-arm_18.1.5.LTS\lib\</path>
         <kind>archive</kind>
         <file>rtsv7M4_T_le_v4SPD16_eabi.lib</file>
         <name>s_cosf.c.obj</name>
      </input_file>
      <input_file id="fl-db">
         <path>C:\ti\ccsv8\tools\compiler\ti-cgt-arm_18.1.5.LTS\lib\</path>
         <kind>archive</kind>
         <file>rtsv7M4_T_le_v4SPD16_eabi.lib</file>
         <name>fd_add_t2.asm.obj</name>
      </input_file>
      <input_file id="fl-dc">
         <path>C:\ti\ccsv8\tools\compiler\ti-cgt-arm_18.1.5.LTS\lib\</path>
         <kind>archive</kind>
         <file>rtsv7M4_T_le_v4SPD16_eabi.lib</file>
         <name>fd_cmp_t2.asm.obj</name>
      </input_file>
      <input_file id="fl-dd">
         <path>C:\ti\ccsv8\tools\compiler\ti-cgt-arm_18.1.5.LTS\lib\</path>
         <kind>archive</kind>
         <file>rtsv7M4_T_le_v4SPD16_eabi.lib</file>
         <name>fd_mul_t2.asm.obj</name>
      </input_file>
      <input_file id="fl-de">
         <path>C:\ti\ccsv8\tools\compiler\ti-cgt-arm_18.1.5.LTS\lib\</path>
         <kind>archive</kind>
         <file>rtsv7M4_T_le_v4SPD16_eabi.lib</file>
         <name>fd_toi_t2.asm.obj</name>
      </input_file>
      <input_file id="fl-df">
         <path>C:\ti\ccsv8\tools\compiler\ti-cgt-arm_18.1.5.LTS\lib\</path>
         <kind>archive</kind>
         <file>rtsv7M4_T_le_v4SPD16_eabi.lib</file>
         <name>i_tofd_t2.asm.obj</name>
      </input_file>
      <input_file id="fl-e0">
         <path>C:\ti\ccsv8\tools\compiler\ti-cgt-arm_18.1.5.LTS\lib\</path>
         <kind>archive</kind>
         <file>rtsv7M4_T_le_v4SPD16_eabi.lib</file>
         <name>ll_tofd_t2.asm.obj</name>
      </input_file>
      <input_file id="fl-e1">
         <path>C:\ti\ccsv8\tools\compiler\ti-cgt-arm_18.1.5.LTS\lib\</path>
         <kind>archive</kind>
         <file>rtsv7M4_T_le_v4SPD16_eabi.lib</file>
         <name>u_tofd_t2.asm.obj</name>
      </input_file>
      <input_file id="fl-e2">
         <path>C:\ti\ccsv8\tools\compiler\ti-cgt-arm_18.1.5.LTS\lib\</path>
         <kind>archive</kind>
         <file>rtsv7M4_T_le_v4SPD16_eabi.lib</file>
         <name>ll_div_t2.asm.obj</name>
      </input_file>
      <input_file id="fl-e3">
         <path>C:\ti\ccsv8\tools\compiler\ti-cgt-arm_18.1.5.LTS\lib\</path>
         <kind>archive</kind>
         <file>rtsv7M4_T_le_v4SPD16_eabi.lib</file>
         <name>ull_div_t2.asm.obj</name>
      </input_file>
      <input_file id="fl-e4">
         <path>C:\ti\ccsv8\tools\compiler\ti-cgt-arm_18.1.5.LTS\lib\</path>
         <kind>archive</kind>
         <file>rtsv7M4_T_le_v4SPD16_eabi.lib</file>
         <name>copy_zero_init.c.obj</name>
      </input_file>
      <input_file id="fl-e5">
         <path>C:\ti\ccsv8\tools\compiler\ti-cgt-arm_18.1.5.LTS\lib\</path>
         <kind>archive</kind>
         <file>rtsv7M4_T_le_v4SPD16_eabi.lib</file>
         <name>copy_decompress_none.c.obj</name>
      </input_file>
      <input_file id="fl-e6">
         <path>C:\ti\ccsv8\tools\compiler\ti-cgt-arm_18.1.5.LTS\lib\</path>
         <kind>archive</kind>
         <file>rtsv7M4_T_le_v4SPD16_eabi.lib</file>
         <name>copy_decompress_lzss.c.obj</name>
      </input_file>
      <input_file id="fl-e7">
         <path>C:\ti\ccsv8\tools\compiler\ti-cgt-arm_18.1.5.LTS\lib\</path>
         <kind>archive</kind>
         <file>rtsv7M4_T_le_v4SPD16_eabi.lib</file>
         <name>errno.c.obj</name>
      </input_file>
      <input_file id="fl-e8">
         <path>C:\ti\ccsv8\tools\compiler\ti-cgt-arm_18.1.5.LTS\lib\</path>
         <kind>archive</kind>
         <file>rtsv7M4_T_le_v4SPD16_eabi.lib</file>
         <name>boot_cortex_m.c.obj</name>
      </input_file>
      <input_file id="fl-e9">
         <path>C:\ti\ccsv8\tools\compiler\ti-cgt-arm_18.1.5.LTS\lib\</path>
         <kind>archive</kind>
         <file>rtsv7M4_T_le_v4SPD16_eabi.lib</file>
         <name>exit.c.obj</name>
      </input_file>
      <input_file id="fl-ea">
         <path>C:\ti\ccsv8\tools\compiler\ti-cgt-arm_18.1.5.LTS\lib\</path>
         <kind>archive</kind>
         <file>rtsv7M4_T_le_v4SPD16_eabi.lib</file>
         <name>_lock.c.obj</name>
      </input_file>
      <input_file id="fl-eb">
         <path>C:\ti\ccsv8\tools\compiler\ti-cgt-arm_18.1.5.LTS\lib\</path>
         <kind>archive</kind>
         <file>rtsv7M4_T_le_v4SPD16_eabi.lib</file>
         <name>args_main.c.obj</name>
      </input_file>
      <input_file id="fl-ec">
         <path>C:\ti\ccsv8\tools\compiler\ti-cgt-arm_18.1.5.LTS\lib\</path>
         <kind>archive</kind>
         <file>rtsv7M4_T_le_v4SPD16_eabi.lib</file>
         <name>strlen.c.obj</name>
      </input_file>
      <input_file id="fl-ed">
         <path>C:\ti\ccsv8\tools\compiler\ti-cgt-arm_18.1.5.LTS\lib\</path>
         <kind>archive</kind>
         <file>rtsv7M4_T_le_v4SPD16_eabi.lib</file>
         <name>div0.asm.obj</name>
      </input_file>
      <input_file id="fl-ee">
         <path>C:\ti\ccsv8\tools\compiler\ti-cgt-arm_18.1.5.LTS\lib\</path>
         <kind>archive</kind>
         <file>rtsv7M4_T_le_v4SPD16_eabi.lib</file>
         <name>memset_t2.asm.obj</name>
      </input_file>
      <input_file id="fl-ef">
         <path>C:\ti\ccsv8\tools\compiler\ti-cgt-arm_18.1.5.LTS\lib\</path>
         <kind>archive</kind>
         <file>rtsv7M4_T_le_v4SPD16_eabi.lib</file>
         <name>memcpy_t2.asm.obj</name>
      </input_file>
      <input_file id="fl-f0">
         <path>C:\ti\ccsv8\tools\compiler\ti-cgt-arm_18.1.5.LTS\lib\</path>
         <kind>archive</kind>
         <file>rtsv7M4_T_le_v4SPD16_eabi.lib</file>
         <name>autoinit.c.obj</name>
      </input_file>
      <input_file id="fl-f1">
         <path>C:\ti\ccsv8\tools\compiler\ti-cgt-arm_18.1.5.LTS\lib\</path>
         <kind>archive</kind>
         <file>rtsv7M4_T_le_v4SPD16_eabi.lib</file>
         <name>pre_init.c.obj</name>
      </input_file>
      <input_file id="fl-f2">
         <path>C:\ti\ccsv8\tools\compiler\ti-cgt-arm_18.1.5.LTS\lib\</path>
         <kind>archive</kind>
         <file>rtsv7M4_T_le_v4SPD16_eabi.lib</file>
         <name>cpy_tbl.c.obj</name>
      </input_file>
   </input_file_list>
   <object_component_list>
      <object_component id="oc-23">
         <name>.intvecs:retain</name>
         <load_address>0x0</load_address>
         <run_address>0x0</run_address>
         <size>0xe4</size>
         <input_file_ref idref="fl-6"/>
      </object_component>
      <object_component id="oc-3da">
         <name>.text:arm_radix4_butterfly_inverse_q15</name>
         <load_address>0x11fec</load_address>
         <run_address>0x11fec</run_address>
         <size>0x4a6</size>
         <input_file_ref idref="fl-17"/>
      </object_component>
      <object_component id="oc-6a">
         <name>.text:Default_Handler</name>
         <load_address>0x12492</load_address>
         <run_address>0x12492</run_address>
         <size>0x2</size>
         <input_file_ref idref="fl-6"/>
      </object_component>
      <object_component id="oc-3e6">
         <name>.text:arm_radix4_butterfly_q15</name>
         <load_address>0x12494</load_address>
         <run_address>0x12494</run_address>
         <size>0x4a6</size>
         <input_file_ref idref="fl-17"/>
      </object_component>
      <object_component id="oc-2bf">
         <name>.text</name>
         <load_address>0x1293a</load_address>
         <run_address>0x1293a</run_address>
         <size>0x2</size>
         <input_file_ref idref="fl-ed"/>
      </object_component>
      <object_component id="oc-d4">
         <name>.text:dinamicpulse</name>
         <load_address>0x1293c</load_address>
         <run_address>0x1293c</run_address>
         <size>0x1dc</size>
         <input_file_ref idref="fl-3"/>
      </object_component>
      <object_component id="oc-2cb">
         <name>.text</name>
         <load_address>0x12b18</load_address>
         <run_address>0x12b18</run_address>
         <size>0x1b6</size>
         <input_file_ref idref="fl-db"/>
      </object_component>
      <object_component id="oc-1a6">
         <name>.text:dofft</name>
         <load_address>0x12cd0</load_address>
         <run_address>0x12cd0</run_address>
         <size>0x1a8</size>
         <input_file_ref idref="fl-3"/>
      </object_component>
      <object_component id="oc-3e0">
         <name>.text:arm_cfft_radix4by2_inverse_q15</name>
         <load_address>0x12e78</load_address>
         <run_address>0x12e78</run_address>
         <size>0x18c</size>
         <input_file_ref idref="fl-16"/>
      </object_component>
      <object_component id="oc-3ec">
         <name>.text:arm_cfft_radix4by2_q15</name>
         <load_address>0x13004</load_address>
         <run_address>0x13004</run_address>
         <size>0x18c</size>
         <input_file_ref idref="fl-16"/>
      </object_component>
      <object_component id="oc-282">
         <name>.text:_getIndexForMemRegister</name>
         <load_address>0x13190</load_address>
         <run_address>0x13190</run_address>
         <size>0x160</size>
         <input_file_ref idref="fl-1c"/>
      </object_component>
      <object_component id="oc-1b8">
         <name>.text:sqrt</name>
         <load_address>0x132f0</load_address>
         <run_address>0x132f0</run_address>
         <size>0x158</size>
         <input_file_ref idref="fl-d8"/>
      </object_component>
      <object_component id="oc-2a8">
         <name>.text:arm_rfft_init_q15</name>
         <load_address>0x13448</load_address>
         <run_address>0x13448</run_address>
         <size>0x134</size>
         <input_file_ref idref="fl-13"/>
      </object_component>
      <object_component id="oc-358">
         <name>.text:arm_split_rfft_q15</name>
         <load_address>0x1357c</load_address>
         <run_address>0x1357c</run_address>
         <size>0x12e</size>
         <input_file_ref idref="fl-14"/>
      </object_component>
      <object_component id="oc-1cd">
         <name>.text</name>
         <load_address>0x136aa</load_address>
         <run_address>0x136aa</run_address>
         <size>0xfc</size>
         <input_file_ref idref="fl-dd"/>
      </object_component>
      <object_component id="oc-352">
         <name>.text:arm_cfft_q15</name>
         <load_address>0x137a6</load_address>
         <run_address>0x137a6</run_address>
         <size>0xe8</size>
         <input_file_ref idref="fl-16"/>
      </object_component>
      <object_component id="oc-3f2">
         <name>.text</name>
         <load_address>0x1388e</load_address>
         <run_address>0x1388e</run_address>
         <size>0xc0</size>
         <input_file_ref idref="fl-19"/>
      </object_component>
      <object_component id="oc-240">
         <name>.text:cosf</name>
         <load_address>0x13950</load_address>
         <run_address>0x13950</run_address>
         <size>0xb4</size>
         <input_file_ref idref="fl-da"/>
      </object_component>
      <object_component id="oc-34c">
         <name>.text:arm_split_rifft_q15</name>
         <load_address>0x13a04</load_address>
         <run_address>0x13a04</run_address>
         <size>0xb2</size>
         <input_file_ref idref="fl-14"/>
      </object_component>
      <object_component id="oc-21c">
         <name>.text:ADC14_configureConversionMemory</name>
         <load_address>0x13ab8</load_address>
         <run_address>0x13ab8</run_address>
         <size>0xa4</size>
         <input_file_ref idref="fl-1c"/>
      </object_component>
      <object_component id="oc-2ae">
         <name>.text:arm_rfft_q15</name>
         <load_address>0x13b5c</load_address>
         <run_address>0x13b5c</run_address>
         <size>0xa4</size>
         <input_file_ref idref="fl-14"/>
      </object_component>
      <object_component id="oc-119">
         <name>.text:UART_config</name>
         <load_address>0x13c00</load_address>
         <run_address>0x13c00</run_address>
         <size>0xa0</size>
         <input_file_ref idref="fl-5"/>
      </object_component>
      <object_component id="oc-c8">
         <name>.text:CountPulse</name>
         <load_address>0x13ca0</load_address>
         <run_address>0x13ca0</run_address>
         <size>0x9c</size>
         <input_file_ref idref="fl-3"/>
      </object_component>
      <object_component id="oc-34">
         <name>.text</name>
         <load_address>0x13d3c</load_address>
         <run_address>0x13d3c</run_address>
         <size>0x9c</size>
         <input_file_ref idref="fl-ef"/>
      </object_component>
      <object_component id="oc-2c4">
         <name>.text</name>
         <load_address>0x13dd8</load_address>
         <run_address>0x13dd8</run_address>
         <size>0x96</size>
         <input_file_ref idref="fl-e3"/>
      </object_component>
      <object_component id="oc-ce">
         <name>.text:FftPulse</name>
         <load_address>0x13e70</load_address>
         <run_address>0x13e70</run_address>
         <size>0x94</size>
         <input_file_ref idref="fl-3"/>
      </object_component>
      <object_component id="oc-76">
         <name>.text:PORT1_IRQHandler</name>
         <load_address>0x13f04</load_address>
         <run_address>0x13f04</run_address>
         <size>0x94</size>
         <input_file_ref idref="fl-3"/>
      </object_component>
      <object_component id="oc-222">
         <name>.text:GPIO_setAsPeripheralModuleFunctionInputPin</name>
         <load_address>0x13f98</load_address>
         <run_address>0x13f98</run_address>
         <size>0x88</size>
         <input_file_ref idref="fl-1d"/>
      </object_component>
      <object_component id="oc-1d2">
         <name>.text:__aeabi_cdrcmple</name>
         <load_address>0x14020</load_address>
         <run_address>0x14020</run_address>
         <size>0x86</size>
         <input_file_ref idref="fl-dc"/>
      </object_component>
      <object_component id="oc-190">
         <name>.text:contarpicos</name>
         <load_address>0x140a8</load_address>
         <run_address>0x140a8</run_address>
         <size>0x84</size>
         <input_file_ref idref="fl-3"/>
      </object_component>
      <object_component id="oc-107">
         <name>.text:InitButton1</name>
         <load_address>0x1412c</load_address>
         <run_address>0x1412c</run_address>
         <size>0x7c</size>
         <input_file_ref idref="fl-3"/>
      </object_component>
      <object_component id="oc-96">
         <name>.text</name>
         <load_address>0x141a8</load_address>
         <run_address>0x141a8</run_address>
         <size>0x7a</size>
         <input_file_ref idref="fl-ee"/>
      </object_component>
      <object_component id="oc-b4">
         <name>.text:SystemInit</name>
         <load_address>0x14224</load_address>
         <run_address>0x14224</run_address>
         <size>0x78</size>
         <input_file_ref idref="fl-4"/>
      </object_component>
      <object_component id="oc-1ae">
         <name>.text</name>
         <load_address>0x1429c</load_address>
         <run_address>0x1429c</run_address>
         <size>0x6e</size>
         <input_file_ref idref="fl-e2"/>
      </object_component>
      <object_component id="oc-18a">
         <name>.text:rms</name>
         <load_address>0x1430a</load_address>
         <run_address>0x1430a</run_address>
         <size>0x6c</size>
         <input_file_ref idref="fl-3"/>
      </object_component>
      <object_component id="oc-196">
         <name>.text:itoa</name>
         <load_address>0x14376</load_address>
         <run_address>0x14376</run_address>
         <size>0x6a</size>
         <input_file_ref idref="fl-5"/>
      </object_component>
      <object_component id="oc-239">
         <name>.text:Timer32_initModule</name>
         <load_address>0x143e0</load_address>
         <run_address>0x143e0</run_address>
         <size>0x68</size>
         <input_file_ref idref="fl-1f"/>
      </object_component>
      <object_component id="oc-14">
         <name>.text:decompress:lzss:__TI_decompress_lzss</name>
         <load_address>0x14448</load_address>
         <run_address>0x14448</run_address>
         <size>0x68</size>
         <input_file_ref idref="fl-e6"/>
      </object_component>
      <object_component id="oc-12b">
         <name>.text:InitHannWindow</name>
         <load_address>0x144b0</load_address>
         <run_address>0x144b0</run_address>
         <size>0x64</size>
         <input_file_ref idref="fl-3"/>
      </object_component>
      <object_component id="oc-20f">
         <name>.text:ADC14_configureSingleSampleMode</name>
         <load_address>0x14514</load_address>
         <run_address>0x14514</run_address>
         <size>0x58</size>
         <input_file_ref idref="fl-1c"/>
      </object_component>
      <object_component id="oc-203">
         <name>.text:ADC14_initModule</name>
         <load_address>0x1456c</load_address>
         <run_address>0x1456c</run_address>
         <size>0x54</size>
         <input_file_ref idref="fl-1c"/>
      </object_component>
      <object_component id="oc-28e">
         <name>.text:reverse</name>
         <load_address>0x145c0</load_address>
         <run_address>0x145c0</run_address>
         <size>0x52</size>
         <input_file_ref idref="fl-5"/>
      </object_component>
      <object_component id="oc-a2">
         <name>.text:main</name>
         <load_address>0x14614</load_address>
         <run_address>0x14614</run_address>
         <size>0x4d</size>
         <input_file_ref idref="fl-3"/>
      </object_component>
      <object_component id="oc-1be">
         <name>.text</name>
         <load_address>0x14662</load_address>
         <run_address>0x14662</run_address>
         <size>0x48</size>
         <input_file_ref idref="fl-de"/>
      </object_component>
      <object_component id="oc-70">
         <name>.text:T32_INT1_IRQHandler</name>
         <load_address>0x146ac</load_address>
         <run_address>0x146ac</run_address>
         <size>0x44</size>
         <input_file_ref idref="fl-2"/>
      </object_component>
      <object_component id="oc-14f">
         <name>.text:__TI_auto_init_nobinit_nopinit:__TI_auto_init_nobinit_nopinit</name>
         <load_address>0x146f0</load_address>
         <run_address>0x146f0</run_address>
         <size>0x44</size>
         <input_file_ref idref="fl-f0"/>
      </object_component>
      <object_component id="oc-11f">
         <name>.text:GPIO_setAsOutputPin</name>
         <load_address>0x14734</load_address>
         <run_address>0x14734</run_address>
         <size>0x40</size>
         <input_file_ref idref="fl-1d"/>
      </object_component>
      <object_component id="oc-1b3">
         <name>.text</name>
         <load_address>0x14774</load_address>
         <run_address>0x14774</run_address>
         <size>0x40</size>
         <input_file_ref idref="fl-e0"/>
      </object_component>
      <object_component id="oc-e3">
         <name>.text:UART_putchar_n</name>
         <load_address>0x147b4</load_address>
         <run_address>0x147b4</run_address>
         <size>0x3e</size>
         <input_file_ref idref="fl-5"/>
      </object_component>
      <object_component id="oc-24e">
         <name>.text:Timer32_startTimer</name>
         <load_address>0x147f4</load_address>
         <run_address>0x147f4</run_address>
         <size>0x38</size>
         <input_file_ref idref="fl-1f"/>
      </object_component>
      <object_component id="oc-52">
         <name>.text:_c_int00_noargs:_c_int00_noargs</name>
         <load_address>0x1482c</load_address>
         <run_address>0x1482c</run_address>
         <size>0x38</size>
         <input_file_ref idref="fl-e8"/>
      </object_component>
      <object_component id="oc-215">
         <name>.text:ADC14_enableSampleTimer</name>
         <load_address>0x14864</load_address>
         <run_address>0x14864</run_address>
         <size>0x34</size>
         <input_file_ref idref="fl-1c"/>
      </object_component>
      <object_component id="oc-248">
         <name>.text:Timer32_setCount</name>
         <load_address>0x14898</load_address>
         <run_address>0x14898</run_address>
         <size>0x34</size>
         <input_file_ref idref="fl-1f"/>
      </object_component>
      <object_component id="oc-1f6">
         <name>.text:__NVIC_EnableIRQ</name>
         <load_address>0x148cc</load_address>
         <run_address>0x148cc</run_address>
         <size>0x30</size>
         <input_file_ref idref="fl-3"/>
      </object_component>
      <object_component id="oc-229">
         <name>.text:__NVIC_EnableIRQ</name>
         <load_address>0x148fc</load_address>
         <run_address>0x148fc</run_address>
         <size>0x30</size>
         <input_file_ref idref="fl-5"/>
      </object_component>
      <object_component id="oc-1c8">
         <name>.text</name>
         <load_address>0x1492c</load_address>
         <run_address>0x1492c</run_address>
         <size>0x2e</size>
         <input_file_ref idref="fl-df"/>
      </object_component>
      <object_component id="oc-25b">
         <name>.text:ADC14_toggleConversionTrigger</name>
         <load_address>0x1495c</load_address>
         <run_address>0x1495c</run_address>
         <size>0x2c</size>
         <input_file_ref idref="fl-1c"/>
      </object_component>
      <object_component id="oc-255">
         <name>.text:ADC14_enableConversion</name>
         <load_address>0x14988</load_address>
         <run_address>0x14988</run_address>
         <size>0x28</size>
         <input_file_ref idref="fl-1c"/>
      </object_component>
      <object_component id="oc-1d7">
         <name>.text:GPIO_setOutputHighOnPin</name>
         <load_address>0x149b0</load_address>
         <run_address>0x149b0</run_address>
         <size>0x28</size>
         <input_file_ref idref="fl-1d"/>
      </object_component>
      <object_component id="oc-1dd">
         <name>.text:GPIO_setOutputLowOnPin</name>
         <load_address>0x149d8</load_address>
         <run_address>0x149d8</run_address>
         <size>0x28</size>
         <input_file_ref idref="fl-1d"/>
      </object_component>
      <object_component id="oc-10d">
         <name>.text:initADC</name>
         <load_address>0x14a00</load_address>
         <run_address>0x14a00</run_address>
         <size>0x28</size>
         <input_file_ref idref="fl-3"/>
      </object_component>
      <object_component id="oc-2b4">
         <name>.text:sqrtf</name>
         <load_address>0x14a28</load_address>
         <run_address>0x14a28</run_address>
         <size>0x28</size>
         <input_file_ref idref="fl-d9"/>
      </object_component>
      <object_component id="oc-1ec">
         <name>.text:UART_putchar</name>
         <load_address>0x14a50</load_address>
         <run_address>0x14a50</run_address>
         <size>0x24</size>
         <input_file_ref idref="fl-5"/>
      </object_component>
      <object_component id="oc-101">
         <name>.text:WDT_A_holdTimer</name>
         <load_address>0x14a74</load_address>
         <run_address>0x14a74</run_address>
         <size>0x24</size>
         <input_file_ref idref="fl-20"/>
      </object_component>
      <object_component id="oc-209">
         <name>.text:ADC14_setResolution</name>
         <load_address>0x14a98</load_address>
         <run_address>0x14a98</run_address>
         <size>0x20</size>
         <input_file_ref idref="fl-1c"/>
      </object_component>
      <object_component id="oc-131">
         <name>.text:Timer1msStartOneShot</name>
         <load_address>0x14ab8</load_address>
         <run_address>0x14ab8</run_address>
         <size>0x20</size>
         <input_file_ref idref="fl-3"/>
      </object_component>
      <object_component id="oc-1c3">
         <name>.text</name>
         <load_address>0x14ad8</load_address>
         <run_address>0x14ad8</run_address>
         <size>0x20</size>
         <input_file_ref idref="fl-e1"/>
      </object_component>
      <object_component id="oc-183">
         <name>.text:ADC14_getResult</name>
         <load_address>0x14af8</load_address>
         <run_address>0x14af8</run_address>
         <size>0x1c</size>
         <input_file_ref idref="fl-1c"/>
      </object_component>
      <object_component id="oc-113">
         <name>.text:initSensor</name>
         <load_address>0x14b14</load_address>
         <run_address>0x14b14</run_address>
         <size>0x1a</size>
         <input_file_ref idref="fl-3"/>
      </object_component>
      <object_component id="oc-125">
         <name>.text:InitTimer</name>
         <load_address>0x14b30</load_address>
         <run_address>0x14b30</run_address>
         <size>0x14</size>
         <input_file_ref idref="fl-3"/>
      </object_component>
      <object_component id="oc-bc">
         <name>.text:Timer32_clearInterruptFlag</name>
         <load_address>0x14b44</load_address>
         <run_address>0x14b44</run_address>
         <size>0x14</size>
         <input_file_ref idref="fl-1f"/>
      </object_component>
      <object_component id="oc-19c">
         <name>.text:strlen</name>
         <load_address>0x14b58</load_address>
         <run_address>0x14b58</run_address>
         <size>0x14</size>
         <input_file_ref idref="fl-ec"/>
      </object_component>
      <object_component id="oc-2eb">
         <name>.text:ADCIsConversionRunning</name>
         <load_address>0x14b6c</load_address>
         <run_address>0x14b6c</run_address>
         <size>0x10</size>
         <input_file_ref idref="fl-1c"/>
      </object_component>
      <object_component id="oc-1a">
         <name>.text:decompress:none:__TI_decompress_none</name>
         <load_address>0x14b7c</load_address>
         <run_address>0x14b7c</run_address>
         <size>0xe</size>
         <input_file_ref idref="fl-e5"/>
      </object_component>
      <object_component id="oc-1fd">
         <name>.text:ADC14_enableModule</name>
         <load_address>0x14b8c</load_address>
         <run_address>0x14b8c</run_address>
         <size>0xc</size>
         <input_file_ref idref="fl-1c"/>
      </object_component>
      <object_component id="oc-64">
         <name>.text:Reset_Handler</name>
         <load_address>0x14b98</load_address>
         <run_address>0x14b98</run_address>
         <size>0xc</size>
         <input_file_ref idref="fl-6"/>
      </object_component>
      <object_component id="oc-46">
         <name>.text:decompress:ZI:__TI_zero_init</name>
         <load_address>0x14ba4</load_address>
         <run_address>0x14ba4</run_address>
         <size>0xc</size>
         <input_file_ref idref="fl-e4"/>
      </object_component>
      <object_component id="oc-137">
         <name>.text:startADC</name>
         <load_address>0x14bb0</load_address>
         <run_address>0x14bb0</run_address>
         <size>0xc</size>
         <input_file_ref idref="fl-3"/>
      </object_component>
      <object_component id="oc-c2">
         <name>.text:getSampleSensor</name>
         <load_address>0x14bbc</load_address>
         <run_address>0x14bbc</run_address>
         <size>0xa</size>
         <input_file_ref idref="fl-3"/>
      </object_component>
      <object_component id="oc-2d0">
         <name>.text:__aeabi_errno_addr</name>
         <load_address>0x14bc8</load_address>
         <run_address>0x14bc8</run_address>
         <size>0x8</size>
         <input_file_ref idref="fl-e7"/>
      </object_component>
      <object_component id="oc-9c">
         <name>.text:_system_pre_init</name>
         <load_address>0x14bd0</load_address>
         <run_address>0x14bd0</run_address>
         <size>0x4</size>
         <input_file_ref idref="fl-f1"/>
      </object_component>
      <object_component id="oc-143">
         <name>.text:abort:abort</name>
         <load_address>0x14bd4</load_address>
         <run_address>0x14bd4</run_address>
         <size>0x4</size>
         <input_file_ref idref="fl-e9"/>
      </object_component>
      <object_component id="oc-329">
         <name>.const:realCoefAQ15</name>
         <load_address>0xe4</load_address>
         <run_address>0xe4</run_address>
         <size>0x4000</size>
         <input_file_ref idref="fl-13"/>
      </object_component>
      <object_component id="oc-32c">
         <name>.const:realCoefBQ15</name>
         <load_address>0x40e4</load_address>
         <run_address>0x40e4</run_address>
         <size>0x4000</size>
         <input_file_ref idref="fl-13"/>
      </object_component>
      <object_component id="oc-38e">
         <name>.const:twiddleCoef_4096_q15</name>
         <load_address>0x80e4</load_address>
         <run_address>0x80e4</run_address>
         <size>0x3000</size>
         <input_file_ref idref="fl-1a"/>
      </object_component>
      <object_component id="oc-391">
         <name>.const:armBitRevIndexTable_fixed_4096</name>
         <load_address>0xb0e4</load_address>
         <run_address>0xb0e4</run_address>
         <size>0x1f80</size>
         <input_file_ref idref="fl-1a"/>
      </object_component>
      <object_component id="oc-397">
         <name>.const:twiddleCoef_2048_q15</name>
         <load_address>0xd064</load_address>
         <run_address>0xd064</run_address>
         <size>0x1800</size>
         <input_file_ref idref="fl-1a"/>
      </object_component>
      <object_component id="oc-39a">
         <name>.const:armBitRevIndexTable_fixed_2048</name>
         <load_address>0xe864</load_address>
         <run_address>0xe864</run_address>
         <size>0xf80</size>
         <input_file_ref idref="fl-1a"/>
      </object_component>
      <object_component id="oc-39f">
         <name>.const:twiddleCoef_1024_q15</name>
         <load_address>0xf7e4</load_address>
         <run_address>0xf7e4</run_address>
         <size>0xc00</size>
         <input_file_ref idref="fl-1a"/>
      </object_component>
      <object_component id="oc-3a2">
         <name>.const:armBitRevIndexTable_fixed_1024</name>
         <load_address>0x103e4</load_address>
         <run_address>0x103e4</run_address>
         <size>0x7c0</size>
         <input_file_ref idref="fl-1a"/>
      </object_component>
      <object_component id="oc-3a7">
         <name>.const:twiddleCoef_512_q15</name>
         <load_address>0x10ba4</load_address>
         <run_address>0x10ba4</run_address>
         <size>0x600</size>
         <input_file_ref idref="fl-1a"/>
      </object_component>
      <object_component id="oc-3aa">
         <name>.const:armBitRevIndexTable_fixed_512</name>
         <load_address>0x111a4</load_address>
         <run_address>0x111a4</run_address>
         <size>0x3c0</size>
         <input_file_ref idref="fl-1a"/>
      </object_component>
      <object_component id="oc-3af">
         <name>.const:twiddleCoef_256_q15</name>
         <load_address>0x11564</load_address>
         <run_address>0x11564</run_address>
         <size>0x300</size>
         <input_file_ref idref="fl-1a"/>
      </object_component>
      <object_component id="oc-3b2">
         <name>.const:armBitRevIndexTable_fixed_256</name>
         <load_address>0x11864</load_address>
         <run_address>0x11864</run_address>
         <size>0x1e0</size>
         <input_file_ref idref="fl-1a"/>
      </object_component>
      <object_component id="oc-3b7">
         <name>.const:twiddleCoef_128_q15</name>
         <load_address>0x11a44</load_address>
         <run_address>0x11a44</run_address>
         <size>0x180</size>
         <input_file_ref idref="fl-1a"/>
      </object_component>
      <object_component id="oc-3ba">
         <name>.const:armBitRevIndexTable_fixed_128</name>
         <load_address>0x11bc4</load_address>
         <run_address>0x11bc4</run_address>
         <size>0xe0</size>
         <input_file_ref idref="fl-1a"/>
      </object_component>
      <object_component id="oc-3bf">
         <name>.const:twiddleCoef_64_q15</name>
         <load_address>0x11ca4</load_address>
         <run_address>0x11ca4</run_address>
         <size>0xc0</size>
         <input_file_ref idref="fl-1a"/>
      </object_component>
      <object_component id="oc-288">
         <name>.const:_ctlRegs</name>
         <load_address>0x11d64</load_address>
         <run_address>0x11d64</run_address>
         <size>0x80</size>
         <input_file_ref idref="fl-1c"/>
      </object_component>
      <object_component id="oc-3c2">
         <name>.const:armBitRevIndexTable_fixed_64</name>
         <load_address>0x11de4</load_address>
         <run_address>0x11de4</run_address>
         <size>0x70</size>
         <input_file_ref idref="fl-1a"/>
      </object_component>
      <object_component id="oc-3c7">
         <name>.const:twiddleCoef_32_q15</name>
         <load_address>0x11e54</load_address>
         <run_address>0x11e54</run_address>
         <size>0x60</size>
         <input_file_ref idref="fl-1a"/>
      </object_component>
      <object_component id="oc-230">
         <name>.const:GPIO_PORT_TO_BASE</name>
         <load_address>0x11eb4</load_address>
         <run_address>0x11eb4</run_address>
         <size>0x30</size>
         <input_file_ref idref="fl-1d"/>
      </object_component>
      <object_component id="oc-3ca">
         <name>.const:armBitRevIndexTable_fixed_32</name>
         <load_address>0x11ee4</load_address>
         <run_address>0x11ee4</run_address>
         <size>0x30</size>
         <input_file_ref idref="fl-1a"/>
      </object_component>
      <object_component id="oc-3cf">
         <name>.const:twiddleCoef_16_q15</name>
         <load_address>0x11f14</load_address>
         <run_address>0x11f14</run_address>
         <size>0x30</size>
         <input_file_ref idref="fl-1a"/>
      </object_component>
      <object_component id="oc-3d2">
         <name>.const:armBitRevIndexTable_fixed_16</name>
         <load_address>0x11f44</load_address>
         <run_address>0x11f44</run_address>
         <size>0x18</size>
         <input_file_ref idref="fl-1a"/>
      </object_component>
      <object_component id="oc-335">
         <name>.const:arm_cfft_sR_q15_len1024</name>
         <load_address>0x11f5c</load_address>
         <run_address>0x11f5c</run_address>
         <size>0x10</size>
         <input_file_ref idref="fl-15"/>
      </object_component>
      <object_component id="oc-33e">
         <name>.const:arm_cfft_sR_q15_len128</name>
         <load_address>0x11f6c</load_address>
         <run_address>0x11f6c</run_address>
         <size>0x10</size>
         <input_file_ref idref="fl-15"/>
      </object_component>
      <object_component id="oc-347">
         <name>.const:arm_cfft_sR_q15_len16</name>
         <load_address>0x11f7c</load_address>
         <run_address>0x11f7c</run_address>
         <size>0x10</size>
         <input_file_ref idref="fl-15"/>
      </object_component>
      <object_component id="oc-332">
         <name>.const:arm_cfft_sR_q15_len2048</name>
         <load_address>0x11f8c</load_address>
         <run_address>0x11f8c</run_address>
         <size>0x10</size>
         <input_file_ref idref="fl-15"/>
      </object_component>
      <object_component id="oc-33b">
         <name>.const:arm_cfft_sR_q15_len256</name>
         <load_address>0x11f9c</load_address>
         <run_address>0x11f9c</run_address>
         <size>0x10</size>
         <input_file_ref idref="fl-15"/>
      </object_component>
      <object_component id="oc-344">
         <name>.const:arm_cfft_sR_q15_len32</name>
         <load_address>0x11fac</load_address>
         <run_address>0x11fac</run_address>
         <size>0x10</size>
         <input_file_ref idref="fl-15"/>
      </object_component>
      <object_component id="oc-32f">
         <name>.const:arm_cfft_sR_q15_len4096</name>
         <load_address>0x11fbc</load_address>
         <run_address>0x11fbc</run_address>
         <size>0x10</size>
         <input_file_ref idref="fl-15"/>
      </object_component>
      <object_component id="oc-338">
         <name>.const:arm_cfft_sR_q15_len512</name>
         <load_address>0x11fcc</load_address>
         <run_address>0x11fcc</run_address>
         <size>0x10</size>
         <input_file_ref idref="fl-15"/>
      </object_component>
      <object_component id="oc-341">
         <name>.const:arm_cfft_sR_q15_len64</name>
         <load_address>0x11fdc</load_address>
         <run_address>0x11fdc</run_address>
         <size>0x10</size>
         <input_file_ref idref="fl-15"/>
      </object_component>
      <object_component id="oc-464">
         <name>.cinit..data.load</name>
         <load_address>0x14bd8</load_address>
         <run_address>0x14bd8</run_address>
         <size>0xc</size>
      </object_component>
      <object_component id="oc-462">
         <name>__TI_handler_table</name>
         <load_address>0x14be4</load_address>
         <run_address>0x14be4</run_address>
         <size>0xc</size>
      </object_component>
      <object_component id="oc-465">
         <name>.cinit..bss.load</name>
         <load_address>0x14bf0</load_address>
         <run_address>0x14bf0</run_address>
         <size>0x8</size>
      </object_component>
      <object_component id="oc-463">
         <name>__TI_cinit_table</name>
         <load_address>0x14bf8</load_address>
         <run_address>0x14bf8</run_address>
         <size>0x10</size>
      </object_component>
      <object_component id="oc-437">
         <name>.binit</name>
         <load_address>0x0</load_address>
         <run_address>0x0</run_address>
         <size>0x0</size>
      </object_component>
      <object_component id="oc-da">
         <name>.data</name>
         <load_address>0x20004a54</load_address>
         <run_address>0x20004a54</run_address>
         <size>0x18</size>
         <input_file_ref idref="fl-3"/>
      </object_component>
      <object_component id="oc-365">
         <name>.data</name>
         <load_address>0x20004a6c</load_address>
         <run_address>0x20004a6c</run_address>
         <size>0x4</size>
         <input_file_ref idref="fl-e7"/>
      </object_component>
      <object_component id="oc-1e3">
         <name>.bss:buffetTmp$3</name>
         <uninitialized>true</uninitialized>
         <run_address>0x20003000</run_address>
         <size>0x960</size>
         <input_file_ref idref="fl-3"/>
      </object_component>
      <object_component id="oc-1a2">
         <name>.bss:buffetTmp$6</name>
         <uninitialized>true</uninitialized>
         <run_address>0x20004960</run_address>
         <size>0xf0</size>
         <input_file_ref idref="fl-3"/>
      </object_component>
      <object_component id="oc-1ac">
         <name>.bss:bufferfft$8</name>
         <uninitialized>true</uninitialized>
         <run_address>0x20000000</run_address>
         <size>0x1000</size>
         <input_file_ref idref="fl-3"/>
      </object_component>
      <object_component id="oc-2bb">
         <name>.common:status</name>
         <uninitialized>true</uninitialized>
         <run_address>0x20004a50</run_address>
         <size>0x1</size>
      </object_component>
      <object_component id="oc-246">
         <name>.common:hann</name>
         <uninitialized>true</uninitialized>
         <run_address>0x20002000</run_address>
         <size>0x1000</size>
      </object_component>
      <object_component id="oc-2ba">
         <name>.common:data_input</name>
         <uninitialized>true</uninitialized>
         <run_address>0x20003960</run_address>
         <size>0x800</size>
      </object_component>
      <object_component id="oc-2bc">
         <name>.common:data_array1</name>
         <uninitialized>true</uninitialized>
         <run_address>0x20001000</run_address>
         <size>0x1000</size>
      </object_component>
      <object_component id="oc-2bd">
         <name>.common:data_output</name>
         <uninitialized>true</uninitialized>
         <run_address>0x20004160</run_address>
         <size>0x800</size>
      </object_component>
      <object_component id="oc-26">
         <name>.stack</name>
         <uninitialized>true</uninitialized>
         <run_address>0x2000fe00</run_address>
         <size>0x4</size>
         <input_file_ref idref="fl-e8"/>
      </object_component>
      <object_component id="oc-466">
         <name>.stack</name>
         <uninitialized>true</uninitialized>
         <run_address>0x2000fe00</run_address>
         <size>0x0</size>
      </object_component>
      <object_component id="oc-1f4">
         <name>.debug_info</name>
         <load_address>0x0</load_address>
         <run_address>0x0</run_address>
         <size>0x660</size>
         <input_file_ref idref="fl-2"/>
      </object_component>
      <object_component id="oc-71">
         <name>.debug_info</name>
         <load_address>0x660</load_address>
         <run_address>0x660</run_address>
         <size>0x1e3</size>
         <input_file_ref idref="fl-2"/>
      </object_component>
      <object_component id="oc-ec">
         <name>.debug_info</name>
         <load_address>0x843</load_address>
         <run_address>0x843</run_address>
         <size>0x26b</size>
         <input_file_ref idref="fl-2"/>
      </object_component>
      <object_component id="oc-2a3">
         <name>.debug_info</name>
         <load_address>0xaae</load_address>
         <run_address>0xaae</run_address>
         <size>0x1055</size>
         <input_file_ref idref="fl-2"/>
      </object_component>
      <object_component id="oc-29e">
         <name>.debug_info</name>
         <load_address>0x1b03</load_address>
         <run_address>0x1b03</run_address>
         <size>0x37e2</size>
         <input_file_ref idref="fl-2"/>
      </object_component>
      <object_component id="oc-2f">
         <name>.debug_info</name>
         <load_address>0x52e5</load_address>
         <run_address>0x52e5</run_address>
         <size>0x84</size>
         <input_file_ref idref="fl-2"/>
      </object_component>
      <object_component id="oc-1e7">
         <name>.debug_info</name>
         <load_address>0x5369</load_address>
         <run_address>0x5369</run_address>
         <size>0x297</size>
         <input_file_ref idref="fl-2"/>
      </object_component>
      <object_component id="oc-234">
         <name>.debug_info</name>
         <load_address>0x5600</load_address>
         <run_address>0x5600</run_address>
         <size>0xef</size>
         <input_file_ref idref="fl-2"/>
      </object_component>
      <object_component id="oc-de">
         <name>.debug_info</name>
         <load_address>0x56ef</load_address>
         <run_address>0x56ef</run_address>
         <size>0xbb</size>
         <input_file_ref idref="fl-2"/>
      </object_component>
      <object_component id="oc-1a4">
         <name>.debug_info</name>
         <load_address>0x57aa</load_address>
         <run_address>0x57aa</run_address>
         <size>0xd38</size>
         <input_file_ref idref="fl-3"/>
      </object_component>
      <object_component id="oc-db">
         <name>.debug_info</name>
         <load_address>0x64e2</load_address>
         <run_address>0x64e2</run_address>
         <size>0x106</size>
         <input_file_ref idref="fl-3"/>
      </object_component>
      <object_component id="oc-1f7">
         <name>.debug_info</name>
         <load_address>0x65e8</load_address>
         <run_address>0x65e8</run_address>
         <size>0x1ff</size>
         <input_file_ref idref="fl-3"/>
      </object_component>
      <object_component id="oc-126">
         <name>.debug_info</name>
         <load_address>0x67e7</load_address>
         <run_address>0x67e7</run_address>
         <size>0x14f</size>
         <input_file_ref idref="fl-3"/>
      </object_component>
      <object_component id="oc-132">
         <name>.debug_info</name>
         <load_address>0x6936</load_address>
         <run_address>0x6936</run_address>
         <size>0x193</size>
         <input_file_ref idref="fl-3"/>
      </object_component>
      <object_component id="oc-d5">
         <name>.debug_info</name>
         <load_address>0x6ac9</load_address>
         <run_address>0x6ac9</run_address>
         <size>0x3a1</size>
         <input_file_ref idref="fl-3"/>
      </object_component>
      <object_component id="oc-18b">
         <name>.debug_info</name>
         <load_address>0x6e6a</load_address>
         <run_address>0x6e6a</run_address>
         <size>0x19e</size>
         <input_file_ref idref="fl-3"/>
      </object_component>
      <object_component id="oc-191">
         <name>.debug_info</name>
         <load_address>0x7008</load_address>
         <run_address>0x7008</run_address>
         <size>0x20f</size>
         <input_file_ref idref="fl-3"/>
      </object_component>
      <object_component id="oc-c9">
         <name>.debug_info</name>
         <load_address>0x7217</load_address>
         <run_address>0x7217</run_address>
         <size>0x25c</size>
         <input_file_ref idref="fl-3"/>
      </object_component>
      <object_component id="oc-1a7">
         <name>.debug_info</name>
         <load_address>0x7473</load_address>
         <run_address>0x7473</run_address>
         <size>0x1ec</size>
         <input_file_ref idref="fl-3"/>
      </object_component>
      <object_component id="oc-cf">
         <name>.debug_info</name>
         <load_address>0x765f</load_address>
         <run_address>0x765f</run_address>
         <size>0x224</size>
         <input_file_ref idref="fl-3"/>
      </object_component>
      <object_component id="oc-10e">
         <name>.debug_info</name>
         <load_address>0x7883</load_address>
         <run_address>0x7883</run_address>
         <size>0x1c1</size>
         <input_file_ref idref="fl-3"/>
      </object_component>
      <object_component id="oc-138">
         <name>.debug_info</name>
         <load_address>0x7a44</load_address>
         <run_address>0x7a44</run_address>
         <size>0x178</size>
         <input_file_ref idref="fl-3"/>
      </object_component>
      <object_component id="oc-114">
         <name>.debug_info</name>
         <load_address>0x7bbc</load_address>
         <run_address>0x7bbc</run_address>
         <size>0x192</size>
         <input_file_ref idref="fl-3"/>
      </object_component>
      <object_component id="oc-c3">
         <name>.debug_info</name>
         <load_address>0x7d4e</load_address>
         <run_address>0x7d4e</run_address>
         <size>0x15f</size>
         <input_file_ref idref="fl-3"/>
      </object_component>
      <object_component id="oc-12c">
         <name>.debug_info</name>
         <load_address>0x7ead</load_address>
         <run_address>0x7ead</run_address>
         <size>0x15a</size>
         <input_file_ref idref="fl-3"/>
      </object_component>
      <object_component id="oc-108">
         <name>.debug_info</name>
         <load_address>0x8007</load_address>
         <run_address>0x8007</run_address>
         <size>0x154</size>
         <input_file_ref idref="fl-3"/>
      </object_component>
      <object_component id="oc-a3">
         <name>.debug_info</name>
         <load_address>0x815b</load_address>
         <run_address>0x815b</run_address>
         <size>0x204</size>
         <input_file_ref idref="fl-3"/>
      </object_component>
      <object_component id="oc-77">
         <name>.debug_info</name>
         <load_address>0x835f</load_address>
         <run_address>0x835f</run_address>
         <size>0x186</size>
         <input_file_ref idref="fl-3"/>
      </object_component>
      <object_component id="oc-299">
         <name>.debug_info</name>
         <load_address>0x84e5</load_address>
         <run_address>0x84e5</run_address>
         <size>0x1ea6</size>
         <input_file_ref idref="fl-3"/>
      </object_component>
      <object_component id="oc-13e">
         <name>.debug_info</name>
         <load_address>0xa38b</load_address>
         <run_address>0xa38b</run_address>
         <size>0x8b</size>
         <input_file_ref idref="fl-3"/>
      </object_component>
      <object_component id="oc-f8">
         <name>.debug_info</name>
         <load_address>0xa416</load_address>
         <run_address>0xa416</run_address>
         <size>0x2c</size>
         <input_file_ref idref="fl-3"/>
      </object_component>
      <object_component id="oc-b5">
         <name>.debug_info</name>
         <load_address>0xa442</load_address>
         <run_address>0xa442</run_address>
         <size>0x165</size>
         <input_file_ref idref="fl-4"/>
      </object_component>
      <object_component id="oc-1f3">
         <name>.debug_info</name>
         <load_address>0xa5a7</load_address>
         <run_address>0xa5a7</run_address>
         <size>0x578</size>
         <input_file_ref idref="fl-5"/>
      </object_component>
      <object_component id="oc-22c">
         <name>.debug_info</name>
         <load_address>0xab1f</load_address>
         <run_address>0xab1f</run_address>
         <size>0x1ff</size>
         <input_file_ref idref="fl-5"/>
      </object_component>
      <object_component id="oc-11c">
         <name>.debug_info</name>
         <load_address>0xad1e</load_address>
         <run_address>0xad1e</run_address>
         <size>0x151</size>
         <input_file_ref idref="fl-5"/>
      </object_component>
      <object_component id="oc-1ee">
         <name>.debug_info</name>
         <load_address>0xae6f</load_address>
         <run_address>0xae6f</run_address>
         <size>0x16b</size>
         <input_file_ref idref="fl-5"/>
      </object_component>
      <object_component id="oc-e5">
         <name>.debug_info</name>
         <load_address>0xafda</load_address>
         <run_address>0xafda</run_address>
         <size>0x1b5</size>
         <input_file_ref idref="fl-5"/>
      </object_component>
      <object_component id="oc-290">
         <name>.debug_info</name>
         <load_address>0xb18f</load_address>
         <run_address>0xb18f</run_address>
         <size>0x1a6</size>
         <input_file_ref idref="fl-5"/>
      </object_component>
      <object_component id="oc-198">
         <name>.debug_info</name>
         <load_address>0xb335</load_address>
         <run_address>0xb335</run_address>
         <size>0x1c5</size>
         <input_file_ref idref="fl-5"/>
      </object_component>
      <object_component id="oc-7e">
         <name>.debug_info</name>
         <load_address>0xb4fa</load_address>
         <run_address>0xb4fa</run_address>
         <size>0x305</size>
         <input_file_ref idref="fl-6"/>
      </object_component>
      <object_component id="oc-24">
         <name>.debug_info</name>
         <load_address>0xb7ff</load_address>
         <run_address>0xb7ff</run_address>
         <size>0x131</size>
         <input_file_ref idref="fl-6"/>
      </object_component>
      <object_component id="oc-65">
         <name>.debug_info</name>
         <load_address>0xb930</load_address>
         <run_address>0xb930</run_address>
         <size>0x194</size>
         <input_file_ref idref="fl-6"/>
      </object_component>
      <object_component id="oc-6b">
         <name>.debug_info</name>
         <load_address>0xbac4</load_address>
         <run_address>0xbac4</run_address>
         <size>0x17c</size>
         <input_file_ref idref="fl-6"/>
      </object_component>
      <object_component id="oc-34b">
         <name>.debug_info</name>
         <load_address>0xbc40</load_address>
         <run_address>0xbc40</run_address>
         <size>0x598</size>
         <input_file_ref idref="fl-13"/>
      </object_component>
      <object_component id="oc-32a">
         <name>.debug_info</name>
         <load_address>0xc1d8</load_address>
         <run_address>0xc1d8</run_address>
         <size>0x14d</size>
         <input_file_ref idref="fl-13"/>
      </object_component>
      <object_component id="oc-32d">
         <name>.debug_info</name>
         <load_address>0xc325</load_address>
         <run_address>0xc325</run_address>
         <size>0x14e</size>
         <input_file_ref idref="fl-13"/>
      </object_component>
      <object_component id="oc-2ac">
         <name>.debug_info</name>
         <load_address>0xc473</load_address>
         <run_address>0xc473</run_address>
         <size>0x2fc</size>
         <input_file_ref idref="fl-13"/>
      </object_component>
      <object_component id="oc-35f">
         <name>.debug_info</name>
         <load_address>0xc76f</load_address>
         <run_address>0xc76f</run_address>
         <size>0x3d0</size>
         <input_file_ref idref="fl-14"/>
      </object_component>
      <object_component id="oc-2b0">
         <name>.debug_info</name>
         <load_address>0xcb3f</load_address>
         <run_address>0xcb3f</run_address>
         <size>0x2d8</size>
         <input_file_ref idref="fl-14"/>
      </object_component>
      <object_component id="oc-35a">
         <name>.debug_info</name>
         <load_address>0xce17</load_address>
         <run_address>0xce17</run_address>
         <size>0x37b</size>
         <input_file_ref idref="fl-14"/>
      </object_component>
      <object_component id="oc-34e">
         <name>.debug_info</name>
         <load_address>0xd192</load_address>
         <run_address>0xd192</run_address>
         <size>0x373</size>
         <input_file_ref idref="fl-14"/>
      </object_component>
      <object_component id="oc-396">
         <name>.debug_info</name>
         <load_address>0xd505</load_address>
         <run_address>0xd505</run_address>
         <size>0x11ed</size>
         <input_file_ref idref="fl-15"/>
      </object_component>
      <object_component id="oc-348">
         <name>.debug_info</name>
         <load_address>0xe6f2</load_address>
         <run_address>0xe6f2</run_address>
         <size>0x158</size>
         <input_file_ref idref="fl-15"/>
      </object_component>
      <object_component id="oc-345">
         <name>.debug_info</name>
         <load_address>0xe84a</load_address>
         <run_address>0xe84a</run_address>
         <size>0x158</size>
         <input_file_ref idref="fl-15"/>
      </object_component>
      <object_component id="oc-342">
         <name>.debug_info</name>
         <load_address>0xe9a2</load_address>
         <run_address>0xe9a2</run_address>
         <size>0x158</size>
         <input_file_ref idref="fl-15"/>
      </object_component>
      <object_component id="oc-33f">
         <name>.debug_info</name>
         <load_address>0xeafa</load_address>
         <run_address>0xeafa</run_address>
         <size>0x15a</size>
         <input_file_ref idref="fl-15"/>
      </object_component>
      <object_component id="oc-33c">
         <name>.debug_info</name>
         <load_address>0xec54</load_address>
         <run_address>0xec54</run_address>
         <size>0x15a</size>
         <input_file_ref idref="fl-15"/>
      </object_component>
      <object_component id="oc-339">
         <name>.debug_info</name>
         <load_address>0xedae</load_address>
         <run_address>0xedae</run_address>
         <size>0x15a</size>
         <input_file_ref idref="fl-15"/>
      </object_component>
      <object_component id="oc-336">
         <name>.debug_info</name>
         <load_address>0xef08</load_address>
         <run_address>0xef08</run_address>
         <size>0x15c</size>
         <input_file_ref idref="fl-15"/>
      </object_component>
      <object_component id="oc-333">
         <name>.debug_info</name>
         <load_address>0xf064</load_address>
         <run_address>0xf064</run_address>
         <size>0x15c</size>
         <input_file_ref idref="fl-15"/>
      </object_component>
      <object_component id="oc-330">
         <name>.debug_info</name>
         <load_address>0xf1c0</load_address>
         <run_address>0xf1c0</run_address>
         <size>0x15c</size>
         <input_file_ref idref="fl-15"/>
      </object_component>
      <object_component id="oc-3f8">
         <name>.debug_info</name>
         <load_address>0xf31c</load_address>
         <run_address>0xf31c</run_address>
         <size>0x47d</size>
         <input_file_ref idref="fl-16"/>
      </object_component>
      <object_component id="oc-354">
         <name>.debug_info</name>
         <load_address>0xf799</load_address>
         <run_address>0xf799</run_address>
         <size>0x34f</size>
         <input_file_ref idref="fl-16"/>
      </object_component>
      <object_component id="oc-3ee">
         <name>.debug_info</name>
         <load_address>0xfae8</load_address>
         <run_address>0xfae8</run_address>
         <size>0x395</size>
         <input_file_ref idref="fl-16"/>
      </object_component>
      <object_component id="oc-3e2">
         <name>.debug_info</name>
         <load_address>0xfe7d</load_address>
         <run_address>0xfe7d</run_address>
         <size>0x3b6</size>
         <input_file_ref idref="fl-16"/>
      </object_component>
      <object_component id="oc-42a">
         <name>.debug_info</name>
         <load_address>0x10233</load_address>
         <run_address>0x10233</run_address>
         <size>0x3e4</size>
         <input_file_ref idref="fl-17"/>
      </object_component>
      <object_component id="oc-3e8">
         <name>.debug_info</name>
         <load_address>0x10617</load_address>
         <run_address>0x10617</run_address>
         <size>0x474</size>
         <input_file_ref idref="fl-17"/>
      </object_component>
      <object_component id="oc-3dc">
         <name>.debug_info</name>
         <load_address>0x10a8b</load_address>
         <run_address>0x10a8b</run_address>
         <size>0x486</size>
         <input_file_ref idref="fl-17"/>
      </object_component>
      <object_component id="oc-3f3">
         <name>.debug_info</name>
         <load_address>0x10f11</load_address>
         <run_address>0x10f11</run_address>
         <size>0x1b1</size>
         <input_file_ref idref="fl-19"/>
      </object_component>
      <object_component id="oc-404">
         <name>.debug_info</name>
         <load_address>0x110c2</load_address>
         <run_address>0x110c2</run_address>
         <size>0x677</size>
         <input_file_ref idref="fl-1a"/>
      </object_component>
      <object_component id="oc-3d0">
         <name>.debug_info</name>
         <load_address>0x11739</load_address>
         <run_address>0x11739</run_address>
         <size>0x154</size>
         <input_file_ref idref="fl-1a"/>
      </object_component>
      <object_component id="oc-3c8">
         <name>.debug_info</name>
         <load_address>0x1188d</load_address>
         <run_address>0x1188d</run_address>
         <size>0x154</size>
         <input_file_ref idref="fl-1a"/>
      </object_component>
      <object_component id="oc-3c0">
         <name>.debug_info</name>
         <load_address>0x119e1</load_address>
         <run_address>0x119e1</run_address>
         <size>0x154</size>
         <input_file_ref idref="fl-1a"/>
      </object_component>
      <object_component id="oc-3b8">
         <name>.debug_info</name>
         <load_address>0x11b35</load_address>
         <run_address>0x11b35</run_address>
         <size>0x156</size>
         <input_file_ref idref="fl-1a"/>
      </object_component>
      <object_component id="oc-3b0">
         <name>.debug_info</name>
         <load_address>0x11c8b</load_address>
         <run_address>0x11c8b</run_address>
         <size>0x156</size>
         <input_file_ref idref="fl-1a"/>
      </object_component>
      <object_component id="oc-3a8">
         <name>.debug_info</name>
         <load_address>0x11de1</load_address>
         <run_address>0x11de1</run_address>
         <size>0x156</size>
         <input_file_ref idref="fl-1a"/>
      </object_component>
      <object_component id="oc-3a0">
         <name>.debug_info</name>
         <load_address>0x11f37</load_address>
         <run_address>0x11f37</run_address>
         <size>0x158</size>
         <input_file_ref idref="fl-1a"/>
      </object_component>
      <object_component id="oc-398">
         <name>.debug_info</name>
         <load_address>0x1208f</load_address>
         <run_address>0x1208f</run_address>
         <size>0x158</size>
         <input_file_ref idref="fl-1a"/>
      </object_component>
      <object_component id="oc-38f">
         <name>.debug_info</name>
         <load_address>0x121e7</load_address>
         <run_address>0x121e7</run_address>
         <size>0x158</size>
         <input_file_ref idref="fl-1a"/>
      </object_component>
      <object_component id="oc-3d3">
         <name>.debug_info</name>
         <load_address>0x1233f</load_address>
         <run_address>0x1233f</run_address>
         <size>0x168</size>
         <input_file_ref idref="fl-1a"/>
      </object_component>
      <object_component id="oc-3cb">
         <name>.debug_info</name>
         <load_address>0x124a7</load_address>
         <run_address>0x124a7</run_address>
         <size>0x168</size>
         <input_file_ref idref="fl-1a"/>
      </object_component>
      <object_component id="oc-3c3">
         <name>.debug_info</name>
         <load_address>0x1260f</load_address>
         <run_address>0x1260f</run_address>
         <size>0x168</size>
         <input_file_ref idref="fl-1a"/>
      </object_component>
      <object_component id="oc-3bb">
         <name>.debug_info</name>
         <load_address>0x12777</load_address>
         <run_address>0x12777</run_address>
         <size>0x16a</size>
         <input_file_ref idref="fl-1a"/>
      </object_component>
      <object_component id="oc-3b3">
         <name>.debug_info</name>
         <load_address>0x128e1</load_address>
         <run_address>0x128e1</run_address>
         <size>0x16a</size>
         <input_file_ref idref="fl-1a"/>
      </object_component>
      <object_component id="oc-3ab">
         <name>.debug_info</name>
         <load_address>0x12a4b</load_address>
         <run_address>0x12a4b</run_address>
         <size>0x16a</size>
         <input_file_ref idref="fl-1a"/>
      </object_component>
      <object_component id="oc-3a3">
         <name>.debug_info</name>
         <load_address>0x12bb5</load_address>
         <run_address>0x12bb5</run_address>
         <size>0x16c</size>
         <input_file_ref idref="fl-1a"/>
      </object_component>
      <object_component id="oc-39b">
         <name>.debug_info</name>
         <load_address>0x12d21</load_address>
         <run_address>0x12d21</run_address>
         <size>0x16c</size>
         <input_file_ref idref="fl-1a"/>
      </object_component>
      <object_component id="oc-392">
         <name>.debug_info</name>
         <load_address>0x12e8d</load_address>
         <run_address>0x12e8d</run_address>
         <size>0x16c</size>
         <input_file_ref idref="fl-1a"/>
      </object_component>
      <object_component id="oc-2f6">
         <name>.debug_info</name>
         <load_address>0x12ff9</load_address>
         <run_address>0x12ff9</run_address>
         <size>0x702</size>
         <input_file_ref idref="fl-1c"/>
      </object_component>
      <object_component id="oc-289">
         <name>.debug_info</name>
         <load_address>0x136fb</load_address>
         <run_address>0x136fb</run_address>
         <size>0x120</size>
         <input_file_ref idref="fl-1c"/>
      </object_component>
      <object_component id="oc-283">
         <name>.debug_info</name>
         <load_address>0x1381b</load_address>
         <run_address>0x1381b</run_address>
         <size>0x1d5</size>
         <input_file_ref idref="fl-1c"/>
      </object_component>
      <object_component id="oc-2ec">
         <name>.debug_info</name>
         <load_address>0x139f0</load_address>
         <run_address>0x139f0</run_address>
         <size>0x1b4</size>
         <input_file_ref idref="fl-1c"/>
      </object_component>
      <object_component id="oc-1fe">
         <name>.debug_info</name>
         <load_address>0x13ba4</load_address>
         <run_address>0x13ba4</run_address>
         <size>0x1a9</size>
         <input_file_ref idref="fl-1c"/>
      </object_component>
      <object_component id="oc-216">
         <name>.debug_info</name>
         <load_address>0x13d4d</load_address>
         <run_address>0x13d4d</run_address>
         <size>0x22f</size>
         <input_file_ref idref="fl-1c"/>
      </object_component>
      <object_component id="oc-204">
         <name>.debug_info</name>
         <load_address>0x13f7c</load_address>
         <run_address>0x13f7c</run_address>
         <size>0x2f6</size>
         <input_file_ref idref="fl-1c"/>
      </object_component>
      <object_component id="oc-20a">
         <name>.debug_info</name>
         <load_address>0x14272</load_address>
         <run_address>0x14272</run_address>
         <size>0x1e6</size>
         <input_file_ref idref="fl-1c"/>
      </object_component>
      <object_component id="oc-210">
         <name>.debug_info</name>
         <load_address>0x14458</load_address>
         <run_address>0x14458</run_address>
         <size>0x297</size>
         <input_file_ref idref="fl-1c"/>
      </object_component>
      <object_component id="oc-256">
         <name>.debug_info</name>
         <load_address>0x146ef</load_address>
         <run_address>0x146ef</run_address>
         <size>0x1d5</size>
         <input_file_ref idref="fl-1c"/>
      </object_component>
      <object_component id="oc-25c">
         <name>.debug_info</name>
         <load_address>0x148c4</load_address>
         <run_address>0x148c4</run_address>
         <size>0x1c6</size>
         <input_file_ref idref="fl-1c"/>
      </object_component>
      <object_component id="oc-21d">
         <name>.debug_info</name>
         <load_address>0x14a8a</load_address>
         <run_address>0x14a8a</run_address>
         <size>0x357</size>
         <input_file_ref idref="fl-1c"/>
      </object_component>
      <object_component id="oc-185">
         <name>.debug_info</name>
         <load_address>0x14de1</load_address>
         <run_address>0x14de1</run_address>
         <size>0x20b</size>
         <input_file_ref idref="fl-1c"/>
      </object_component>
      <object_component id="oc-374">
         <name>.debug_info</name>
         <load_address>0x14fec</load_address>
         <run_address>0x14fec</run_address>
         <size>0x431a</size>
         <input_file_ref idref="fl-1c"/>
      </object_component>
      <object_component id="oc-2fb">
         <name>.debug_info</name>
         <load_address>0x19306</load_address>
         <run_address>0x19306</run_address>
         <size>0x6fd</size>
         <input_file_ref idref="fl-1d"/>
      </object_component>
      <object_component id="oc-231">
         <name>.debug_info</name>
         <load_address>0x19a03</load_address>
         <run_address>0x19a03</run_address>
         <size>0x131</size>
         <input_file_ref idref="fl-1d"/>
      </object_component>
      <object_component id="oc-120">
         <name>.debug_info</name>
         <load_address>0x19b34</load_address>
         <run_address>0x19b34</run_address>
         <size>0x24e</size>
         <input_file_ref idref="fl-1d"/>
      </object_component>
      <object_component id="oc-223">
         <name>.debug_info</name>
         <load_address>0x19d82</load_address>
         <run_address>0x19d82</run_address>
         <size>0x29f</size>
         <input_file_ref idref="fl-1d"/>
      </object_component>
      <object_component id="oc-1d8">
         <name>.debug_info</name>
         <load_address>0x1a021</load_address>
         <run_address>0x1a021</run_address>
         <size>0x256</size>
         <input_file_ref idref="fl-1d"/>
      </object_component>
      <object_component id="oc-1de">
         <name>.debug_info</name>
         <load_address>0x1a277</load_address>
         <run_address>0x1a277</run_address>
         <size>0x254</size>
         <input_file_ref idref="fl-1d"/>
      </object_component>
      <object_component id="oc-23d">
         <name>.debug_info</name>
         <load_address>0x1a4cb</load_address>
         <run_address>0x1a4cb</run_address>
         <size>0x26b</size>
         <input_file_ref idref="fl-1f"/>
      </object_component>
      <object_component id="oc-24c">
         <name>.debug_info</name>
         <load_address>0x1a736</load_address>
         <run_address>0x1a736</run_address>
         <size>0x1f9</size>
         <input_file_ref idref="fl-1f"/>
      </object_component>
      <object_component id="oc-252">
         <name>.debug_info</name>
         <load_address>0x1a92f</load_address>
         <run_address>0x1a92f</run_address>
         <size>0x205</size>
         <input_file_ref idref="fl-1f"/>
      </object_component>
      <object_component id="oc-c0">
         <name>.debug_info</name>
         <load_address>0x1ab34</load_address>
         <run_address>0x1ab34</run_address>
         <size>0x1e6</size>
         <input_file_ref idref="fl-1f"/>
      </object_component>
      <object_component id="oc-103">
         <name>.debug_info</name>
         <load_address>0x1ad1a</load_address>
         <run_address>0x1ad1a</run_address>
         <size>0x1c5</size>
         <input_file_ref idref="fl-20"/>
      </object_component>
      <object_component id="oc-2dc">
         <name>.debug_info</name>
         <load_address>0x1aedf</load_address>
         <run_address>0x1aedf</run_address>
         <size>0x2ca</size>
         <input_file_ref idref="fl-d8"/>
      </object_component>
      <object_component id="oc-1b9">
         <name>.debug_info</name>
         <load_address>0x1b1a9</load_address>
         <run_address>0x1b1a9</run_address>
         <size>0x24d</size>
         <input_file_ref idref="fl-d8"/>
      </object_component>
      <object_component id="oc-36a">
         <name>.debug_info</name>
         <load_address>0x1b3f6</load_address>
         <run_address>0x1b3f6</run_address>
         <size>0x46</size>
         <input_file_ref idref="fl-d8"/>
      </object_component>
      <object_component id="oc-2d7">
         <name>.debug_info</name>
         <load_address>0x1b43c</load_address>
         <run_address>0x1b43c</run_address>
         <size>0x39</size>
         <input_file_ref idref="fl-d8"/>
      </object_component>
      <object_component id="oc-361">
         <name>.debug_info</name>
         <load_address>0x1b475</load_address>
         <run_address>0x1b475</run_address>
         <size>0x2cb</size>
         <input_file_ref idref="fl-d9"/>
      </object_component>
      <object_component id="oc-2b5">
         <name>.debug_info</name>
         <load_address>0x1b740</load_address>
         <run_address>0x1b740</run_address>
         <size>0x171</size>
         <input_file_ref idref="fl-d9"/>
      </object_component>
      <object_component id="oc-241">
         <name>.debug_info</name>
         <load_address>0x1b8b1</load_address>
         <run_address>0x1b8b1</run_address>
         <size>0x171</size>
         <input_file_ref idref="fl-da"/>
      </object_component>
      <object_component id="oc-2ce">
         <name>.debug_info</name>
         <load_address>0x1ba22</load_address>
         <run_address>0x1ba22</run_address>
         <size>0x14f</size>
         <input_file_ref idref="fl-db"/>
      </object_component>
      <object_component id="oc-1d3">
         <name>.debug_info</name>
         <load_address>0x1bb71</load_address>
         <run_address>0x1bb71</run_address>
         <size>0x12d</size>
         <input_file_ref idref="fl-dc"/>
      </object_component>
      <object_component id="oc-1ce">
         <name>.debug_info</name>
         <load_address>0x1bc9e</load_address>
         <run_address>0x1bc9e</run_address>
         <size>0x13d</size>
         <input_file_ref idref="fl-dd"/>
      </object_component>
      <object_component id="oc-1bf">
         <name>.debug_info</name>
         <load_address>0x1bddb</load_address>
         <run_address>0x1bddb</run_address>
         <size>0x131</size>
         <input_file_ref idref="fl-de"/>
      </object_component>
      <object_component id="oc-1ca">
         <name>.debug_info</name>
         <load_address>0x1bf0c</load_address>
         <run_address>0x1bf0c</run_address>
         <size>0x12f</size>
         <input_file_ref idref="fl-df"/>
      </object_component>
      <object_component id="oc-1b4">
         <name>.debug_info</name>
         <load_address>0x1c03b</load_address>
         <run_address>0x1c03b</run_address>
         <size>0x12a</size>
         <input_file_ref idref="fl-e0"/>
      </object_component>
      <object_component id="oc-1c5">
         <name>.debug_info</name>
         <load_address>0x1c165</load_address>
         <run_address>0x1c165</run_address>
         <size>0x131</size>
         <input_file_ref idref="fl-e1"/>
      </object_component>
      <object_component id="oc-1b1">
         <name>.debug_info</name>
         <load_address>0x1c296</load_address>
         <run_address>0x1c296</run_address>
         <size>0x142</size>
         <input_file_ref idref="fl-e2"/>
      </object_component>
      <object_component id="oc-2c7">
         <name>.debug_info</name>
         <load_address>0x1c3d8</load_address>
         <run_address>0x1c3d8</run_address>
         <size>0x137</size>
         <input_file_ref idref="fl-e3"/>
      </object_component>
      <object_component id="oc-95">
         <name>.debug_info</name>
         <load_address>0x1c50f</load_address>
         <run_address>0x1c50f</run_address>
         <size>0x31e</size>
         <input_file_ref idref="fl-e4"/>
      </object_component>
      <object_component id="oc-47">
         <name>.debug_info</name>
         <load_address>0x1c82d</load_address>
         <run_address>0x1c82d</run_address>
         <size>0x1b5</size>
         <input_file_ref idref="fl-e4"/>
      </object_component>
      <object_component id="oc-90">
         <name>.debug_info</name>
[...]
         <value>0x11fac</value>
         <object_component_ref idref="oc-344"/>
      </symbol>
      <symbol id="sm-29f">
         <name>arm_cfft_sR_q15_len1024</name>
         <value>0x11f5c</value>
         <object_component_ref idref="oc-335"/>
      </symbol>
      <symbol id="sm-2a0">
         <name>arm_cfft_sR_q15_len2048</name>
         <value>0x11f8c</value>
         <object_component_ref idref="oc-332"/>
      </symbol>
      <symbol id="sm-2d3">
         <name>arm_cfft_q15</name>
         <value>0x137a7</value>
         <object_component_ref idref="oc-352"/>
      </symbol>
      <symbol id="sm-2d4">
         <name>arm_cfft_radix4by2_q15</name>
         <value>0x13005</value>
         <object_component_ref idref="oc-3ec"/>
      </symbol>
      <symbol id="sm-2d5">
         <name>arm_cfft_radix4by2_inverse_q15</name>
         <value>0x12e79</value>
         <object_component_ref idref="oc-3e0"/>
      </symbol>
      <symbol id="sm-302">
         <name>arm_radix4_butterfly_inverse_q15</name>
         <value>0x11fed</value>
         <object_component_ref idref="oc-3da"/>
      </symbol>
      <symbol id="sm-303">
         <name>arm_radix4_butterfly_q15</name>
         <value>0x12495</value>
         <object_component_ref idref="oc-3e6"/>
      </symbol>
      <symbol id="sm-30f">
         <name>arm_bitreversal_32</name>
         <value>0x1388f</value>
         <object_component_ref idref="oc-3f2"/>
      </symbol>
      <symbol id="sm-310">
         <name>arm_bitreversal_16</name>
         <value>0x138f9</value>
         <object_component_ref idref="oc-3f2"/>
      </symbol>
      <symbol id="sm-381">
         <name>armBitRevIndexTable_fixed_256</name>
         <value>0x11864</value>
         <object_component_ref idref="oc-3b2"/>
      </symbol>
      <symbol id="sm-382">
         <name>twiddleCoef_128_q15</name>
         <value>0x11a44</value>
         <object_component_ref idref="oc-3b7"/>
      </symbol>
      <symbol id="sm-383">
         <name>twiddleCoef_16_q15</name>
         <value>0x11f14</value>
         <object_component_ref idref="oc-3cf"/>
      </symbol>
      <symbol id="sm-384">
         <name>twiddleCoef_2048_q15</name>
         <value>0xd064</value>
         <object_component_ref idref="oc-397"/>
      </symbol>
      <symbol id="sm-385">
         <name>armBitRevIndexTable_fixed_16</name>
         <value>0x11f44</value>
         <object_component_ref idref="oc-3d2"/>
      </symbol>
      <symbol id="sm-386">
         <name>armBitRevIndexTable_fixed_32</name>
         <value>0x11ee4</value>
         <object_component_ref idref="oc-3ca"/>
      </symbol>
      <symbol id="sm-387">
         <name>armBitRevIndexTable_fixed_1024</name>
         <value>0x103e4</value>
         <object_component_ref idref="oc-3a2"/>
      </symbol>
      <symbol id="sm-388">
         <name>armBitRevIndexTable_fixed_4096</name>
         <value>0xb0e4</value>
         <object_component_ref idref="oc-391"/>
      </symbol>
      <symbol id="sm-389">
         <name>twiddleCoef_64_q15</name>
         <value>0x11ca4</value>
         <object_component_ref idref="oc-3bf"/>
      </symbol>
      <symbol id="sm-38a">
         <name>armBitRevIndexTable_fixed_64</name>
         <value>0x11de4</value>
         <object_component_ref idref="oc-3c2"/>
      </symbol>
      <symbol id="sm-38b">
         <name>armBitRevIndexTable_fixed_128</name>
         <value>0x11bc4</value>
         <object_component_ref idref="oc-3ba"/>
      </symbol>
      <symbol id="sm-38c">
         <name>twiddleCoef_4096_q15</name>
         <value>0x80e4</value>
         <object_component_ref idref="oc-38e"/>
      </symbol>
      <symbol id="sm-38d">
         <name>armBitRevIndexTable_fixed_512</name>
         <value>0x111a4</value>
         <object_component_ref idref="oc-3aa"/>
      </symbol>
      <symbol id="sm-38e">
         <name>twiddleCoef_32_q15</name>
         <value>0x11e54</value>
         <object_component_ref idref="oc-3c7"/>
      </symbol>
      <symbol id="sm-38f">
         <name>twiddleCoef_256_q15</name>
         <value>0x11564</value>
         <object_component_ref idref="oc-3af"/>
      </symbol>
      <symbol id="sm-390">
         <name>twiddleCoef_1024_q15</name>
         <value>0xf7e4</value>
         <object_component_ref idref="oc-39f"/>
      </symbol>
      <symbol id="sm-391">
         <name>armBitRevIndexTable_fixed_2048</name>
         <value>0xe864</value>
         <object_component_ref idref="oc-39a"/>
      </symbol>
      <symbol id="sm-392">
         <name>twiddleCoef_512_q15</name>
         <value>0x10ba4</value>
         <object_component_ref idref="oc-3a7"/>
      </symbol>
      <symbol id="sm-45a">
         <name>ADC14_configureSingleSampleMode</name>
         <value>0x14515</value>
         <object_component_ref idref="oc-20f"/>
      </symbol>
      <symbol id="sm-45b">
         <name>ADC14_enableSampleTimer</name>
         <value>0x14865</value>
         <object_component_ref idref="oc-215"/>
      </symbol>
      <symbol id="sm-45c">
         <name>ADC14_enableConversion</name>
         <value>0x14989</value>
         <object_component_ref idref="oc-255"/>
      </symbol>
      <symbol id="sm-45d">
         <name>ADC14_setResolution</name>
         <value>0x14a99</value>
         <object_component_ref idref="oc-209"/>
      </symbol>
      <symbol id="sm-45e">
         <name>ADC14_toggleConversionTrigger</name>
         <value>0x1495d</value>
         <object_component_ref idref="oc-25b"/>
      </symbol>
      <symbol id="sm-45f">
         <name>ADC14_initModule</name>
         <value>0x1456d</value>
         <object_component_ref idref="oc-203"/>
      </symbol>
      <symbol id="sm-460">
         <name>ADC14_configureConversionMemory</name>
         <value>0x13ab9</value>
         <object_component_ref idref="oc-21c"/>
      </symbol>
      <symbol id="sm-461">
         <name>ADC14_enableModule</name>
         <value>0x14b8d</value>
         <object_component_ref idref="oc-1fd"/>
      </symbol>
      <symbol id="sm-462">
         <name>ADC14_getResult</name>
         <value>0x14af9</value>
         <object_component_ref idref="oc-183"/>
      </symbol>
      <symbol id="sm-49b">
         <name>GPIO_setOutputHighOnPin</name>
         <value>0x149b1</value>
         <object_component_ref idref="oc-1d7"/>
      </symbol>
      <symbol id="sm-49c">
         <name>GPIO_setAsOutputPin</name>
         <value>0x14735</value>
         <object_component_ref idref="oc-11f"/>
      </symbol>
      <symbol id="sm-49d">
         <name>GPIO_setOutputLowOnPin</name>
         <value>0x149d9</value>
         <object_component_ref idref="oc-1dd"/>
      </symbol>
      <symbol id="sm-49e">
         <name>GPIO_setAsPeripheralModuleFunctionInputPin</name>
         <value>0x13f99</value>
         <object_component_ref idref="oc-222"/>
      </symbol>
      <symbol id="sm-4d0">
         <name>Timer32_startTimer</name>
         <value>0x147f5</value>
         <object_component_ref idref="oc-24e"/>
      </symbol>
      <symbol id="sm-4d1">
         <name>Timer32_setCount</name>
         <value>0x14899</value>
         <object_component_ref idref="oc-248"/>
      </symbol>
      <symbol id="sm-4d2">
         <name>Timer32_initModule</name>
         <value>0x143e1</value>
         <object_component_ref idref="oc-239"/>
      </symbol>
      <symbol id="sm-4d3">
         <name>Timer32_clearInterruptFlag</name>
         <value>0x14b45</value>
         <object_component_ref idref="oc-bc"/>
      </symbol>
      <symbol id="sm-4df">
         <name>WDT_A_holdTimer</name>
         <value>0x14a75</value>
         <object_component_ref idref="oc-101"/>
      </symbol>
      <symbol id="sm-50d">
         <name>sqrtl</name>
         <value>0x132f1</value>
         <object_component_ref idref="oc-1b8"/>
      </symbol>
      <symbol id="sm-50e">
         <name>sqrt</name>
         <value>0x132f1</value>
         <object_component_ref idref="oc-1b8"/>
      </symbol>
      <symbol id="sm-51e">
         <name>sqrtf</name>
         <value>0x14a29</value>
         <object_component_ref idref="oc-2b4"/>
      </symbol>
      <symbol id="sm-532">
         <name>cosf</name>
         <value>0x13951</value>
         <object_component_ref idref="oc-240"/>
      </symbol>
      <symbol id="sm-549">
         <name>__aeabi_dsub</name>
         <value>0x12b19</value>
         <object_component_ref idref="oc-2cb"/>
      </symbol>
      <symbol id="sm-54a">
         <name>__aeabi_dadd</name>
         <value>0x12b23</value>
         <object_component_ref idref="oc-2cb"/>
      </symbol>
      <symbol id="sm-55c">
         <name>__aeabi_cdrcmple</name>
         <value>0x14021</value>
         <object_component_ref idref="oc-1d2"/>
      </symbol>
      <symbol id="sm-567">
         <name>__aeabi_dmul</name>
         <value>0x136ab</value>
         <object_component_ref idref="oc-1cd"/>
      </symbol>
      <symbol id="sm-571">
         <name>__aeabi_d2iz</name>
         <value>0x14663</value>
         <object_component_ref idref="oc-1be"/>
      </symbol>
      <symbol id="sm-57b">
         <name>__aeabi_i2d</name>
         <value>0x1492d</value>
         <object_component_ref idref="oc-1c8"/>
      </symbol>
      <symbol id="sm-585">
         <name>__aeabi_l2d</name>
         <value>0x14775</value>
         <object_component_ref idref="oc-1b3"/>
      </symbol>
      <symbol id="sm-58f">
         <name>__aeabi_ui2d</name>
         <value>0x14ad9</value>
         <object_component_ref idref="oc-1c3"/>
      </symbol>
      <symbol id="sm-59d">
         <name>__aeabi_ldivmod</name>
         <value>0x1429d</value>
         <object_component_ref idref="oc-1ae"/>
      </symbol>
      <symbol id="sm-5aa">
         <name>__aeabi_uldivmod</name>
         <value>0x13dd9</value>
         <object_component_ref idref="oc-2c4"/>
      </symbol>
      <symbol id="sm-5bc">
         <name>__TI_zero_init</name>
         <value>0x14ba5</value>
         <object_component_ref idref="oc-46"/>
      </symbol>
      <symbol id="sm-5d3">
         <name>__TI_decompress_none</name>
         <value>0x14b7d</value>
         <object_component_ref idref="oc-1a"/>
      </symbol>
      <symbol id="sm-5f6">
         <name>__TI_decompress_lzss</name>
         <value>0x14449</value>
         <object_component_ref idref="oc-14"/>
      </symbol>
      <symbol id="sm-60c">
         <name>__aeabi_errno_addr</name>
         <value>0x14bc9</value>
         <object_component_ref idref="oc-2d0"/>
      </symbol>
      <symbol id="sm-60d">
         <name>errno</name>
         <value>0x20004a6c</value>
         <object_component_ref idref="oc-365"/>
      </symbol>
      <symbol id="sm-620">
         <name>__stack</name>
         <value>0x2000fe00</value>
         <object_component_ref idref="oc-26"/>
      </symbol>
      <symbol id="sm-621">
         <name>_c_int00_noargs</name>
         <value>0x1482d</value>
         <object_component_ref idref="oc-52"/>
      </symbol>
      <symbol id="sm-62c">
         <name>C$$EXIT</name>
         <value>0x14bd5</value>
         <object_component_ref idref="oc-143"/>
      </symbol>
      <symbol id="sm-62d">
         <name>abort</name>
         <value>0x14bd5</value>
         <object_component_ref idref="oc-143"/>
      </symbol>
      <symbol id="sm-63d">
         <name>strlen</name>
         <value>0x14b59</value>
         <object_component_ref idref="oc-19c"/>
      </symbol>
      <symbol id="sm-647">
         <name>__aeabi_idiv0</name>
         <value>0x1293b</value>
         <object_component_ref idref="oc-2bf"/>
      </symbol>
      <symbol id="sm-648">
         <name>__aeabi_ldiv0</name>
         <value>0x1293b</value>
         <object_component_ref idref="oc-2bf"/>
      </symbol>
      <symbol id="sm-657">
         <name>__aeabi_memset</name>
         <value>0x141ab</value>
         <object_component_ref idref="oc-96"/>
      </symbol>
      <symbol id="sm-658">
         <name>memset</name>
         <value>0x141b1</value>
         <object_component_ref idref="oc-96"/>
      </symbol>
      <symbol id="sm-659">
         <name>__aeabi_memset8</name>
         <value>0x141ab</value>
         <object_component_ref idref="oc-96"/>
      </symbol>
      <symbol id="sm-65a">
         <name>__aeabi_memset4</name>
         <value>0x141ab</value>
         <object_component_ref idref="oc-96"/>
      </symbol>
      <symbol id="sm-65b">
         <name>__aeabi_memclr8</name>
         <value>0x141a9</value>
         <object_component_ref idref="oc-96"/>
      </symbol>
      <symbol id="sm-65c">
         <name>__aeabi_memclr4</name>
         <value>0x141a9</value>
         <object_component_ref idref="oc-96"/>
      </symbol>
      <symbol id="sm-65d">
         <name>__aeabi_memclr</name>
         <value>0x141a9</value>
         <object_component_ref idref="oc-96"/>
      </symbol>
      <symbol id="sm-678">
         <name>memcpy</name>
         <value>0x13d3d</value>
         <object_component_ref idref="oc-34"/>
      </symbol>
      <symbol id="sm-679">
         <name>__aeabi_memcpy</name>
         <value>0x13d3d</value>
         <object_component_ref idref="oc-34"/>
      </symbol>
      <symbol id="sm-67a">
         <name>__aeabi_memcpy8</name>
         <value>0x13d3d</value>
         <object_component_ref idref="oc-34"/>
      </symbol>
      <symbol id="sm-67b">
         <name>__aeabi_memcpy4</name>
         <value>0x13d3d</value>
         <object_component_ref idref="oc-34"/>
      </symbol>
      <symbol id="sm-6a3">
         <name>__TI_auto_init_nobinit_nopinit</name>
         <value>0x146f1</value>
         <object_component_ref idref="oc-14f"/>
      </symbol>
      <symbol id="sm-6ad">
         <name>_system_pre_init</name>
         <value>0x14bd1</value>
         <object_component_ref idref="oc-9c"/>
      </symbol>
      <symbol id="sm-6af">
         <name>__TI_static_base__</name>
         <value>0x0</value>
      </symbol>
      <symbol id="sm-6b2">
         <name>__mpu_init</name>
         <value>0x0</value>
      </symbol>
      <symbol id="sm-6b3">
         <name>_system_post_cinit</name>
         <value>0x0</value>
      </symbol>
      <symbol id="sm-6b4">
         <name>NMI_Handler</name>
         <value>0x12493</value>
      </symbol>
      <symbol id="sm-6b5">
         <name>HardFault_Handler</name>
         <value>0x12493</value>
      </symbol>
      <symbol id="sm-6b6">
         <name>MemManage_Handler</name>
         <value>0x12493</value>
      </symbol>
      <symbol id="sm-6b7">
         <name>BusFault_Handler</name>
         <value>0x12493</value>
      </symbol>
      <symbol id="sm-6b8">
         <name>UsageFault_Handler</name>
         <value>0x12493</value>
      </symbol>
      <symbol id="sm-6b9">
         <name>SVC_Handler</name>
         <value>0x12493</value>
      </symbol>
      <symbol id="sm-6ba">
         <name>DebugMon_Handler</name>
         <value>0x12493</value>
      </symbol>
      <symbol id="sm-6bb">
         <name>PendSV_Handler</name>
         <value>0x12493</value>
      </symbol>
      <symbol id="sm-6bc">
         <name>SysTick_Handler</name>
         <value>0x12493</value>
      </symbol>
      <symbol id="sm-6bd">
         <name>PSS_IRQHandler</name>
         <value>0x12493</value>
      </symbol>
      <symbol id="sm-6be">
         <name>CS_IRQHandler</name>
         <value>0x12493</value>
      </symbol>
      <symbol id="sm-6bf">
         <name>PCM_IRQHandler</name>
         <value>0x12493</value>
      </symbol>
      <symbol id="sm-6c0">
         <name>WDT_A_IRQHandler</name>
         <value>0x12493</value>
      </symbol>
      <symbol id="sm-6c1">
         <name>FPU_IRQHandler</name>
         <value>0x12493</value>
      </symbol>
      <symbol id="sm-6c2">
         <name>FLCTL_IRQHandler</name>
         <value>0x12493</value>
      </symbol>
      <symbol id="sm-6c3">
         <name>COMP_E0_IRQHandler</name>
         <value>0x12493</value>
      </symbol>
      <symbol id="sm-6c4">
         <name>COMP_E1_IRQHandler</name>
         <value>0x12493</value>
      </symbol>
      <symbol id="sm-6c5">
         <name>TA0_0_IRQHandler</name>
         <value>0x12493</value>
      </symbol>
      <symbol id="sm-6c6">
         <name>TA0_N_IRQHandler</name>
         <value>0x12493</value>
      </symbol>
      <symbol id="sm-6c7">
         <name>TA1_0_IRQHandler</name>
         <value>0x12493</value>
      </symbol>
      <symbol id="sm-6c8">
         <name>TA1_N_IRQHandler</name>
         <value>0x12493</value>
      </symbol>
      <symbol id="sm-6c9">
         <name>TA2_0_IRQHandler</name>
         <value>0x12493</value>
      </symbol>
      <symbol id="sm-6ca">
         <name>TA2_N_IRQHandler</name>
         <value>0x12493</value>
      </symbol>
      <symbol id="sm-6cb">
         <name>TA3_0_IRQHandler</name>
         <value>0x12493</value>
      </symbol>
      <symbol id="sm-6cc">
         <name>TA3_N_IRQHandler</name>
         <value>0x12493</value>
      </symbol>
      <symbol id="sm-6cd">
         <name>EUSCIA0_IRQHandler</name>
         <value>0x12493</value>
      </symbol>
      <symbol id="sm-6ce">
         <name>EUSCIA1_IRQHandler</name>
         <value>0x12493</value>
      </symbol>
      <symbol id="sm-6cf">
         <name>EUSCIA2_IRQHandler</name>
         <value>0x12493</value>
      </symbol>
      <symbol id="sm-6d0">
         <name>EUSCIA3_IRQHandler</name>
         <value>0x12493</value>
      </symbol>
      <symbol id="sm-6d1">
         <name>EUSCIB0_IRQHandler</name>
         <value>0x12493</value>
      </symbol>
      <symbol id="sm-6d2">
         <name>EUSCIB1_IRQHandler</name>
         <value>0x12493</value>
      </symbol>
      <symbol id="sm-6d3">
         <name>EUSCIB2_IRQHandler</name>
         <value>0x12493</value>
      </symbol>
      <symbol id="sm-6d4">
         <name>EUSCIB3_IRQHandler</name>
         <value>0x12493</value>
      </symbol>
      <symbol id="sm-6d5">
         <name>ADC14_IRQHandler</name>
         <value>0x12493</value>
      </symbol>
      <symbol id="sm-6d6">
         <name>T32_INT1_IRQHandler</name>
         <value>0x146ad</value>
      </symbol>
      <symbol id="sm-6d7">
         <name>T32_INT2_IRQHandler</name>
         <value>0x12493</value>
      </symbol>
      <symbol id="sm-6d8">
         <name>T32_INTC_IRQHandler</name>
         <value>0x12493</value>
      </symbol>
      <symbol id="sm-6d9">
         <name>AES256_IRQHandler</name>
         <value>0x12493</value>
      </symbol>
      <symbol id="sm-6da">
         <name>RTC_C_IRQHandler</name>
         <value>0x12493</value>
      </symbol>
      <symbol id="sm-6db">
         <name>DMA_ERR_IRQHandler</name>
         <value>0x12493</value>
      </symbol>
      <symbol id="sm-6dc">
         <name>DMA_INT3_IRQHandler</name>
         <value>0x12493</value>
      </symbol>
      <symbol id="sm-6dd">
         <name>DMA_INT2_IRQHandler</name>
         <value>0x12493</value>
      </symbol>
      <symbol id="sm-6de">
         <name>DMA_INT1_IRQHandler</name>
         <value>0x12493</value>
      </symbol>
      <symbol id="sm-6df">
         <name>DMA_INT0_IRQHandler</name>
         <value>0x12493</value>
      </symbol>
      <symbol id="sm-6e0">
         <name>PORT1_IRQHandler</name>
         <value>0x13f05</value>
      </symbol>
      <symbol id="sm-6e1">
         <name>PORT2_IRQHandler</name>
         <value>0x12493</value>
      </symbol>
      <symbol id="sm-6e2">
         <name>PORT3_IRQHandler</name>
         <value>0x12493</value>
      </symbol>
      <symbol id="sm-6e3">
         <name>PORT4_IRQHandler</name>
         <value>0x12493</value>
      </symbol>
      <symbol id="sm-6e4">
         <name>PORT5_IRQHandler</name>
         <value>0x12493</value>
      </symbol>
      <symbol id="sm-6e5">
         <name>PORT6_IRQHandler</name>
         <value>0x12493</value>
      </symbol>
   </symbol_table>
   <title>Link successful</title>
</link_info>
